Archive member included to satisfy reference by file (symbol)

c:/mounriver/mounriver_studio/toolchain/risc-v embedded gcc/bin/../lib/gcc/riscv-none-embed/8.2.0/rv32imacxw/ilp32\libgcc.a(save-restore.o)
                              ./User/TM1637.o (__riscv_save_4)
c:/mounriver/mounriver_studio/toolchain/risc-v embedded gcc/bin/../lib/gcc/riscv-none-embed/8.2.0/../../../../riscv-none-embed/lib/rv32imacxw/ilp32\libg_nano.a(lib_a-memset.o)
                              ./User/main.o (memset)
c:/mounriver/mounriver_studio/toolchain/risc-v embedded gcc/bin/../lib/gcc/riscv-none-embed/8.2.0/../../../../riscv-none-embed/lib/rv32imacxw/ilp32\libg_nano.a(lib_a-printf.o)
                              ./User/main.o (printf)
c:/mounriver/mounriver_studio/toolchain/risc-v embedded gcc/bin/../lib/gcc/riscv-none-embed/8.2.0/../../../../riscv-none-embed/lib/rv32imacxw/ilp32\libg_nano.a(lib_a-findfp.o)
                              c:/mounriver/mounriver_studio/toolchain/risc-v embedded gcc/bin/../lib/gcc/riscv-none-embed/8.2.0/../../../../riscv-none-embed/lib/rv32imacxw/ilp32\libg_nano.a(lib_a-printf.o) (__sinit)
c:/mounriver/mounriver_studio/toolchain/risc-v embedded gcc/bin/../lib/gcc/riscv-none-embed/8.2.0/../../../../riscv-none-embed/lib/rv32imacxw/ilp32\libg_nano.a(lib_a-fwalk.o)
                              c:/mounriver/mounriver_studio/toolchain/risc-v embedded gcc/bin/../lib/gcc/riscv-none-embed/8.2.0/../../../../riscv-none-embed/lib/rv32imacxw/ilp32\libg_nano.a(lib_a-findfp.o) (_fwalk)
c:/mounriver/mounriver_studio/toolchain/risc-v embedded gcc/bin/../lib/gcc/riscv-none-embed/8.2.0/../../../../riscv-none-embed/lib/rv32imacxw/ilp32\libg_nano.a(lib_a-impure.o)
                              c:/mounriver/mounriver_studio/toolchain/risc-v embedded gcc/bin/../lib/gcc/riscv-none-embed/8.2.0/../../../../riscv-none-embed/lib/rv32imacxw/ilp32\libg_nano.a(lib_a-findfp.o) (_global_impure_ptr)
c:/mounriver/mounriver_studio/toolchain/risc-v embedded gcc/bin/../lib/gcc/riscv-none-embed/8.2.0/../../../../riscv-none-embed/lib/rv32imacxw/ilp32\libg_nano.a(lib_a-nano-mallocr.o)
                              c:/mounriver/mounriver_studio/toolchain/risc-v embedded gcc/bin/../lib/gcc/riscv-none-embed/8.2.0/../../../../riscv-none-embed/lib/rv32imacxw/ilp32\libg_nano.a(lib_a-findfp.o) (_malloc_r)
c:/mounriver/mounriver_studio/toolchain/risc-v embedded gcc/bin/../lib/gcc/riscv-none-embed/8.2.0/../../../../riscv-none-embed/lib/rv32imacxw/ilp32\libg_nano.a(lib_a-nano-vfprintf.o)
                              c:/mounriver/mounriver_studio/toolchain/risc-v embedded gcc/bin/../lib/gcc/riscv-none-embed/8.2.0/../../../../riscv-none-embed/lib/rv32imacxw/ilp32\libg_nano.a(lib_a-printf.o) (_vfprintf_r)
c:/mounriver/mounriver_studio/toolchain/risc-v embedded gcc/bin/../lib/gcc/riscv-none-embed/8.2.0/../../../../riscv-none-embed/lib/rv32imacxw/ilp32\libg_nano.a(lib_a-nano-vfprintf_i.o)
                              c:/mounriver/mounriver_studio/toolchain/risc-v embedded gcc/bin/../lib/gcc/riscv-none-embed/8.2.0/../../../../riscv-none-embed/lib/rv32imacxw/ilp32\libg_nano.a(lib_a-nano-vfprintf.o) (_printf_i)
c:/mounriver/mounriver_studio/toolchain/risc-v embedded gcc/bin/../lib/gcc/riscv-none-embed/8.2.0/../../../../riscv-none-embed/lib/rv32imacxw/ilp32\libg_nano.a(lib_a-sbrkr.o)
                              c:/mounriver/mounriver_studio/toolchain/risc-v embedded gcc/bin/../lib/gcc/riscv-none-embed/8.2.0/../../../../riscv-none-embed/lib/rv32imacxw/ilp32\libg_nano.a(lib_a-nano-mallocr.o) (_sbrk_r)
c:/mounriver/mounriver_studio/toolchain/risc-v embedded gcc/bin/../lib/gcc/riscv-none-embed/8.2.0/../../../../riscv-none-embed/lib/rv32imacxw/ilp32\libg_nano.a(lib_a-stdio.o)
                              c:/mounriver/mounriver_studio/toolchain/risc-v embedded gcc/bin/../lib/gcc/riscv-none-embed/8.2.0/../../../../riscv-none-embed/lib/rv32imacxw/ilp32\libg_nano.a(lib_a-findfp.o) (__sread)
c:/mounriver/mounriver_studio/toolchain/risc-v embedded gcc/bin/../lib/gcc/riscv-none-embed/8.2.0/../../../../riscv-none-embed/lib/rv32imacxw/ilp32\libg_nano.a(lib_a-wbuf.o)
                              c:/mounriver/mounriver_studio/toolchain/risc-v embedded gcc/bin/../lib/gcc/riscv-none-embed/8.2.0/../../../../riscv-none-embed/lib/rv32imacxw/ilp32\libg_nano.a(lib_a-nano-vfprintf.o) (__swbuf_r)
c:/mounriver/mounriver_studio/toolchain/risc-v embedded gcc/bin/../lib/gcc/riscv-none-embed/8.2.0/../../../../riscv-none-embed/lib/rv32imacxw/ilp32\libg_nano.a(lib_a-writer.o)
                              c:/mounriver/mounriver_studio/toolchain/risc-v embedded gcc/bin/../lib/gcc/riscv-none-embed/8.2.0/../../../../riscv-none-embed/lib/rv32imacxw/ilp32\libg_nano.a(lib_a-stdio.o) (_write_r)
c:/mounriver/mounriver_studio/toolchain/risc-v embedded gcc/bin/../lib/gcc/riscv-none-embed/8.2.0/../../../../riscv-none-embed/lib/rv32imacxw/ilp32\libg_nano.a(lib_a-wsetup.o)
[...]
Memory Configuration

Name             Origin             Length             Attributes
FLASH            0x0000000000000000 0x0000000000048000 xr
RAM              0x0000000020000000 0x0000000000008000 xrw
*default*        0x0000000000000000 0xffffffffffffffff

Linker script and memory map

LOAD ./User/TM1637.o
LOAD ./User/ch32v30x_it.o
LOAD ./User/gpio.o
LOAD ./User/main.o
LOAD ./User/system_ch32v30x.o
LOAD ./Startup/startup_ch32v30x_D8C.o
LOAD ./Peripheral/src/ch32v30x_adc.o
LOAD ./Peripheral/src/ch32v30x_bkp.o
LOAD ./Peripheral/src/ch32v30x_can.o
LOAD ./Peripheral/src/ch32v30x_crc.o
LOAD ./Peripheral/src/ch32v30x_dac.o
LOAD ./Peripheral/src/ch32v30x_dbgmcu.o
LOAD ./Peripheral/src/ch32v30x_dma.o
LOAD ./Peripheral/src/ch32v30x_dvp.o
LOAD ./Peripheral/src/ch32v30x_eth.o
LOAD ./Peripheral/src/ch32v30x_exti.o
LOAD ./Peripheral/src/ch32v30x_flash.o
LOAD ./Peripheral/src/ch32v30x_fsmc.o
LOAD ./Peripheral/src/ch32v30x_gpio.o
LOAD ./Peripheral/src/ch32v30x_i2c.o
LOAD ./Peripheral/src/ch32v30x_iwdg.o
LOAD ./Peripheral/src/ch32v30x_misc.o
LOAD ./Peripheral/src/ch32v30x_opa.o
LOAD ./Peripheral/src/ch32v30x_pwr.o
LOAD ./Peripheral/src/ch32v30x_rcc.o
LOAD ./Peripheral/src/ch32v30x_rng.o
LOAD ./Peripheral/src/ch32v30x_rtc.o
LOAD ./Peripheral/src/ch32v30x_sdio.o
LOAD ./Peripheral/src/ch32v30x_spi.o
LOAD ./Peripheral/src/ch32v30x_tim.o
LOAD ./Peripheral/src/ch32v30x_usart.o
LOAD ./Peripheral/src/ch32v30x_wwdg.o
LOAD ./Debug/debug.o
LOAD ./Core/core_riscv.o
LOAD c:/mounriver/mounriver_studio/toolchain/risc-v embedded gcc/bin/../lib/gcc/riscv-none-embed/8.2.0/../../../../riscv-none-embed/lib/rv32imacxw/ilp32\libm.a
LOAD c:/mounriver/mounriver_studio/toolchain/risc-v embedded gcc/bin/../lib/gcc/riscv-none-embed/8.2.0/rv32imacxw/ilp32\libgcc.a
LOAD c:/mounriver/mounriver_studio/toolchain/risc-v embedded gcc/bin/../lib/gcc/riscv-none-embed/8.2.0/../../../../riscv-none-embed/lib/rv32imacxw/ilp32\libg_nano.a
LOAD c:/mounriver/mounriver_studio/toolchain/risc-v embedded gcc/bin/../lib/gcc/riscv-none-embed/8.2.0/../../../../riscv-none-embed/lib/rv32imacxw/ilp32\libc_nano.a
LOAD c:/mounriver/mounriver_studio/toolchain/risc-v embedded gcc/bin/../lib/gcc/riscv-none-embed/8.2.0/rv32imacxw/ilp32\libgcc.a
START GROUP
LOAD c:/mounriver/mounriver_studio/toolchain/risc-v embedded gcc/bin/../lib/gcc/riscv-none-embed/8.2.0/rv32imacxw/ilp32\libgcc.a
LOAD c:/mounriver/mounriver_studio/toolchain/risc-v embedded gcc/bin/../lib/gcc/riscv-none-embed/8.2.0/../../../../riscv-none-embed/lib/rv32imacxw/ilp32\libc_nano.a
LOAD c:/mounriver/mounriver_studio/toolchain/risc-v embedded gcc/bin/../lib/gcc/riscv-none-embed/8.2.0/../../../../riscv-none-embed/lib/rv32imacxw/ilp32\libnosys.a
END GROUP
START GROUP
LOAD c:/mounriver/mounriver_studio/toolchain/risc-v embedded gcc/bin/../lib/gcc/riscv-none-embed/8.2.0/rv32imacxw/ilp32\libgcc.a
LOAD c:/mounriver/mounriver_studio/toolchain/risc-v embedded gcc/bin/../lib/gcc/riscv-none-embed/8.2.0/../../../../riscv-none-embed/lib/rv32imacxw/ilp32\libc_nano.a
LOAD c:/mounriver/mounriver_studio/toolchain/risc-v embedded gcc/bin/../lib/gcc/riscv-none-embed/8.2.0/../../../../riscv-none-embed/lib/rv32imacxw/ilp32\libnosys.a
END GROUP
                0x0000000000000800                __stack_size = 0x800
                [!provide]                        PROVIDE (_stack_size = __stack_size)

.init           0x0000000000000000       0x38
                0x0000000000000000                _sinit = .
                0x0000000000000000                . = ALIGN (0x4)
 *(SORT_NONE(.init))
 .init          0x0000000000000000       0x38 ./Startup/startup_ch32v30x_D8C.o
                0x0000000000000000                _start
                0x0000000000000038                . = ALIGN (0x4)
                0x0000000000000038                _einit = .

.vector         0x0000000000000038      0x1c8
 *(.vector)
 .vector        0x0000000000000038      0x1a0 ./Startup/startup_ch32v30x_D8C.o
                0x0000000000000200                . = ALIGN (0x40)
 *fill*         0x00000000000001d8       0x28 

.text           0x0000000000000200     0x20b0
                0x0000000000000200                . = ALIGN (0x4)
 *(.text)
 .text          0x0000000000000200       0x60 c:/mounriver/mounriver_studio/toolchain/risc-v embedded gcc/bin/../lib/gcc/riscv-none-embed/8.2.0/rv32imacxw/ilp32\libgcc.a(save-restore.o)
                0x0000000000000200                __riscv_save_12
                0x0000000000000208                __riscv_save_9
                0x0000000000000208                __riscv_save_11
                0x0000000000000208                __riscv_save_10
                0x0000000000000208                __riscv_save_8
                0x0000000000000216                __riscv_save_4
                0x0000000000000216                __riscv_save_6
                0x0000000000000216                __riscv_save_5
                0x0000000000000216                __riscv_save_7
                0x0000000000000230                __riscv_save_3
                0x0000000000000230                __riscv_save_2
                0x0000000000000230                __riscv_save_1
                0x0000000000000230                __riscv_save_0
                0x000000000000023c                __riscv_restore_12
                0x0000000000000240                __riscv_restore_11
                0x0000000000000240                __riscv_restore_9
                0x0000000000000240                __riscv_restore_10
                0x0000000000000240                __riscv_restore_8
                0x000000000000024a                __riscv_restore_5
                0x000000000000024a                __riscv_restore_7
                0x000000000000024a                __riscv_restore_6
                0x000000000000024a                __riscv_restore_4
                0x0000000000000254                __riscv_restore_3
                0x0000000000000254                __riscv_restore_0
                0x0000000000000254                __riscv_restore_2
                0x0000000000000254                __riscv_restore_1
 .text          0x0000000000000260       0xa8 c:/mounriver/mounriver_studio/toolchain/risc-v embedded gcc/bin/../lib/gcc/riscv-none-embed/8.2.0/../../../../riscv-none-embed/lib/rv32imacxw/ilp32\libg_nano.a(lib_a-memset.o)
                0x0000000000000260                memset
 *(.text.*)
 .text.TM1637_ClkHigh
                0x0000000000000308       0x16 ./User/TM1637.o
                0x0000000000000308                TM1637_ClkHigh
 .text.TM1637_ClkLow
                0x000000000000031e       0x16 ./User/TM1637.o
                0x000000000000031e                TM1637_ClkLow
 .text.TM1637_DataHigh
                0x0000000000000334       0x16 ./User/TM1637.o
                0x0000000000000334                TM1637_DataHigh
 .text.TM1637_DataLow
                0x000000000000034a       0x16 ./User/TM1637.o
                0x000000000000034a                TM1637_DataLow
 .text.TM1637_Start
                0x0000000000000360       0x12 ./User/TM1637.o
                0x0000000000000360                TM1637_Start
 .text.TM1637_Stop
                0x0000000000000372       0x20 ./User/TM1637.o
                0x0000000000000372                TM1637_Stop
 .text.TM1637_ReadResult
                0x0000000000000392       0x18 ./User/TM1637.o
                0x0000000000000392                TM1637_ReadResult
 .text.TM1637_WriteByte
                0x00000000000003aa       0x2c ./User/TM1637.o
                0x00000000000003aa                TM1637_WriteByte
 .text.TM1637_DisplayDecimal
                0x00000000000003d6       0x86 ./User/TM1637.o
                0x00000000000003d6                TM1637_DisplayDecimal
 .text.TM1637_SetBrightness
                0x000000000000045c       0x1e ./User/TM1637.o
                0x000000000000045c                TM1637_SetBrightness
 .text.TM1637_Init
                0x000000000000047a        0xe ./User/TM1637.o
                0x000000000000047a                TM1637_Init
 .text.NMI_Handler
                0x0000000000000488        0x4 ./User/ch32v30x_it.o
                0x0000000000000488                NMI_Handler
 .text.HardFault_Handler
                0x000000000000048c        0x2 ./User/ch32v30x_it.o
                0x000000000000048c                HardFault_Handler
 .text.GPIO_SETUP
                0x000000000000048e       0x3e ./User/gpio.o
                0x000000000000048e                GPIO_SETUP
 .text.ADC_Function_Init
                0x00000000000004cc       0xaa ./User/main.o
                0x00000000000004cc                ADC_Function_Init
 .text.Get_ADC_Val
                0x0000000000000576       0x30 ./User/main.o
                0x0000000000000576                Get_ADC_Val
 .text.startup.main
                0x00000000000005a6       0x8c ./User/main.o
                0x00000000000005a6                main
 .text.SystemInit
                0x0000000000000632       0xfa ./User/system_ch32v30x.o
                0x0000000000000632                SystemInit
 .text.SystemCoreClockUpdate
                0x000000000000072c       0xbe ./User/system_ch32v30x.o
                0x000000000000072c                SystemCoreClockUpdate
 .text.vector_handler
                0x00000000000007ea       0xbe ./Startup/startup_ch32v30x_D8C.o
                0x00000000000007ee                Ecall_M_Mode_Handler
                0x00000000000007f0                Ecall_U_Mode_Handler
                0x00000000000007f2                Break_Point_Handler
                0x00000000000007f4                SysTick_Handler
                0x00000000000007f6                SW_Handler
                0x00000000000007f8                WWDG_IRQHandler
                0x00000000000007fa                PVD_IRQHandler
                0x00000000000007fc                TAMPER_IRQHandler
                0x00000000000007fe                RTC_IRQHandler
                0x0000000000000800                FLASH_IRQHandler
                0x0000000000000802                RCC_IRQHandler
                0x0000000000000804                EXTI0_IRQHandler
                0x0000000000000806                EXTI1_IRQHandler
                0x0000000000000808                EXTI2_IRQHandler
                0x000000000000080a                EXTI3_IRQHandler
                0x000000000000080c                EXTI4_IRQHandler
                0x000000000000080e                DMA1_Channel1_IRQHandler
                0x0000000000000810                DMA1_Channel2_IRQHandler
                0x0000000000000812                DMA1_Channel3_IRQHandler
                0x0000000000000814                DMA1_Channel4_IRQHandler
                0x0000000000000816                DMA1_Channel5_IRQHandler
                0x0000000000000818                DMA1_Channel6_IRQHandler
                0x000000000000081a                DMA1_Channel7_IRQHandler
                0x000000000000081c                ADC1_2_IRQHandler
                0x000000000000081e                USB_HP_CAN1_TX_IRQHandler
                0x0000000000000820                USB_LP_CAN1_RX0_IRQHandler
                0x0000000000000822                CAN1_RX1_IRQHandler
                0x0000000000000824                CAN1_SCE_IRQHandler
                0x0000000000000826                EXTI9_5_IRQHandler
                0x0000000000000828                TIM1_BRK_IRQHandler
                0x000000000000082a                TIM1_UP_IRQHandler
                0x000000000000082c                TIM1_TRG_COM_IRQHandler
                0x000000000000082e                TIM1_CC_IRQHandler
                0x0000000000000830                TIM2_IRQHandler
                0x0000000000000832                TIM3_IRQHandler
                0x0000000000000834                TIM4_IRQHandler
                0x0000000000000836                I2C1_EV_IRQHandler
                0x0000000000000838                I2C1_ER_IRQHandler
                0x000000000000083a                I2C2_EV_IRQHandler
                0x000000000000083c                I2C2_ER_IRQHandler
                0x000000000000083e                SPI1_IRQHandler
                0x0000000000000840                SPI2_IRQHandler
                0x0000000000000842                USART1_IRQHandler
                0x0000000000000844                USART2_IRQHandler
                0x0000000000000846                USART3_IRQHandler
                0x0000000000000848                EXTI15_10_IRQHandler
                0x000000000000084a                RTCAlarm_IRQHandler
                0x000000000000084c                USBWakeUp_IRQHandler
                0x000000000000084e                TIM8_BRK_IRQHandler
                0x0000000000000850                TIM8_UP_IRQHandler
                0x0000000000000852                TIM8_TRG_COM_IRQHandler
                0x0000000000000854                TIM8_CC_IRQHandler
                0x0000000000000856                RNG_IRQHandler
                0x0000000000000858                FSMC_IRQHandler
                0x000000000000085a                SDIO_IRQHandler
                0x000000000000085c                TIM5_IRQHandler
                0x000000000000085e                SPI3_IRQHandler
                0x0000000000000860                UART4_IRQHandler
                0x0000000000000862                UART5_IRQHandler
                0x0000000000000864                TIM6_IRQHandler
                0x0000000000000866                TIM7_IRQHandler
                0x0000000000000868                DMA2_Channel1_IRQHandler
                0x000000000000086a                DMA2_Channel2_IRQHandler
                0x000000000000086c                DMA2_Channel3_IRQHandler
                0x000000000000086e                DMA2_Channel4_IRQHandler
                0x0000000000000870                DMA2_Channel5_IRQHandler
                0x0000000000000872                ETH_IRQHandler
                0x0000000000000874                ETH_WKUP_IRQHandler
                0x0000000000000876                CAN2_TX_IRQHandler
                0x0000000000000878                CAN2_RX0_IRQHandler
                0x000000000000087a                CAN2_RX1_IRQHandler
                0x000000000000087c                CAN2_SCE_IRQHandler
                0x000000000000087e                OTG_FS_IRQHandler
                0x0000000000000880                USBHSWakeup_IRQHandler
                0x0000000000000882                USBHS_IRQHandler
                0x0000000000000884                DVP_IRQHandler
                0x0000000000000886                UART6_IRQHandler
                0x0000000000000888                UART7_IRQHandler
                0x000000000000088a                UART8_IRQHandler
                0x000000000000088c                TIM9_BRK_IRQHandler
                0x000000000000088e                TIM9_UP_IRQHandler
                0x0000000000000890                TIM9_TRG_COM_IRQHandler
                0x0000000000000892                TIM9_CC_IRQHandler
                0x0000000000000894                TIM10_BRK_IRQHandler
                0x0000000000000896                TIM10_UP_IRQHandler
                0x0000000000000898                TIM10_TRG_COM_IRQHandler
                0x000000000000089a                TIM10_CC_IRQHandler
                0x000000000000089c                DMA2_Channel6_IRQHandler
                0x000000000000089e                DMA2_Channel7_IRQHandler
                0x00000000000008a0                DMA2_Channel8_IRQHandler
                0x00000000000008a2                DMA2_Channel9_IRQHandler
                0x00000000000008a4                DMA2_Channel10_IRQHandler
                0x00000000000008a6                DMA2_Channel11_IRQHandler
 .text.handle_reset
                0x00000000000008a8       0x8a ./Startup/startup_ch32v30x_D8C.o
                0x00000000000008a8                handle_reset
 .text.ADC_DeInit
                0x0000000000000932       0x40 ./Peripheral/src/ch32v30x_adc.o
                0x0000000000000932                ADC_DeInit
 .text.ADC_Init
                0x0000000000000972       0x56 ./Peripheral/src/ch32v30x_adc.o
                0x0000000000000972                ADC_Init
 .text.ADC_Cmd  0x00000000000009c8       0x10 ./Peripheral/src/ch32v30x_adc.o
                0x00000000000009c8                ADC_Cmd
 .text.ADC_ResetCalibration
                0x00000000000009d8        0xa ./Peripheral/src/ch32v30x_adc.o
                0x00000000000009d8                ADC_ResetCalibration
 .text.ADC_GetResetCalibrationStatus
                0x00000000000009e2        0x8 ./Peripheral/src/ch32v30x_adc.o
                0x00000000000009e2                ADC_GetResetCalibrationStatus
 .text.ADC_StartCalibration
                0x00000000000009ea        0xa ./Peripheral/src/ch32v30x_adc.o
                0x00000000000009ea                ADC_StartCalibration
 .text.ADC_GetCalibrationStatus
                0x00000000000009f4        0x8 ./Peripheral/src/ch32v30x_adc.o
                0x00000000000009f4                ADC_GetCalibrationStatus
 .text.ADC_SoftwareStartConvCmd
                0x00000000000009fc       0x18 ./Peripheral/src/ch32v30x_adc.o
                0x00000000000009fc                ADC_SoftwareStartConvCmd
 .text.ADC_RegularChannelConfig
                0x0000000000000a14       0xb8 ./Peripheral/src/ch32v30x_adc.o
                0x0000000000000a14                ADC_RegularChannelConfig
 .text.ADC_GetConversionValue
                0x0000000000000acc        0x8 ./Peripheral/src/ch32v30x_adc.o
                0x0000000000000acc                ADC_GetConversionValue
 .text.ADC_GetFlagStatus
                0x0000000000000ad4        0xa ./Peripheral/src/ch32v30x_adc.o
                0x0000000000000ad4                ADC_GetFlagStatus
 .text.ADC_BufferCmd
                0x0000000000000ade       0x18 ./Peripheral/src/ch32v30x_adc.o
                0x0000000000000ade                ADC_BufferCmd
 .text.Get_CalibrationValue
                0x0000000000000af6      0x130 ./Peripheral/src/ch32v30x_adc.o
                0x0000000000000af6                Get_CalibrationValue
 .text.DBGMCU_GetCHIPID
                0x0000000000000c26        0xa ./Peripheral/src/ch32v30x_dbgmcu.o
                0x0000000000000c26                DBGMCU_GetCHIPID
 .text.GPIO_Init
                0x0000000000000c30       0xc0 ./Peripheral/src/ch32v30x_gpio.o
                0x0000000000000c30                GPIO_Init
 .text.GPIO_WriteBit
                0x0000000000000cf0        0xa ./Peripheral/src/ch32v30x_gpio.o
                0x0000000000000cf0                GPIO_WriteBit
 .text.RCC_ADCCLKConfig
                0x0000000000000cfa       0x12 ./Peripheral/src/ch32v30x_rcc.o
                0x0000000000000cfa                RCC_ADCCLKConfig
 .text.RCC_GetClocksFreq
                0x0000000000000d0c      0x176 ./Peripheral/src/ch32v30x_rcc.o
                0x0000000000000d0c                RCC_GetClocksFreq
 .text.RCC_APB2PeriphClockCmd
                0x0000000000000e82       0x1e ./Peripheral/src/ch32v30x_rcc.o
                0x0000000000000e82                RCC_APB2PeriphClockCmd
 .text.RCC_APB2PeriphResetCmd
                0x0000000000000ea0       0x1e ./Peripheral/src/ch32v30x_rcc.o
                0x0000000000000ea0                RCC_APB2PeriphResetCmd
 .text.USART_Init
                0x0000000000000ebe       0xba ./Peripheral/src/ch32v30x_usart.o
                0x0000000000000ebe                USART_Init
 .text.USART_Cmd
                0x0000000000000f78       0x16 ./Peripheral/src/ch32v30x_usart.o
                0x0000000000000f78                USART_Cmd
 .text.USART_SendData
                0x0000000000000f8e        0x8 ./Peripheral/src/ch32v30x_usart.o
                0x0000000000000f8e                USART_SendData
 .text.USART_GetFlagStatus
                0x0000000000000f96        0xa ./Peripheral/src/ch32v30x_usart.o
                0x0000000000000f96                USART_GetFlagStatus
 .text.Delay_Init
                0x0000000000000fa0       0x2a ./Debug/debug.o
                0x0000000000000fa0                Delay_Init
 .text.Delay_Us
                0x0000000000000fca       0x36 ./Debug/debug.o
                0x0000000000000fca                Delay_Us
 .text.Delay_Ms
                0x0000000000001000       0x36 ./Debug/debug.o
                0x0000000000001000                Delay_Ms
 .text.USART_Printf_Init
                0x0000000000001036       0x52 ./Debug/debug.o
                0x0000000000001036                USART_Printf_Init
 .text._write   0x0000000000001088       0x3a ./Debug/debug.o
                0x0000000000001088                _write
 .text._sbrk    0x00000000000010c2       0x26 ./Debug/debug.o
                0x00000000000010c2                _sbrk
 .text.printf   0x00000000000010e8       0x3e c:/mounriver/mounriver_studio/toolchain/risc-v embedded gcc/bin/../lib/gcc/riscv-none-embed/8.2.0/../../../../riscv-none-embed/lib/rv32imacxw/ilp32\libg_nano.a(lib_a-printf.o)
                0x00000000000010e8                iprintf
                0x00000000000010e8                printf
 .text.std      0x0000000000001126       0x66 c:/mounriver/mounriver_studio/toolchain/risc-v embedded gcc/bin/../lib/gcc/riscv-none-embed/8.2.0/../../../../riscv-none-embed/lib/rv32imacxw/ilp32\libg_nano.a(lib_a-findfp.o)
 .text._cleanup_r
                0x000000000000118c        0xa c:/mounriver/mounriver_studio/toolchain/risc-v embedded gcc/bin/../lib/gcc/riscv-none-embed/8.2.0/../../../../riscv-none-embed/lib/rv32imacxw/ilp32\libg_nano.a(lib_a-findfp.o)
                0x000000000000118c                _cleanup_r
 .text.__sfmoreglue
                0x0000000000001196       0x46 c:/mounriver/mounriver_studio/toolchain/risc-v embedded gcc/bin/../lib/gcc/riscv-none-embed/8.2.0/../../../../riscv-none-embed/lib/rv32imacxw/ilp32\libg_nano.a(lib_a-findfp.o)
                0x0000000000001196                __sfmoreglue
 .text.__sinit  0x00000000000011dc       0x66 c:/mounriver/mounriver_studio/toolchain/risc-v embedded gcc/bin/../lib/gcc/riscv-none-embed/8.2.0/../../../../riscv-none-embed/lib/rv32imacxw/ilp32\libg_nano.a(lib_a-findfp.o)
                0x00000000000011dc                __sinit
 .text.__sfp    0x0000000000001242       0x9c c:/mounriver/mounriver_studio/toolchain/risc-v embedded gcc/bin/../lib/gcc/riscv-none-embed/8.2.0/../../../../riscv-none-embed/lib/rv32imacxw/ilp32\libg_nano.a(lib_a-findfp.o)
                0x0000000000001242                __sfp
 .text._fwalk_reent
                0x00000000000012de       0x6a c:/mounriver/mounriver_studio/toolchain/risc-v embedded gcc/bin/../lib/gcc/riscv-none-embed/8.2.0/../../../../riscv-none-embed/lib/rv32imacxw/ilp32\libg_nano.a(lib_a-fwalk.o)
                0x00000000000012de                _fwalk_reent
 .text._malloc_r
                0x0000000000001348       0xd4 c:/mounriver/mounriver_studio/toolchain/risc-v embedded gcc/bin/../lib/gcc/riscv-none-embed/8.2.0/../../../../riscv-none-embed/lib/rv32imacxw/ilp32\libg_nano.a(lib_a-nano-mallocr.o)
                0x0000000000001348                _malloc_r
 .text.__sfputc_r
                0x000000000000141c       0x26 c:/mounriver/mounriver_studio/toolchain/risc-v embedded gcc/bin/../lib/gcc/riscv-none-embed/8.2.0/../../../../riscv-none-embed/lib/rv32imacxw/ilp32\libg_nano.a(lib_a-nano-vfprintf.o)
 .text.__sfputs_r
                0x0000000000001442       0x40 c:/mounriver/mounriver_studio/toolchain/risc-v embedded gcc/bin/../lib/gcc/riscv-none-embed/8.2.0/../../../../riscv-none-embed/lib/rv32imacxw/ilp32\libg_nano.a(lib_a-nano-vfprintf.o)
                0x0000000000001442                __sfputs_r
 .text._vfprintf_r
                0x0000000000001482      0x288 c:/mounriver/mounriver_studio/toolchain/risc-v embedded gcc/bin/../lib/gcc/riscv-none-embed/8.2.0/../../../../riscv-none-embed/lib/rv32imacxw/ilp32\libg_nano.a(lib_a-nano-vfprintf.o)
                0x0000000000001482                _vfprintf_r
                0x0000000000001482                _vfiprintf_r
 .text._printf_common
                0x000000000000170a      0x10c c:/mounriver/mounriver_studio/toolchain/risc-v embedded gcc/bin/../lib/gcc/riscv-none-embed/8.2.0/../../../../riscv-none-embed/lib/rv32imacxw/ilp32\libg_nano.a(lib_a-nano-vfprintf_i.o)
                0x000000000000170a                _printf_common
 .text._printf_i
                0x0000000000001816      0x2a0 c:/mounriver/mounriver_studio/toolchain/risc-v embedded gcc/bin/../lib/gcc/riscv-none-embed/8.2.0/../../../../riscv-none-embed/lib/rv32imacxw/ilp32\libg_nano.a(lib_a-nano-vfprintf_i.o)
                0x0000000000001816                _printf_i
 .text._sbrk_r  0x0000000000001ab6       0x2a c:/mounriver/mounriver_studio/toolchain/risc-v embedded gcc/bin/../lib/gcc/riscv-none-embed/8.2.0/../../../../riscv-none-embed/lib/rv32imacxw/ilp32\libg_nano.a(lib_a-sbrkr.o)
                0x0000000000001ab6                _sbrk_r
 .text.__sread  0x0000000000001ae0       0x2c c:/mounriver/mounriver_studio/toolchain/risc-v embedded gcc/bin/../lib/gcc/riscv-none-embed/8.2.0/../../../../riscv-none-embed/lib/rv32imacxw/ilp32\libg_nano.a(lib_a-stdio.o)
                0x0000000000001ae0                __sread
 .text.__swrite
                0x0000000000001b0c       0x48 c:/mounriver/mounriver_studio/toolchain/risc-v embedded gcc/bin/../lib/gcc/riscv-none-embed/8.2.0/../../../../riscv-none-embed/lib/rv32imacxw/ilp32\libg_nano.a(lib_a-stdio.o)
                0x0000000000001b0c                __swrite
 .text.__sseek  0x0000000000001b54       0x30 c:/mounriver/mounriver_studio/toolchain/risc-v embedded gcc/bin/../lib/gcc/riscv-none-embed/8.2.0/../../../../riscv-none-embed/lib/rv32imacxw/ilp32\libg_nano.a(lib_a-stdio.o)
                0x0000000000001b54                __sseek
 .text.__sclose
                0x0000000000001b84        0x6 c:/mounriver/mounriver_studio/toolchain/risc-v embedded gcc/bin/../lib/gcc/riscv-none-embed/8.2.0/../../../../riscv-none-embed/lib/rv32imacxw/ilp32\libg_nano.a(lib_a-stdio.o)
                0x0000000000001b84                __sclose
 .text.__swbuf_r
                0x0000000000001b8a       0xbe c:/mounriver/mounriver_studio/toolchain/risc-v embedded gcc/bin/../lib/gcc/riscv-none-embed/8.2.0/../../../../riscv-none-embed/lib/rv32imacxw/ilp32\libg_nano.a(lib_a-wbuf.o)
                0x0000000000001b8a                __swbuf_r
 .text._write_r
                0x0000000000001c48       0x2e c:/mounriver/mounriver_studio/toolchain/risc-v embedded gcc/bin/../lib/gcc/riscv-none-embed/8.2.0/../../../../riscv-none-embed/lib/rv32imacxw/ilp32\libg_nano.a(lib_a-writer.o)
                0x0000000000001c48                _write_r
 .text.__swsetup_r
                0x0000000000001c76       0xfe c:/mounriver/mounriver_studio/toolchain/risc-v embedded gcc/bin/../lib/gcc/riscv-none-embed/8.2.0/../../../../riscv-none-embed/lib/rv32imacxw/ilp32\libg_nano.a(lib_a-wsetup.o)
                0x0000000000001c76                __swsetup_r
 .text._close_r
                0x0000000000001d74       0x28 c:/mounriver/mounriver_studio/toolchain/risc-v embedded gcc/bin/../lib/gcc/riscv-none-embed/8.2.0/../../../../riscv-none-embed/lib/rv32imacxw/ilp32\libg_nano.a(lib_a-closer.o)
                0x0000000000001d74                _close_r
 .text.__sflush_r
                0x0000000000001d9c      0x130 c:/mounriver/mounriver_studio/toolchain/risc-v embedded gcc/bin/../lib/gcc/riscv-none-embed/8.2.0/../../../../riscv-none-embed/lib/rv32imacxw/ilp32\libg_nano.a(lib_a-fflush.o)
                0x0000000000001d9c                __sflush_r
 .text._fflush_r
                0x0000000000001ecc       0x66 c:/mounriver/mounriver_studio/toolchain/risc-v embedded gcc/bin/../lib/gcc/riscv-none-embed/8.2.0/../../../../riscv-none-embed/lib/rv32imacxw/ilp32\libg_nano.a(lib_a-fflush.o)
                0x0000000000001ecc                _fflush_r
 .text._lseek_r
                0x0000000000001f32       0x2c c:/mounriver/mounriver_studio/toolchain/risc-v embedded gcc/bin/../lib/gcc/riscv-none-embed/8.2.0/../../../../riscv-none-embed/lib/rv32imacxw/ilp32\libg_nano.a(lib_a-lseekr.o)
                0x0000000000001f32                _lseek_r
 .text.__swhatbuf_r
                0x0000000000001f5e       0x56 c:/mounriver/mounriver_studio/toolchain/risc-v embedded gcc/bin/../lib/gcc/riscv-none-embed/8.2.0/../../../../riscv-none-embed/lib/rv32imacxw/ilp32\libg_nano.a(lib_a-makebuf.o)
                0x0000000000001f5e                __swhatbuf_r
 .text.__smakebuf_r
                0x0000000000001fb4       0x90 c:/mounriver/mounriver_studio/toolchain/risc-v embedded gcc/bin/../lib/gcc/riscv-none-embed/8.2.0/../../../../riscv-none-embed/lib/rv32imacxw/ilp32\libg_nano.a(lib_a-makebuf.o)
                0x0000000000001fb4                __smakebuf_r
 .text.memchr   0x0000000000002044       0x18 c:/mounriver/mounriver_studio/toolchain/risc-v embedded gcc/bin/../lib/gcc/riscv-none-embed/8.2.0/../../../../riscv-none-embed/lib/rv32imacxw/ilp32\libg_nano.a(lib_a-memchr.o)
                0x0000000000002044                memchr
 .text.__malloc_lock
                0x000000000000205c        0x2 c:/mounriver/mounriver_studio/toolchain/risc-v embedded gcc/bin/../lib/gcc/riscv-none-embed/8.2.0/../../../../riscv-none-embed/lib/rv32imacxw/ilp32\libg_nano.a(lib_a-mlock.o)
                0x000000000000205c                __malloc_lock
 .text.__malloc_unlock
                0x000000000000205e        0x2 c:/mounriver/mounriver_studio/toolchain/risc-v embedded gcc/bin/../lib/gcc/riscv-none-embed/8.2.0/../../../../riscv-none-embed/lib/rv32imacxw/ilp32\libg_nano.a(lib_a-mlock.o)
                0x000000000000205e                __malloc_unlock
 .text._free_r  0x0000000000002060       0xa4 c:/mounriver/mounriver_studio/toolchain/risc-v embedded gcc/bin/../lib/gcc/riscv-none-embed/8.2.0/../../../../riscv-none-embed/lib/rv32imacxw/ilp32\libg_nano.a(lib_a-nano-freer.o)
                0x0000000000002060                _free_r
 .text._read_r  0x0000000000002104       0x2c c:/mounriver/mounriver_studio/toolchain/risc-v embedded gcc/bin/../lib/gcc/riscv-none-embed/8.2.0/../../../../riscv-none-embed/lib/rv32imacxw/ilp32\libg_nano.a(lib_a-readr.o)
                0x0000000000002104                _read_r
 .text._fstat_r
                0x0000000000002130       0x2a c:/mounriver/mounriver_studio/toolchain/risc-v embedded gcc/bin/../lib/gcc/riscv-none-embed/8.2.0/../../../../riscv-none-embed/lib/rv32imacxw/ilp32\libg_nano.a(lib_a-fstatr.o)
                0x0000000000002130                _fstat_r
 .text._isatty_r
                0x000000000000215a       0x28 c:/mounriver/mounriver_studio/toolchain/risc-v embedded gcc/bin/../lib/gcc/riscv-none-embed/8.2.0/../../../../riscv-none-embed/lib/rv32imacxw/ilp32\libg_nano.a(lib_a-isattyr.o)
                0x000000000000215a                _isatty_r
 .text._close   0x0000000000002182        0xc c:/mounriver/mounriver_studio/toolchain/risc-v embedded gcc/bin/../lib/gcc/riscv-none-embed/8.2.0/../../../../riscv-none-embed/lib/rv32imacxw/ilp32\libnosys.a(close.o)
                0x0000000000002182                _close
 .text._fstat   0x000000000000218e        0xc c:/mounriver/mounriver_studio/toolchain/risc-v embedded gcc/bin/../lib/gcc/riscv-none-embed/8.2.0/../../../../riscv-none-embed/lib/rv32imacxw/ilp32\libnosys.a(fstat.o)
                0x000000000000218e                _fstat
 .text._isatty  0x000000000000219a        0xc c:/mounriver/mounriver_studio/toolchain/risc-v embedded gcc/bin/../lib/gcc/riscv-none-embed/8.2.0/../../../../riscv-none-embed/lib/rv32imacxw/ilp32\libnosys.a(isatty.o)
                0x000000000000219a                _isatty
 .text._lseek   0x00000000000021a6        0xc c:/mounriver/mounriver_studio/toolchain/risc-v embedded gcc/bin/../lib/gcc/riscv-none-embed/8.2.0/../../../../riscv-none-embed/lib/rv32imacxw/ilp32\libnosys.a(lseek.o)
                0x00000000000021a6                _lseek
 .text._read    0x00000000000021b2        0xc c:/mounriver/mounriver_studio/toolchain/risc-v embedded gcc/bin/../lib/gcc/riscv-none-embed/8.2.0/../../../../riscv-none-embed/lib/rv32imacxw/ilp32\libnosys.a(read.o)
                0x00000000000021b2                _read
 *(.rodata)
 *(.rodata*)
 *fill*         0x00000000000021be        0x2 
 .rodata.segmentMap
                0x00000000000021c0       0x11 ./User/TM1637.o
                0x00000000000021c0                segmentMap
 *fill*         0x00000000000021d1        0x3 
 .rodata.main.str1.4
                0x00000000000021d4       0x3f ./User/main.o
 *fill*         0x0000000000002213        0x1 
 .rodata.__sf_fake_stderr
                0x0000000000002214       0x20 c:/mounriver/mounriver_studio/toolchain/risc-v embedded gcc/bin/../lib/gcc/riscv-none-embed/8.2.0/../../../../riscv-none-embed/lib/rv32imacxw/ilp32\libg_nano.a(lib_a-findfp.o)
                0x0000000000002214                __sf_fake_stderr
 .rodata.__sf_fake_stdin
                0x0000000000002234       0x20 c:/mounriver/mounriver_studio/toolchain/risc-v embedded gcc/bin/../lib/gcc/riscv-none-embed/8.2.0/../../../../riscv-none-embed/lib/rv32imacxw/ilp32\libg_nano.a(lib_a-findfp.o)
                0x0000000000002234                __sf_fake_stdin
 .rodata.__sf_fake_stdout
                0x0000000000002254       0x20 c:/mounriver/mounriver_studio/toolchain/risc-v embedded gcc/bin/../lib/gcc/riscv-none-embed/8.2.0/../../../../riscv-none-embed/lib/rv32imacxw/ilp32\libg_nano.a(lib_a-findfp.o)
                0x0000000000002254                __sf_fake_stdout
 .rodata._vfprintf_r.str1.4
                0x0000000000002274       0x13 c:/mounriver/mounriver_studio/toolchain/risc-v embedded gcc/bin/../lib/gcc/riscv-none-embed/8.2.0/../../../../riscv-none-embed/lib/rv32imacxw/ilp32\libg_nano.a(lib_a-nano-vfprintf.o)
 *fill*         0x0000000000002287        0x1 
 .rodata._printf_i.str1.4
                0x0000000000002288       0x28 c:/mounriver/mounriver_studio/toolchain/risc-v embedded gcc/bin/../lib/gcc/riscv-none-embed/8.2.0/../../../../riscv-none-embed/lib/rv32imacxw/ilp32\libg_nano.a(lib_a-nano-vfprintf_i.o)
                                         0x25 (size before relaxing)
 *(.gnu.linkonce.t.*)
                0x00000000000022b0                . = ALIGN (0x4)

.rela.dyn       0x00000000000022b0        0x0
 .rela.init     0x00000000000022b0        0x0 ./User/TM1637.o
 .rela.vector   0x00000000000022b0        0x0 ./User/TM1637.o
 .rela.text.handle_reset
                0x00000000000022b0        0x0 ./User/TM1637.o
 .rela.text._sbrk
                0x00000000000022b0        0x0 ./User/TM1637.o
 .rela.sdata.curbrk.5218
                0x00000000000022b0        0x0 ./User/TM1637.o
 .rela.text._vfprintf_r
                0x00000000000022b0        0x0 ./User/TM1637.o
 .rela.text._sbrk_r
                0x00000000000022b0        0x0 ./User/TM1637.o
 .rela.text._write_r
                0x00000000000022b0        0x0 ./User/TM1637.o
 .rela.text._close_r
                0x00000000000022b0        0x0 ./User/TM1637.o
 .rela.text._lseek_r
                0x00000000000022b0        0x0 ./User/TM1637.o
 .rela.text._read_r
                0x00000000000022b0        0x0 ./User/TM1637.o
 .rela.text._fstat_r
                0x00000000000022b0        0x0 ./User/TM1637.o
 .rela.text._isatty_r
                0x00000000000022b0        0x0 ./User/TM1637.o
 .rela.text._close
                0x00000000000022b0        0x0 ./User/TM1637.o
 .rela.text._fstat
                0x00000000000022b0        0x0 ./User/TM1637.o
 .rela.text._isatty
                0x00000000000022b0        0x0 ./User/TM1637.o
 .rela.text._lseek
                0x00000000000022b0        0x0 ./User/TM1637.o
 .rela.text._read
                0x00000000000022b0        0x0 ./User/TM1637.o

.fini           0x00000000000022b0        0x0
 *(SORT_NONE(.fini))
                0x00000000000022b0                . = ALIGN (0x4)
                [!provide]                        PROVIDE (_etext = .)
                [!provide]                        PROVIDE (_eitcm = .)

.preinit_array  0x00000000000022b0        0x0
                [!provide]                        PROVIDE (__preinit_array_start = .)
 *(.preinit_array)
                [!provide]                        PROVIDE (__preinit_array_end = .)

.init_array     0x00000000000022b0        0x0
                [!provide]                        PROVIDE (__init_array_start = .)
 *(SORT_BY_INIT_PRIORITY(.init_array.*) SORT_BY_INIT_PRIORITY(.ctors.*))
 *(.init_array EXCLUDE_FILE(*crtend?.o *crtend.o *crtbegin?.o *crtbegin.o) .ctors)
                [!provide]                        PROVIDE (__init_array_end = .)

.fini_array     0x00000000000022b0        0x0
                [!provide]                        PROVIDE (__fini_array_start = .)
 *(SORT_BY_INIT_PRIORITY(.fini_array.*) SORT_BY_INIT_PRIORITY(.dtors.*))
 *(.fini_array EXCLUDE_FILE(*crtend?.o *crtend.o *crtbegin?.o *crtbegin.o) .dtors)
                [!provide]                        PROVIDE (__fini_array_end = .)

.ctors
 *crtbegin.o(.ctors)
 *crtbegin?.o(.ctors)
 *(EXCLUDE_FILE(*crtend?.o *crtend.o) .ctors)
 *(SORT_BY_NAME(.ctors.*))
 *(.ctors)

.dtors
 *crtbegin.o(.dtors)
 *crtbegin?.o(.dtors)
 *(EXCLUDE_FILE(*crtend?.o *crtend.o) .dtors)
 *(SORT_BY_NAME(.dtors.*))
 *(.dtors)

.dalign         0x0000000020000000        0x0 load address 0x00000000000022b0
                0x0000000020000000                . = ALIGN (0x4)
                0x0000000020000000                PROVIDE (_data_vma = .)

.dlalign        0x00000000000022b0        0x0
                0x00000000000022b0                . = ALIGN (0x4)
                0x00000000000022b0                PROVIDE (_data_lma = .)

.data           0x0000000020000000       0x98 load address 0x00000000000022b0
 *(.gnu.linkonce.r.*)
 *(.data .data.*)
 .data.AHBPrescTable
                0x0000000020000000       0x10 ./User/system_ch32v30x.o
                0x0000000020000000                AHBPrescTable
 .data.APBAHBPrescTable
                0x0000000020000010       0x10 ./Peripheral/src/ch32v30x_rcc.o
 .data.impure_data
                0x0000000020000020       0x60 c:/mounriver/mounriver_studio/toolchain/risc-v embedded gcc/bin/../lib/gcc/riscv-none-embed/8.2.0/../../../../riscv-none-embed/lib/rv32imacxw/ilp32\libg_nano.a(lib_a-impure.o)
 *(.gnu.linkonce.d.*)
                0x0000000020000080                . = ALIGN (0x8)
                0x0000000020000880                PROVIDE (__global_pointer$ = (. + 0x800))
 *(.sdata .sdata.*)
 .sdata.SystemCoreClock
                0x0000000020000080        0x4 ./User/system_ch32v30x.o
                0x0000000020000080                SystemCoreClock
 .sdata.ADCPrescTable
                0x0000000020000084        0x4 ./Peripheral/src/ch32v30x_rcc.o
 .sdata.curbrk.5218
                0x0000000020000088        0x4 ./Debug/debug.o
 .sdata._impure_ptr
                0x000000002000008c        0x4 c:/mounriver/mounriver_studio/toolchain/risc-v embedded gcc/bin/../lib/gcc/riscv-none-embed/8.2.0/../../../../riscv-none-embed/lib/rv32imacxw/ilp32\libg_nano.a(lib_a-impure.o)
                0x000000002000008c                _impure_ptr
 *(.sdata2.*)
 .sdata2._global_impure_ptr
                0x0000000020000090        0x4 c:/mounriver/mounriver_studio/toolchain/risc-v embedded gcc/bin/../lib/gcc/riscv-none-embed/8.2.0/../../../../riscv-none-embed/lib/rv32imacxw/ilp32\libg_nano.a(lib_a-impure.o)
                0x0000000020000090                _global_impure_ptr
 *(.gnu.linkonce.s.*)
                0x0000000020000098                . = ALIGN (0x8)
 *fill*         0x0000000020000094        0x4 
 *(.srodata.cst16)
 *(.srodata.cst8)
 *(.srodata.cst4)
 *(.srodata.cst2)
 *(.srodata .srodata.*)
                0x0000000020000098                . = ALIGN (0x4)
                0x0000000020000098                PROVIDE (_edata = .)

.bss            0x0000000020000098       0x14 load address 0x0000000000002348
                0x0000000020000098                . = ALIGN (0x4)
                0x0000000020000098                PROVIDE (_sbss = .)
 *(.sbss*)
 .sbss.Calibrattion_Val
                0x0000000020000098        0x2 ./User/main.o
                0x0000000020000098                Calibrattion_Val
 .sbss.p_ms     0x000000002000009a        0x2 ./Debug/debug.o
 .sbss.p_us     0x000000002000009c        0x1 ./Debug/debug.o
 *fill*         0x000000002000009d        0x3 
 .sbss.__malloc_free_list
                0x00000000200000a0        0x4 c:/mounriver/mounriver_studio/toolchain/risc-v embedded gcc/bin/../lib/gcc/riscv-none-embed/8.2.0/../../../../riscv-none-embed/lib/rv32imacxw/ilp32\libg_nano.a(lib_a-nano-mallocr.o)
                0x00000000200000a0                __malloc_free_list
 .sbss.__malloc_sbrk_start
                0x00000000200000a4        0x4 c:/mounriver/mounriver_studio/toolchain/risc-v embedded gcc/bin/../lib/gcc/riscv-none-embed/8.2.0/../../../../riscv-none-embed/lib/rv32imacxw/ilp32\libg_nano.a(lib_a-nano-mallocr.o)
                0x00000000200000a4                __malloc_sbrk_start
 *(.gnu.linkonce.sb.*)
 *(.bss*)
 *(.gnu.linkonce.b.*)
 *(COMMON*)
 COMMON         0x00000000200000a8        0x4 c:/mounriver/mounriver_studio/toolchain/risc-v embedded gcc/bin/../lib/gcc/riscv-none-embed/8.2.0/../../../../riscv-none-embed/lib/rv32imacxw/ilp32\libg_nano.a(lib_a-reent.o)
                0x00000000200000a8                errno
                0x00000000200000ac                . = ALIGN (0x4)
                0x00000000200000ac                PROVIDE (_ebss = .)
                0x00000000200000ac                PROVIDE (_end = _ebss)
                [!provide]                        PROVIDE (end = .)

.stack          0x0000000020007800      0x800
                0x0000000020007800                PROVIDE (_heap_end = .)
                0x0000000020007800                . = ALIGN (0x4)
                [!provide]                        PROVIDE (_susrstack = .)
                0x0000000020008000                . = (. + __stack_size)
 *fill*         0x0000000020007800      0x800 
                0x0000000020008000                PROVIDE (_eusrstack = .)
OUTPUT(ADC_TM1637.elf elf32-littleriscv)

.debug_info     0x0000000000000000     0xaab7
 .debug_info    0x0000000000000000      0xe55 ./User/TM1637.o
 .debug_info    0x0000000000000e55      0x962 ./User/ch32v30x_it.o
 .debug_info    0x00000000000017b7      0xb59 ./User/gpio.o
 .debug_info    0x0000000000002310     0x1142 ./User/main.o
 .debug_info    0x0000000000003452      0xb89 ./User/system_ch32v30x.o
 .debug_info    0x0000000000003fdb       0x22 ./Startup/startup_ch32v30x_D8C.o
 .debug_info    0x0000000000003ffd     0x16e9 ./Peripheral/src/ch32v30x_adc.o
 .debug_info    0x00000000000056e6      0xa94 ./Peripheral/src/ch32v30x_dbgmcu.o
 .debug_info    0x000000000000617a     0x1093 ./Peripheral/src/ch32v30x_gpio.o
 .debug_info    0x000000000000720d     0x156e ./Peripheral/src/ch32v30x_rcc.o
 .debug_info    0x000000000000877b     0x1420 ./Peripheral/src/ch32v30x_usart.o
 .debug_info    0x0000000000009b9b      0xf1c ./Debug/debug.o

.debug_abbrev   0x0000000000000000     0x1fae
 .debug_abbrev  0x0000000000000000      0x2b9 ./User/TM1637.o
 .debug_abbrev  0x00000000000002b9      0x1cf ./User/ch32v30x_it.o
 .debug_abbrev  0x0000000000000488      0x260 ./User/gpio.o
 .debug_abbrev  0x00000000000006e8      0x2ef ./User/main.o
 .debug_abbrev  0x00000000000009d7      0x2c0 ./User/system_ch32v30x.o
 .debug_abbrev  0x0000000000000c97       0x12 ./Startup/startup_ch32v30x_D8C.o
 .debug_abbrev  0x0000000000000ca9      0x3a9 ./Peripheral/src/ch32v30x_adc.o
 .debug_abbrev  0x0000000000001052      0x2f7 ./Peripheral/src/ch32v30x_dbgmcu.o
 .debug_abbrev  0x0000000000001349      0x309 ./Peripheral/src/ch32v30x_gpio.o
 .debug_abbrev  0x0000000000001652      0x351 ./Peripheral/src/ch32v30x_rcc.o
 .debug_abbrev  0x00000000000019a3      0x312 ./Peripheral/src/ch32v30x_usart.o
 .debug_abbrev  0x0000000000001cb5      0x2f9 ./Debug/debug.o

.debug_loc      0x0000000000000000     0x280b
 .debug_loc     0x0000000000000000      0x167 ./User/TM1637.o
 .debug_loc     0x0000000000000167       0x34 ./User/main.o
 .debug_loc     0x000000000000019b       0xda ./User/system_ch32v30x.o
 .debug_loc     0x0000000000000275      0xab6 ./Peripheral/src/ch32v30x_adc.o
 .debug_loc     0x0000000000000d2b       0x7c ./Peripheral/src/ch32v30x_dbgmcu.o
 .debug_loc     0x0000000000000da7      0x657 ./Peripheral/src/ch32v30x_gpio.o
 .debug_loc     0x00000000000013fe      0xadb ./Peripheral/src/ch32v30x_rcc.o
 .debug_loc     0x0000000000001ed9      0x7bb ./Peripheral/src/ch32v30x_usart.o
 .debug_loc     0x0000000000002694      0x177 ./Debug/debug.o

.debug_aranges  0x0000000000000000      0x670
 .debug_aranges
                0x0000000000000000       0x70 ./User/TM1637.o
 .debug_aranges
                0x0000000000000070       0x28 ./User/ch32v30x_it.o
 .debug_aranges
                0x0000000000000098       0x20 ./User/gpio.o
 .debug_aranges
                0x00000000000000b8       0x30 ./User/main.o
 .debug_aranges
                0x00000000000000e8       0x28 ./User/system_ch32v30x.o
 .debug_aranges
                0x0000000000000110       0x30 ./Startup/startup_ch32v30x_D8C.o
 .debug_aranges
                0x0000000000000140      0x150 ./Peripheral/src/ch32v30x_adc.o
 .debug_aranges
                0x0000000000000290       0x48 ./Peripheral/src/ch32v30x_dbgmcu.o
 .debug_aranges
                0x00000000000002d8       0xa8 ./Peripheral/src/ch32v30x_gpio.o
 .debug_aranges
                0x0000000000000380      0x1a8 ./Peripheral/src/ch32v30x_rcc.o
 .debug_aranges
                0x0000000000000528      0x100 ./Peripheral/src/ch32v30x_usart.o
 .debug_aranges
                0x0000000000000628       0x48 ./Debug/debug.o

.debug_ranges   0x0000000000000000      0x628
 .debug_ranges  0x0000000000000000       0x98 ./User/TM1637.o
 .debug_ranges  0x0000000000000098       0x18 ./User/ch32v30x_it.o
 .debug_ranges  0x00000000000000b0       0x10 ./User/gpio.o
 .debug_ranges  0x00000000000000c0       0x20 ./User/main.o
 .debug_ranges  0x00000000000000e0       0x38 ./User/system_ch32v30x.o
 .debug_ranges  0x0000000000000118       0x28 ./Startup/startup_ch32v30x_D8C.o
 .debug_ranges  0x0000000000000140      0x140 ./Peripheral/src/ch32v30x_adc.o
 .debug_ranges  0x0000000000000280       0x50 ./Peripheral/src/ch32v30x_dbgmcu.o
 .debug_ranges  0x00000000000002d0       0x98 ./Peripheral/src/ch32v30x_gpio.o
 .debug_ranges  0x0000000000000368      0x198 ./Peripheral/src/ch32v30x_rcc.o
 .debug_ranges  0x0000000000000500       0xf0 ./Peripheral/src/ch32v30x_usart.o
 .debug_ranges  0x00000000000005f0       0x38 ./Debug/debug.o

.debug_line     0x0000000000000000     0x73a8
 .debug_line    0x0000000000000000      0x675 ./User/TM1637.o
 .debug_line    0x0000000000000675      0x20a ./User/ch32v30x_it.o
 .debug_line    0x000000000000087f      0x2eb ./User/gpio.o
 .debug_line    0x0000000000000b6a      0x62a ./User/main.o
 .debug_line    0x0000000000001194      0x6ee ./User/system_ch32v30x.o
 .debug_line    0x0000000000001882      0x356 ./Startup/startup_ch32v30x_D8C.o
 .debug_line    0x0000000000001bd8     0x1808 ./Peripheral/src/ch32v30x_adc.o
 .debug_line    0x00000000000033e0      0x33b ./Peripheral/src/ch32v30x_dbgmcu.o
 .debug_line    0x000000000000371b      0xd09 ./Peripheral/src/ch32v30x_gpio.o
 .debug_line    0x0000000000004424     0x1924 ./Peripheral/src/ch32v30x_rcc.o
 .debug_line    0x0000000000005d48      0xfc2 ./Peripheral/src/ch32v30x_usart.o
 .debug_line    0x0000000000006d0a      0x69e ./Debug/debug.o

.debug_str      0x0000000000000000     0x1d29
 .debug_str     0x0000000000000000      0x667 ./User/TM1637.o
                                        0x6d1 (size before relaxing)
 .debug_str     0x0000000000000667       0x34 ./User/ch32v30x_it.o
                                        0x591 (size before relaxing)
 .debug_str     0x000000000000069b      0x163 ./User/gpio.o
                                        0x722 (size before relaxing)
 .debug_str     0x00000000000007fe      0x308 ./User/main.o
                                        0xa2c (size before relaxing)
 .debug_str     0x0000000000000b06       0xf5 ./User/system_ch32v30x.o
                                        0x6a7 (size before relaxing)
 .debug_str     0x0000000000000bfb       0x2e ./Startup/startup_ch32v30x_D8C.o
                                         0x45 (size before relaxing)
 .debug_str     0x0000000000000c29      0x3f2 ./Peripheral/src/ch32v30x_adc.o
                                        0xbf2 (size before relaxing)
 .debug_str     0x000000000000101b       0x7e ./Peripheral/src/ch32v30x_dbgmcu.o
                                        0x621 (size before relaxing)
 .debug_str     0x0000000000001099      0x21b ./Peripheral/src/ch32v30x_gpio.o
                                        0x94c (size before relaxing)
 .debug_str     0x00000000000012b4      0x5ba ./Peripheral/src/ch32v30x_rcc.o
                                        0xca5 (size before relaxing)
 .debug_str     0x000000000000186e      0x445 ./Peripheral/src/ch32v30x_usart.o
                                        0xaf2 (size before relaxing)
 .debug_str     0x0000000000001cb3       0x76 ./Debug/debug.o
                                        0x8da (size before relaxing)

.comment        0x0000000000000000       0x33
 .comment       0x0000000000000000       0x33 ./User/TM1637.o
                                         0x34 (size before relaxing)
 .comment       0x0000000000000033       0x34 ./User/ch32v30x_it.o
 .comment       0x0000000000000033       0x34 ./User/gpio.o
 .comment       0x0000000000000033       0x34 ./User/main.o
 .comment       0x0000000000000033       0x34 ./User/system_ch32v30x.o
 .comment       0x0000000000000033       0x34 ./Peripheral/src/ch32v30x_adc.o
 .comment       0x0000000000000033       0x34 ./Peripheral/src/ch32v30x_dbgmcu.o
 .comment       0x0000000000000033       0x34 ./Peripheral/src/ch32v30x_gpio.o
 .comment       0x0000000000000033       0x34 ./Peripheral/src/ch32v30x_rcc.o
 .comment       0x0000000000000033       0x34 ./Peripheral/src/ch32v30x_usart.o
 .comment       0x0000000000000033       0x34 ./Debug/debug.o

.debug_frame    0x0000000000000000     0x1584
 .debug_frame   0x0000000000000000      0x160 ./User/TM1637.o
 .debug_frame   0x0000000000000160       0x30 ./User/ch32v30x_it.o
 .debug_frame   0x0000000000000190       0x34 ./User/gpio.o
 .debug_frame   0x00000000000001c4       0x74 ./User/main.o
 .debug_frame   0x0000000000000238       0x3c ./User/system_ch32v30x.o
 .debug_frame   0x0000000000000274      0x2b4 ./Peripheral/src/ch32v30x_adc.o
 .debug_frame   0x0000000000000528       0x70 ./Peripheral/src/ch32v30x_dbgmcu.o
 .debug_frame   0x0000000000000598      0x148 ./Peripheral/src/ch32v30x_gpio.o
 .debug_frame   0x00000000000006e0      0x344 ./Peripheral/src/ch32v30x_rcc.o
 .debug_frame   0x0000000000000a24      0x204 ./Peripheral/src/ch32v30x_usart.o
 .debug_frame   0x0000000000000c28       0x9c ./Debug/debug.o
 .debug_frame   0x0000000000000cc4       0x54 c:/mounriver/mounriver_studio/toolchain/risc-v embedded gcc/bin/../lib/gcc/riscv-none-embed/8.2.0/../../../../riscv-none-embed/lib/rv32imacxw/ilp32\libg_nano.a(lib_a-printf.o)
 .debug_frame   0x0000000000000d18      0x148 c:/mounriver/mounriver_studio/toolchain/risc-v embedded gcc/bin/../lib/gcc/riscv-none-embed/8.2.0/../../../../riscv-none-embed/lib/rv32imacxw/ilp32\libg_nano.a(lib_a-findfp.o)
 .debug_frame   0x0000000000000e60       0x88 c:/mounriver/mounriver_studio/toolchain/risc-v embedded gcc/bin/../lib/gcc/riscv-none-embed/8.2.0/../../../../riscv-none-embed/lib/rv32imacxw/ilp32\libg_nano.a(lib_a-fwalk.o)
 .debug_frame   0x0000000000000ee8       0x40 c:/mounriver/mounriver_studio/toolchain/risc-v embedded gcc/bin/../lib/gcc/riscv-none-embed/8.2.0/../../../../riscv-none-embed/lib/rv32imacxw/ilp32\libg_nano.a(lib_a-nano-mallocr.o)
 .debug_frame   0x0000000000000f28       0xd0 c:/mounriver/mounriver_studio/toolchain/risc-v embedded gcc/bin/../lib/gcc/riscv-none-embed/8.2.0/../../../../riscv-none-embed/lib/rv32imacxw/ilp32\libg_nano.a(lib_a-nano-vfprintf.o)
 .debug_frame   0x0000000000000ff8       0x8c c:/mounriver/mounriver_studio/toolchain/risc-v embedded gcc/bin/../lib/gcc/riscv-none-embed/8.2.0/../../../../riscv-none-embed/lib/rv32imacxw/ilp32\libg_nano.a(lib_a-nano-vfprintf_i.o)
 .debug_frame   0x0000000000001084       0x30 c:/mounriver/mounriver_studio/toolchain/risc-v embedded gcc/bin/../lib/gcc/riscv-none-embed/8.2.0/../../../../riscv-none-embed/lib/rv32imacxw/ilp32\libg_nano.a(lib_a-sbrkr.o)
 .debug_frame   0x00000000000010b4       0xa4 c:/mounriver/mounriver_studio/toolchain/risc-v embedded gcc/bin/../lib/gcc/riscv-none-embed/8.2.0/../../../../riscv-none-embed/lib/rv32imacxw/ilp32\libg_nano.a(lib_a-stdio.o)
 .debug_frame   0x0000000000001158       0x50 c:/mounriver/mounriver_studio/toolchain/risc-v embedded gcc/bin/../lib/gcc/riscv-none-embed/8.2.0/../../../../riscv-none-embed/lib/rv32imacxw/ilp32\libg_nano.a(lib_a-wbuf.o)
 .debug_frame   0x00000000000011a8       0x30 c:/mounriver/mounriver_studio/toolchain/risc-v embedded gcc/bin/../lib/gcc/riscv-none-embed/8.2.0/../../../../riscv-none-embed/lib/rv32imacxw/ilp32\libg_nano.a(lib_a-writer.o)
 .debug_frame   0x00000000000011d8       0x3c c:/mounriver/mounriver_studio/toolchain/risc-v embedded gcc/bin/../lib/gcc/riscv-none-embed/8.2.0/../../../../riscv-none-embed/lib/rv32imacxw/ilp32\libg_nano.a(lib_a-wsetup.o)
 .debug_frame   0x0000000000001214       0x30 c:/mounriver/mounriver_studio/toolchain/risc-v embedded gcc/bin/../lib/gcc/riscv-none-embed/8.2.0/../../../../riscv-none-embed/lib/rv32imacxw/ilp32\libg_nano.a(lib_a-closer.o)
 .debug_frame   0x0000000000001244       0x7c c:/mounriver/mounriver_studio/toolchain/risc-v embedded gcc/bin/../lib/gcc/riscv-none-embed/8.2.0/../../../../riscv-none-embed/lib/rv32imacxw/ilp32\libg_nano.a(lib_a-fflush.o)
 .debug_frame   0x00000000000012c0       0x30 c:/mounriver/mounriver_studio/toolchain/risc-v embedded gcc/bin/../lib/gcc/riscv-none-embed/8.2.0/../../../../riscv-none-embed/lib/rv32imacxw/ilp32\libg_nano.a(lib_a-lseekr.o)
 .debug_frame   0x00000000000012f0       0x64 c:/mounriver/mounriver_studio/toolchain/risc-v embedded gcc/bin/../lib/gcc/riscv-none-embed/8.2.0/../../../../riscv-none-embed/lib/rv32imacxw/ilp32\libg_nano.a(lib_a-makebuf.o)
 .debug_frame   0x0000000000001354       0x20 c:/mounriver/mounriver_studio/toolchain/risc-v embedded gcc/bin/../lib/gcc/riscv-none-embed/8.2.0/../../../../riscv-none-embed/lib/rv32imacxw/ilp32\libg_nano.a(lib_a-memchr.o)
 .debug_frame   0x0000000000001374       0x30 c:/mounriver/mounriver_studio/toolchain/risc-v embedded gcc/bin/../lib/gcc/riscv-none-embed/8.2.0/../../../../riscv-none-embed/lib/rv32imacxw/ilp32\libg_nano.a(lib_a-mlock.o)
 .debug_frame   0x00000000000013a4       0x40 c:/mounriver/mounriver_studio/toolchain/risc-v embedded gcc/bin/../lib/gcc/riscv-none-embed/8.2.0/../../../../riscv-none-embed/lib/rv32imacxw/ilp32\libg_nano.a(lib_a-nano-freer.o)
 .debug_frame   0x00000000000013e4       0x30 c:/mounriver/mounriver_studio/toolchain/risc-v embedded gcc/bin/../lib/gcc/riscv-none-embed/8.2.0/../../../../riscv-none-embed/lib/rv32imacxw/ilp32\libg_nano.a(lib_a-readr.o)
 .debug_frame   0x0000000000001414       0x70 c:/mounriver/mounriver_studio/toolchain/risc-v embedded gcc/bin/../lib/gcc/riscv-none-embed/8.2.0/../../../../riscv-none-embed/lib/rv32imacxw/ilp32\libg_nano.a(lib_a-reent.o)
 .debug_frame   0x0000000000001484       0x30 c:/mounriver/mounriver_studio/toolchain/risc-v embedded gcc/bin/../lib/gcc/riscv-none-embed/8.2.0/../../../../riscv-none-embed/lib/rv32imacxw/ilp32\libg_nano.a(lib_a-fstatr.o)
 .debug_frame   0x00000000000014b4       0x30 c:/mounriver/mounriver_studio/toolchain/risc-v embedded gcc/bin/../lib/gcc/riscv-none-embed/8.2.0/../../../../riscv-none-embed/lib/rv32imacxw/ilp32\libg_nano.a(lib_a-isattyr.o)
 .debug_frame   0x00000000000014e4       0x20 c:/mounriver/mounriver_studio/toolchain/risc-v embedded gcc/bin/../lib/gcc/riscv-none-embed/8.2.0/../../../../riscv-none-embed/lib/rv32imacxw/ilp32\libnosys.a(close.o)
 .debug_frame   0x0000000000001504       0x20 c:/mounriver/mounriver_studio/toolchain/risc-v embedded gcc/bin/../lib/gcc/riscv-none-embed/8.2.0/../../../../riscv-none-embed/lib/rv32imacxw/ilp32\libnosys.a(fstat.o)
 .debug_frame   0x0000000000001524       0x20 c:/mounriver/mounriver_studio/toolchain/risc-v embedded gcc/bin/../lib/gcc/riscv-none-embed/8.2.0/../../../../riscv-none-embed/lib/rv32imacxw/ilp32\libnosys.a(isatty.o)
 .debug_frame   0x0000000000001544       0x20 c:/mounriver/mounriver_studio/toolchain/risc-v embedded gcc/bin/../lib/gcc/riscv-none-embed/8.2.0/../../../../riscv-none-embed/lib/rv32imacxw/ilp32\libnosys.a(lseek.o)
 .debug_frame   0x0000000000001564       0x20 c:/mounriver/mounriver_studio/toolchain/risc-v embedded gcc/bin/../lib/gcc/riscv-none-embed/8.2.0/../../../../riscv-none-embed/lib/rv32imacxw/ilp32\libnosys.a(read.o)

.stab           0x0000000000000000       0x84
 .stab          0x0000000000000000       0x24 c:/mounriver/mounriver_studio/toolchain/risc-v embedded gcc/bin/../lib/gcc/riscv-none-embed/8.2.0/../../../../riscv-none-embed/lib/rv32imacxw/ilp32\libnosys.a(close.o)
 .stab          0x0000000000000024       0x18 c:/mounriver/mounriver_studio/toolchain/risc-v embedded gcc/bin/../lib/gcc/riscv-none-embed/8.2.0/../../../../riscv-none-embed/lib/rv32imacxw/ilp32\libnosys.a(fstat.o)
                                         0x24 (size before relaxing)
 .stab          0x000000000000003c       0x18 c:/mounriver/mounriver_studio/toolchain/risc-v embedded gcc/bin/../lib/gcc/riscv-none-embed/8.2.0/../../../../riscv-none-embed/lib/rv32imacxw/ilp32\libnosys.a(isatty.o)
                                         0x24 (size before relaxing)
 .stab          0x0000000000000054       0x18 c:/mounriver/mounriver_studio/toolchain/risc-v embedded gcc/bin/../lib/gcc/riscv-none-embed/8.2.0/../../../../riscv-none-embed/lib/rv32imacxw/ilp32\libnosys.a(lseek.o)
                                         0x24 (size before relaxing)
 .stab          0x000000000000006c       0x18 c:/mounriver/mounriver_studio/toolchain/risc-v embedded gcc/bin/../lib/gcc/riscv-none-embed/8.2.0/../../../../riscv-none-embed/lib/rv32imacxw/ilp32\libnosys.a(read.o)
                                         0x24 (size before relaxing)

.stabstr        0x0000000000000000      0x117
 .stabstr       0x0000000000000000      0x117 c:/mounriver/mounriver_studio/toolchain/risc-v embedded gcc/bin/../lib/gcc/riscv-none-embed/8.2.0/../../../../riscv-none-embed/lib/rv32imacxw/ilp32\libnosys.a(close.o)
