Archive member included to satisfy reference by file (symbol)

c:/mounriver/mounriver_studio/toolchain/risc-v embedded gcc/bin/../lib/gcc/riscv-none-embed/8.2.0\libgcc.a(extendsfdf2.o)
                              ./User/main.o (__extendsfdf2)
c:/mounriver/mounriver_studio/toolchain/risc-v embedded gcc/bin/../lib/gcc/riscv-none-embed/8.2.0\libgcc.a(save-restore.o)
                              ./User/main.o (__riscv_save_12)
c:/mounriver/mounriver_studio/toolchain/risc-v embedded gcc/bin/../lib/gcc/riscv-none-embed/8.2.0\libgcc.a(_clzsi2.o)
                              c:/mounriver/mounriver_studio/toolchain/risc-v embedded gcc/bin/../lib/gcc/riscv-none-embed/8.2.0\libgcc.a(extendsfdf2.o) (__clzsi2)
c:/mounriver/mounriver_studio/toolchain/risc-v embedded gcc/bin/../lib/gcc/riscv-none-embed/8.2.0\libgcc.a(_clz.o)
                              c:/mounriver/mounriver_studio/toolchain/risc-v embedded gcc/bin/../lib/gcc/riscv-none-embed/8.2.0\libgcc.a(_clzsi2.o) (__clz_tab)
c:/mounriver/mounriver_studio/toolchain/risc-v embedded gcc/bin/../lib/gcc/riscv-none-embed/8.2.0/../../../../riscv-none-embed/lib\libg_nano.a(lib_a-nano-vfprintf_float.o)
                              (_printf_float)
c:/mounriver/mounriver_studio/toolchain/risc-v embedded gcc/bin/../lib/gcc/riscv-none-embed/8.2.0/../../../../riscv-none-embed/lib\libg_nano.a(lib_a-nano-vfprintf_i.o)
                              c:/mounriver/mounriver_studio/toolchain/risc-v embedded gcc/bin/../lib/gcc/riscv-none-embed/8.2.0/../../../../riscv-none-embed/lib\libg_nano.a(lib_a-nano-vfprintf_float.o) (_printf_common)
c:/mounriver/mounriver_studio/toolchain/risc-v embedded gcc/bin/../lib/gcc/riscv-none-embed/8.2.0/../../../../riscv-none-embed/lib\libg_nano.a(lib_a-printf.o)
                              ./User/main.o (printf)
c:/mounriver/mounriver_studio/toolchain/risc-v embedded gcc/bin/../lib/gcc/riscv-none-embed/8.2.0/../../../../riscv-none-embed/lib\libg_nano.a(lib_a-puts.o)
                              ./User/main.o (puts)
c:/mounriver/mounriver_studio/toolchain/risc-v embedded gcc/bin/../lib/gcc/riscv-none-embed/8.2.0/../../../../riscv-none-embed/lib\libg_nano.a(lib_a-snprintf.o)
                              ./User/main.o (snprintf)
c:/mounriver/mounriver_studio/toolchain/risc-v embedded gcc/bin/../lib/gcc/riscv-none-embed/8.2.0/../../../../riscv-none-embed/lib\libg_nano.a(lib_a-strlen.o)
                              c:/mounriver/mounriver_studio/toolchain/risc-v embedded gcc/bin/../lib/gcc/riscv-none-embed/8.2.0/../../../../riscv-none-embed/lib\libg_nano.a(lib_a-nano-vfprintf_float.o) (strlen)
c:/mounriver/mounriver_studio/toolchain/risc-v embedded gcc/bin/../lib/gcc/riscv-none-embed/8.2.0/../../../../riscv-none-embed/lib\libg_nano.a(lib_a-wbuf.o)
                              c:/mounriver/mounriver_studio/toolchain/risc-v embedded gcc/bin/../lib/gcc/riscv-none-embed/8.2.0/../../../../riscv-none-embed/lib\libg_nano.a(lib_a-puts.o) (__swbuf_r)
c:/mounriver/mounriver_studio/toolchain/risc-v embedded gcc/bin/../lib/gcc/riscv-none-embed/8.2.0/../../../../riscv-none-embed/lib\libg_nano.a(lib_a-wsetup.o)
                              c:/mounriver/mounriver_studio/toolchain/risc-v embedded gcc/bin/../lib/gcc/riscv-none-embed/8.2.0/../../../../riscv-none-embed/lib\libg_nano.a(lib_a-puts.o) (__swsetup_r)
c:/mounriver/mounriver_studio/toolchain/risc-v embedded gcc/bin/../lib/gcc/riscv-none-embed/8.2.0/../../../../riscv-none-embed/lib\libg_nano.a(lib_a-dtoa.o)
                              c:/mounriver/mounriver_studio/toolchain/risc-v embedded gcc/bin/../lib/gcc/riscv-none-embed/8.2.0/../../../../riscv-none-embed/lib\libg_nano.a(lib_a-nano-vfprintf_float.o) (_dtoa_r)
c:/mounriver/mounriver_studio/toolchain/risc-v embedded gcc/bin/../lib/gcc/riscv-none-embed/8.2.0/../../../../riscv-none-embed/lib\libg_nano.a(lib_a-fflush.o)
                              c:/mounriver/mounriver_studio/toolchain/risc-v embedded gcc/bin/../lib/gcc/riscv-none-embed/8.2.0/../../../../riscv-none-embed/lib\libg_nano.a(lib_a-wbuf.o) (_fflush_r)
c:/mounriver/mounriver_studio/toolchain/risc-v embedded gcc/bin/../lib/gcc/riscv-none-embed/8.2.0/../../../../riscv-none-embed/lib\libg_nano.a(lib_a-findfp.o)
                              c:/mounriver/mounriver_studio/toolchain/risc-v embedded gcc/bin/../lib/gcc/riscv-none-embed/8.2.0/../../../../riscv-none-embed/lib\libg_nano.a(lib_a-printf.o) (__sinit)
c:/mounriver/mounriver_studio/toolchain/risc-v embedded gcc/bin/../lib/gcc/riscv-none-embed/8.2.0/../../../../riscv-none-embed/lib\libg_nano.a(lib_a-fwalk.o)
                              c:/mounriver/mounriver_studio/toolchain/risc-v embedded gcc/bin/../lib/gcc/riscv-none-embed/8.2.0/../../../../riscv-none-embed/lib\libg_nano.a(lib_a-findfp.o) (_fwalk)
c:/mounriver/mounriver_studio/toolchain/risc-v embedded gcc/bin/../lib/gcc/riscv-none-embed/8.2.0/../../../../riscv-none-embed/lib\libg_nano.a(lib_a-impure.o)
[...]
Memory Configuration

Name             Origin             Length             Attributes
FLASH            0x0000000000000000 0x0000000000048000 xr
RAM              0x0000000020000000 0x0000000000008000 xrw
*default*        0x0000000000000000 0xffffffffffffffff

Linker script and memory map

LOAD ./User/ch32v30x_it.o
LOAD ./User/fonts.o
LOAD ./User/ili9341.o
LOAD ./User/int_lin.o
LOAD ./User/main.o
LOAD ./User/spi.o
LOAD ./User/system_ch32v30x.o
LOAD ./Startup/startup_ch32v30x_D8C.o
LOAD ./Peripheral/src/ch32v30x_adc.o
LOAD ./Peripheral/src/ch32v30x_bkp.o
LOAD ./Peripheral/src/ch32v30x_can.o
LOAD ./Peripheral/src/ch32v30x_crc.o
LOAD ./Peripheral/src/ch32v30x_dac.o
LOAD ./Peripheral/src/ch32v30x_dbgmcu.o
LOAD ./Peripheral/src/ch32v30x_dma.o
LOAD ./Peripheral/src/ch32v30x_dvp.o
LOAD ./Peripheral/src/ch32v30x_eth.o
LOAD ./Peripheral/src/ch32v30x_exti.o
LOAD ./Peripheral/src/ch32v30x_flash.o
LOAD ./Peripheral/src/ch32v30x_fsmc.o
LOAD ./Peripheral/src/ch32v30x_gpio.o
LOAD ./Peripheral/src/ch32v30x_i2c.o
LOAD ./Peripheral/src/ch32v30x_iwdg.o
LOAD ./Peripheral/src/ch32v30x_misc.o
LOAD ./Peripheral/src/ch32v30x_opa.o
LOAD ./Peripheral/src/ch32v30x_pwr.o
LOAD ./Peripheral/src/ch32v30x_rcc.o
LOAD ./Peripheral/src/ch32v30x_rng.o
LOAD ./Peripheral/src/ch32v30x_rtc.o
LOAD ./Peripheral/src/ch32v30x_sdio.o
LOAD ./Peripheral/src/ch32v30x_spi.o
LOAD ./Peripheral/src/ch32v30x_tim.o
LOAD ./Peripheral/src/ch32v30x_usart.o
LOAD ./Peripheral/src/ch32v30x_wwdg.o
LOAD ./Debug/debug.o
LOAD ./Core/core_riscv.o
LOAD c:/mounriver/mounriver_studio/toolchain/risc-v embedded gcc/bin/../lib/gcc/riscv-none-embed/8.2.0/../../../../riscv-none-embed/lib\libm.a
LOAD c:/mounriver/mounriver_studio/toolchain/risc-v embedded gcc/bin/../lib/gcc/riscv-none-embed/8.2.0\libgcc.a
LOAD c:/mounriver/mounriver_studio/toolchain/risc-v embedded gcc/bin/../lib/gcc/riscv-none-embed/8.2.0/../../../../riscv-none-embed/lib\libg_nano.a
LOAD c:/mounriver/mounriver_studio/toolchain/risc-v embedded gcc/bin/../lib/gcc/riscv-none-embed/8.2.0/../../../../riscv-none-embed/lib\libc_nano.a
LOAD c:/mounriver/mounriver_studio/toolchain/risc-v embedded gcc/bin/../lib/gcc/riscv-none-embed/8.2.0\libgcc.a
START GROUP
LOAD c:/mounriver/mounriver_studio/toolchain/risc-v embedded gcc/bin/../lib/gcc/riscv-none-embed/8.2.0\libgcc.a
LOAD c:/mounriver/mounriver_studio/toolchain/risc-v embedded gcc/bin/../lib/gcc/riscv-none-embed/8.2.0/../../../../riscv-none-embed/lib\libc_nano.a
LOAD c:/mounriver/mounriver_studio/toolchain/risc-v embedded gcc/bin/../lib/gcc/riscv-none-embed/8.2.0/../../../../riscv-none-embed/lib\libnosys.a
END GROUP
START GROUP
LOAD c:/mounriver/mounriver_studio/toolchain/risc-v embedded gcc/bin/../lib/gcc/riscv-none-embed/8.2.0\libgcc.a
LOAD c:/mounriver/mounriver_studio/toolchain/risc-v embedded gcc/bin/../lib/gcc/riscv-none-embed/8.2.0/../../../../riscv-none-embed/lib\libc_nano.a
LOAD c:/mounriver/mounriver_studio/toolchain/risc-v embedded gcc/bin/../lib/gcc/riscv-none-embed/8.2.0/../../../../riscv-none-embed/lib\libnosys.a
END GROUP
                0x0000000000000800                __stack_size = 0x800
                [!provide]                        PROVIDE (_stack_size = __stack_size)

.init           0x0000000000000000       0x38
                0x0000000000000000                _sinit = .
                0x0000000000000000                . = ALIGN (0x4)
 *(SORT_NONE(.init))
 .init          0x0000000000000000       0x38 ./Startup/startup_ch32v30x_D8C.o
                0x0000000000000000                _start
                0x0000000000000038                . = ALIGN (0x4)
                0x0000000000000038                _einit = .

.vector         0x0000000000000038      0x1c8
 *(.vector)
 .vector        0x0000000000000038      0x1a0 ./Startup/startup_ch32v30x_D8C.o
                0x0000000000000200                . = ALIGN (0x40)
 *fill*         0x00000000000001d8       0x28 

.text           0x0000000000000200     0x718c
                0x0000000000000200                . = ALIGN (0x4)
 *(.text)
 .text          0x0000000000000200       0xd8 ./User/int_lin.o
                0x0000000000000200                int_lin
 .text          0x00000000000002d8       0x60 c:/mounriver/mounriver_studio/toolchain/risc-v embedded gcc/bin/../lib/gcc/riscv-none-embed/8.2.0\libgcc.a(save-restore.o)
                0x00000000000002d8                __riscv_save_12
                0x00000000000002e0                __riscv_save_9
                0x00000000000002e0                __riscv_save_11
                0x00000000000002e0                __riscv_save_10
                0x00000000000002e0                __riscv_save_8
                0x00000000000002ee                __riscv_save_4
                0x00000000000002ee                __riscv_save_6
                0x00000000000002ee                __riscv_save_5
                0x00000000000002ee                __riscv_save_7
                0x0000000000000308                __riscv_save_3
                0x0000000000000308                __riscv_save_2
                0x0000000000000308                __riscv_save_1
                0x0000000000000308                __riscv_save_0
                0x0000000000000314                __riscv_restore_12
                0x0000000000000318                __riscv_restore_11
                0x0000000000000318                __riscv_restore_9
                0x0000000000000318                __riscv_restore_10
                0x0000000000000318                __riscv_restore_8
                0x0000000000000322                __riscv_restore_5
                0x0000000000000322                __riscv_restore_7
                0x0000000000000322                __riscv_restore_6
                0x0000000000000322                __riscv_restore_4
                0x000000000000032c                __riscv_restore_3
                0x000000000000032c                __riscv_restore_0
                0x000000000000032c                __riscv_restore_2
                0x000000000000032c                __riscv_restore_1
 .text          0x0000000000000338       0xa8 c:/mounriver/mounriver_studio/toolchain/risc-v embedded gcc/bin/../lib/gcc/riscv-none-embed/8.2.0/../../../../riscv-none-embed/lib\libg_nano.a(lib_a-memset.o)
                0x0000000000000338                memset
 *(.text.*)
 .text.NMI_Handler
                0x00000000000003e0        0x4 ./User/ch32v30x_it.o
                0x00000000000003e0                NMI_Handler
 .text.HardFault_Handler
                0x00000000000003e4        0x2 ./User/ch32v30x_it.o
                0x00000000000003e4                HardFault_Handler
 .text.ili9341_send_data8
                0x00000000000003e6       0x36 ./User/ili9341.o
 .text.ili9341_send_cmd8
                0x000000000000041c       0x38 ./User/ili9341.o
 .text.ili9341_send_data16
                0x0000000000000454       0x3a ./User/ili9341.o
 .text.ili9341_send_dma_data16
                0x000000000000048e       0x30 ./User/ili9341.o
 .text.ili9341_init
                0x00000000000004be      0x262 ./User/ili9341.o
                0x00000000000004be                ili9341_init
 .text.ili9341_cursor_position
                0x0000000000000720       0x34 ./User/ili9341.o
                0x0000000000000720                ili9341_cursor_position
 .text.ili9341_fill
                0x0000000000000754       0x58 ./User/ili9341.o
                0x0000000000000754                ili9341_fill
 .text.ili9341_rotate_display
                0x00000000000007ac       0x52 ./User/ili9341.o
                0x00000000000007ac                ili9341_rotate_display
 .text.ili9341_putc
                0x00000000000007fe       0xe6 ./User/ili9341.o
                0x00000000000007fe                ili9341_putc
 .text.ili9341_puts
                0x00000000000008e4       0x6a ./User/ili9341.o
                0x00000000000008e4                ili9341_puts
 .text.TIM6_Init
                0x000000000000094e       0x34 ./User/main.o
                0x000000000000094e                TIM6_Init
 .text.startup.main
                0x0000000000000982      0x222 ./User/main.o
                0x0000000000000982                main
 .text.spi_init
                0x0000000000000ba4       0x72 ./User/spi.o
                0x0000000000000ba4                spi_init
 .text.spi_send8
                0x0000000000000c16       0x1e ./User/spi.o
                0x0000000000000c16                spi_send8
 .text.spi_send16
                0x0000000000000c34       0x1a ./User/spi.o
                0x0000000000000c34                spi_send16
 .text.spi_send_dma16
                0x0000000000000c4e       0x2c ./User/spi.o
                0x0000000000000c4e                spi_send_dma16
 .text.SystemInit
                0x0000000000000c7a       0xf8 ./User/system_ch32v30x.o
                0x0000000000000c7a                SystemInit
 .text.SystemCoreClockUpdate
                0x0000000000000d72       0xba ./User/system_ch32v30x.o
                0x0000000000000d72                SystemCoreClockUpdate
 .text.vector_handler
                0x0000000000000e2c       0xbe ./Startup/startup_ch32v30x_D8C.o
                0x0000000000000e30                Ecall_M_Mode_Handler
                0x0000000000000e32                Ecall_U_Mode_Handler
                0x0000000000000e34                Break_Point_Handler
                0x0000000000000e36                SysTick_Handler
                0x0000000000000e38                SW_Handler
                0x0000000000000e3a                WWDG_IRQHandler
                0x0000000000000e3c                PVD_IRQHandler
                0x0000000000000e3e                TAMPER_IRQHandler
                0x0000000000000e40                RTC_IRQHandler
                0x0000000000000e42                FLASH_IRQHandler
                0x0000000000000e44                RCC_IRQHandler
                0x0000000000000e46                EXTI0_IRQHandler
                0x0000000000000e48                EXTI1_IRQHandler
                0x0000000000000e4a                EXTI2_IRQHandler
                0x0000000000000e4c                EXTI3_IRQHandler
                0x0000000000000e4e                EXTI4_IRQHandler
                0x0000000000000e50                DMA1_Channel1_IRQHandler
                0x0000000000000e52                DMA1_Channel2_IRQHandler
                0x0000000000000e54                DMA1_Channel3_IRQHandler
                0x0000000000000e56                DMA1_Channel4_IRQHandler
                0x0000000000000e58                DMA1_Channel5_IRQHandler
                0x0000000000000e5a                DMA1_Channel6_IRQHandler
                0x0000000000000e5c                DMA1_Channel7_IRQHandler
                0x0000000000000e5e                ADC1_2_IRQHandler
                0x0000000000000e60                USB_HP_CAN1_TX_IRQHandler
                0x0000000000000e62                USB_LP_CAN1_RX0_IRQHandler
                0x0000000000000e64                CAN1_RX1_IRQHandler
                0x0000000000000e66                CAN1_SCE_IRQHandler
                0x0000000000000e68                EXTI9_5_IRQHandler
                0x0000000000000e6a                TIM1_BRK_IRQHandler
                0x0000000000000e6c                TIM1_UP_IRQHandler
                0x0000000000000e6e                TIM1_TRG_COM_IRQHandler
                0x0000000000000e70                TIM1_CC_IRQHandler
                0x0000000000000e72                TIM2_IRQHandler
                0x0000000000000e74                TIM3_IRQHandler
                0x0000000000000e76                TIM4_IRQHandler
                0x0000000000000e78                I2C1_EV_IRQHandler
                0x0000000000000e7a                I2C1_ER_IRQHandler
                0x0000000000000e7c                I2C2_EV_IRQHandler
                0x0000000000000e7e                I2C2_ER_IRQHandler
                0x0000000000000e80                SPI1_IRQHandler
                0x0000000000000e82                SPI2_IRQHandler
                0x0000000000000e84                USART1_IRQHandler
                0x0000000000000e86                USART2_IRQHandler
                0x0000000000000e88                USART3_IRQHandler
                0x0000000000000e8a                EXTI15_10_IRQHandler
                0x0000000000000e8c                RTCAlarm_IRQHandler
                0x0000000000000e8e                USBWakeUp_IRQHandler
                0x0000000000000e90                TIM8_BRK_IRQHandler
                0x0000000000000e92                TIM8_UP_IRQHandler
                0x0000000000000e94                TIM8_TRG_COM_IRQHandler
                0x0000000000000e96                TIM8_CC_IRQHandler
                0x0000000000000e98                RNG_IRQHandler
                0x0000000000000e9a                FSMC_IRQHandler
                0x0000000000000e9c                SDIO_IRQHandler
                0x0000000000000e9e                TIM5_IRQHandler
                0x0000000000000ea0                SPI3_IRQHandler
                0x0000000000000ea2                UART4_IRQHandler
                0x0000000000000ea4                UART5_IRQHandler
                0x0000000000000ea6                TIM6_IRQHandler
                0x0000000000000ea8                TIM7_IRQHandler
                0x0000000000000eaa                DMA2_Channel1_IRQHandler
                0x0000000000000eac                DMA2_Channel2_IRQHandler
                0x0000000000000eae                DMA2_Channel3_IRQHandler
                0x0000000000000eb0                DMA2_Channel4_IRQHandler
                0x0000000000000eb2                DMA2_Channel5_IRQHandler
                0x0000000000000eb4                ETH_IRQHandler
                0x0000000000000eb6                ETH_WKUP_IRQHandler
                0x0000000000000eb8                CAN2_TX_IRQHandler
                0x0000000000000eba                CAN2_RX0_IRQHandler
                0x0000000000000ebc                CAN2_RX1_IRQHandler
                0x0000000000000ebe                CAN2_SCE_IRQHandler
                0x0000000000000ec0                OTG_FS_IRQHandler
                0x0000000000000ec2                USBHSWakeup_IRQHandler
                0x0000000000000ec4                USBHS_IRQHandler
                0x0000000000000ec6                DVP_IRQHandler
                0x0000000000000ec8                UART6_IRQHandler
                0x0000000000000eca                UART7_IRQHandler
                0x0000000000000ecc                UART8_IRQHandler
                0x0000000000000ece                TIM9_BRK_IRQHandler
                0x0000000000000ed0                TIM9_UP_IRQHandler
                0x0000000000000ed2                TIM9_TRG_COM_IRQHandler
                0x0000000000000ed4                TIM9_CC_IRQHandler
                0x0000000000000ed6                TIM10_BRK_IRQHandler
                0x0000000000000ed8                TIM10_UP_IRQHandler
                0x0000000000000eda                TIM10_TRG_COM_IRQHandler
                0x0000000000000edc                TIM10_CC_IRQHandler
                0x0000000000000ede                DMA2_Channel6_IRQHandler
                0x0000000000000ee0                DMA2_Channel7_IRQHandler
                0x0000000000000ee2                DMA2_Channel8_IRQHandler
                0x0000000000000ee4                DMA2_Channel9_IRQHandler
                0x0000000000000ee6                DMA2_Channel10_IRQHandler
                0x0000000000000ee8                DMA2_Channel11_IRQHandler
 .text.handle_reset
                0x0000000000000eea       0x8a ./Startup/startup_ch32v30x_D8C.o
                0x0000000000000eea                handle_reset
 .text.GPIO_Init
                0x0000000000000f74       0xc0 ./Peripheral/src/ch32v30x_gpio.o
                0x0000000000000f74                GPIO_Init
 .text.NVIC_PriorityGroupConfig
                0x0000000000001034        0x6 ./Peripheral/src/ch32v30x_misc.o
                0x0000000000001034                NVIC_PriorityGroupConfig
 .text.RCC_PCLK1Config
                0x000000000000103a       0x10 ./Peripheral/src/ch32v30x_rcc.o
                0x000000000000103a                RCC_PCLK1Config
 .text.RCC_GetClocksFreq
                0x000000000000104a      0x176 ./Peripheral/src/ch32v30x_rcc.o
                0x000000000000104a                RCC_GetClocksFreq
 .text.RCC_APB2PeriphClockCmd
                0x00000000000011c0       0x1e ./Peripheral/src/ch32v30x_rcc.o
                0x00000000000011c0                RCC_APB2PeriphClockCmd
 .text.RCC_APB1PeriphClockCmd
                0x00000000000011de       0x1e ./Peripheral/src/ch32v30x_rcc.o
                0x00000000000011de                RCC_APB1PeriphClockCmd
 .text.TIM_TimeBaseInit
                0x00000000000011fc       0xaa ./Peripheral/src/ch32v30x_tim.o
                0x00000000000011fc                TIM_TimeBaseInit
 .text.TIM_Cmd  0x00000000000012a6       0x18 ./Peripheral/src/ch32v30x_tim.o
                0x00000000000012a6                TIM_Cmd
 .text.USART_Init
                0x00000000000012be       0xba ./Peripheral/src/ch32v30x_usart.o
                0x00000000000012be                USART_Init
 .text.USART_Cmd
                0x0000000000001378       0x16 ./Peripheral/src/ch32v30x_usart.o
                0x0000000000001378                USART_Cmd
 .text.USART_SendData
                0x000000000000138e        0x8 ./Peripheral/src/ch32v30x_usart.o
                0x000000000000138e                USART_SendData
 .text.USART_GetFlagStatus
                0x0000000000001396        0xa ./Peripheral/src/ch32v30x_usart.o
                0x0000000000001396                USART_GetFlagStatus
 .text.Delay_Init
                0x00000000000013a0       0x26 ./Debug/debug.o
                0x00000000000013a0                Delay_Init
 .text.Delay_Ms
                0x00000000000013c6       0x36 ./Debug/debug.o
                0x00000000000013c6                Delay_Ms
 .text.USART_Printf_Init
                0x00000000000013fc       0x54 ./Debug/debug.o
                0x00000000000013fc                USART_Printf_Init
 .text._write   0x0000000000001450       0x3a ./Debug/debug.o
                0x0000000000001450                _write
 .text._sbrk    0x000000000000148a       0x26 ./Debug/debug.o
                0x000000000000148a                _sbrk
 .text.__extendsfdf2
                0x00000000000014b0       0xac c:/mounriver/mounriver_studio/toolchain/risc-v embedded gcc/bin/../lib/gcc/riscv-none-embed/8.2.0\libgcc.a(extendsfdf2.o)
                0x00000000000014b0                __extendsfdf2
 .text.__clzsi2
                0x000000000000155c       0x76 c:/mounriver/mounriver_studio/toolchain/risc-v embedded gcc/bin/../lib/gcc/riscv-none-embed/8.2.0\libgcc.a(_clzsi2.o)
                0x000000000000155c                __clzsi2
 .text.__cvt    0x00000000000015d2       0xee c:/mounriver/mounriver_studio/toolchain/risc-v embedded gcc/bin/../lib/gcc/riscv-none-embed/8.2.0/../../../../riscv-none-embed/lib\libg_nano.a(lib_a-nano-vfprintf_float.o)
                0x00000000000015d2                __cvt
 .text.__exponent
                0x00000000000016c0       0x8c c:/mounriver/mounriver_studio/toolchain/risc-v embedded gcc/bin/../lib/gcc/riscv-none-embed/8.2.0/../../../../riscv-none-embed/lib\libg_nano.a(lib_a-nano-vfprintf_float.o)
                0x00000000000016c0                __exponent
 .text._printf_float
                0x000000000000174c      0x4c0 c:/mounriver/mounriver_studio/toolchain/risc-v embedded gcc/bin/../lib/gcc/riscv-none-embed/8.2.0/../../../../riscv-none-embed/lib\libg_nano.a(lib_a-nano-vfprintf_float.o)
                0x000000000000174c                _printf_float
 .text._printf_common
                0x0000000000001c0c      0x10c c:/mounriver/mounriver_studio/toolchain/risc-v embedded gcc/bin/../lib/gcc/riscv-none-embed/8.2.0/../../../../riscv-none-embed/lib\libg_nano.a(lib_a-nano-vfprintf_i.o)
                0x0000000000001c0c                _printf_common
 .text._printf_i
                0x0000000000001d18      0x2aa c:/mounriver/mounriver_studio/toolchain/risc-v embedded gcc/bin/../lib/gcc/riscv-none-embed/8.2.0/../../../../riscv-none-embed/lib\libg_nano.a(lib_a-nano-vfprintf_i.o)
                0x0000000000001d18                _printf_i
 .text.printf   0x0000000000001fc2       0x42 c:/mounriver/mounriver_studio/toolchain/risc-v embedded gcc/bin/../lib/gcc/riscv-none-embed/8.2.0/../../../../riscv-none-embed/lib\libg_nano.a(lib_a-printf.o)
                0x0000000000001fc2                iprintf
                0x0000000000001fc2                printf
 .text._puts_r  0x0000000000002004       0xde c:/mounriver/mounriver_studio/toolchain/risc-v embedded gcc/bin/../lib/gcc/riscv-none-embed/8.2.0/../../../../riscv-none-embed/lib\libg_nano.a(lib_a-puts.o)
                0x0000000000002004                _puts_r
 .text.puts     0x00000000000020e2        0xa c:/mounriver/mounriver_studio/toolchain/risc-v embedded gcc/bin/../lib/gcc/riscv-none-embed/8.2.0/../../../../riscv-none-embed/lib\libg_nano.a(lib_a-puts.o)
                0x00000000000020e2                puts
 .text.snprintf
                0x00000000000020ec       0x70 c:/mounriver/mounriver_studio/toolchain/risc-v embedded gcc/bin/../lib/gcc/riscv-none-embed/8.2.0/../../../../riscv-none-embed/lib\libg_nano.a(lib_a-snprintf.o)
                0x00000000000020ec                sniprintf
                0x00000000000020ec                snprintf
 .text.strlen   0x000000000000215c       0x12 c:/mounriver/mounriver_studio/toolchain/risc-v embedded gcc/bin/../lib/gcc/riscv-none-embed/8.2.0/../../../../riscv-none-embed/lib\libg_nano.a(lib_a-strlen.o)
                0x000000000000215c                strlen
 .text.__swbuf_r
                0x000000000000216e       0xc6 c:/mounriver/mounriver_studio/toolchain/risc-v embedded gcc/bin/../lib/gcc/riscv-none-embed/8.2.0/../../../../riscv-none-embed/lib\libg_nano.a(lib_a-wbuf.o)
                0x000000000000216e                __swbuf_r
 .text.__swsetup_r
                0x0000000000002234      0x112 c:/mounriver/mounriver_studio/toolchain/risc-v embedded gcc/bin/../lib/gcc/riscv-none-embed/8.2.0/../../../../riscv-none-embed/lib\libg_nano.a(lib_a-wsetup.o)
                0x0000000000002234                __swsetup_r
 .text.quorem   0x0000000000002346      0x13a c:/mounriver/mounriver_studio/toolchain/risc-v embedded gcc/bin/../lib/gcc/riscv-none-embed/8.2.0/../../../../riscv-none-embed/lib\libg_nano.a(lib_a-dtoa.o)
 .text._dtoa_r  0x0000000000002480      0xc20 c:/mounriver/mounriver_studio/toolchain/risc-v embedded gcc/bin/../lib/gcc/riscv-none-embed/8.2.0/../../../../riscv-none-embed/lib\libg_nano.a(lib_a-dtoa.o)
                0x0000000000002480                _dtoa_r
 .text.__sflush_r
                0x00000000000030a0      0x13e c:/mounriver/mounriver_studio/toolchain/risc-v embedded gcc/bin/../lib/gcc/riscv-none-embed/8.2.0/../../../../riscv-none-embed/lib\libg_nano.a(lib_a-fflush.o)
                0x00000000000030a0                __sflush_r
 .text._fflush_r
                0x00000000000031de       0x66 c:/mounriver/mounriver_studio/toolchain/risc-v embedded gcc/bin/../lib/gcc/riscv-none-embed/8.2.0/../../../../riscv-none-embed/lib\libg_nano.a(lib_a-fflush.o)
                0x00000000000031de                _fflush_r
 .text.std      0x0000000000003244       0x6a c:/mounriver/mounriver_studio/toolchain/risc-v embedded gcc/bin/../lib/gcc/riscv-none-embed/8.2.0/../../../../riscv-none-embed/lib\libg_nano.a(lib_a-findfp.o)
 .text._cleanup_r
                0x00000000000032ae        0xa c:/mounriver/mounriver_studio/toolchain/risc-v embedded gcc/bin/../lib/gcc/riscv-none-embed/8.2.0/../../../../riscv-none-embed/lib\libg_nano.a(lib_a-findfp.o)
                0x00000000000032ae                _cleanup_r
 .text.__sfmoreglue
                0x00000000000032b8       0x48 c:/mounriver/mounriver_studio/toolchain/risc-v embedded gcc/bin/../lib/gcc/riscv-none-embed/8.2.0/../../../../riscv-none-embed/lib\libg_nano.a(lib_a-findfp.o)
                0x00000000000032b8                __sfmoreglue
 .text.__sinit  0x0000000000003300       0x66 c:/mounriver/mounriver_studio/toolchain/risc-v embedded gcc/bin/../lib/gcc/riscv-none-embed/8.2.0/../../../../riscv-none-embed/lib\libg_nano.a(lib_a-findfp.o)
                0x0000000000003300                __sinit
 .text.__sfp    0x0000000000003366       0x9e c:/mounriver/mounriver_studio/toolchain/risc-v embedded gcc/bin/../lib/gcc/riscv-none-embed/8.2.0/../../../../riscv-none-embed/lib\libg_nano.a(lib_a-findfp.o)
                0x0000000000003366                __sfp
 .text._fwalk_reent
                0x0000000000003404       0x6c c:/mounriver/mounriver_studio/toolchain/risc-v embedded gcc/bin/../lib/gcc/riscv-none-embed/8.2.0/../../../../riscv-none-embed/lib\libg_nano.a(lib_a-fwalk.o)
                0x0000000000003404                _fwalk_reent
 .text._localeconv_r
                0x0000000000003470       0x18 c:/mounriver/mounriver_studio/toolchain/risc-v embedded gcc/bin/../lib/gcc/riscv-none-embed/8.2.0/../../../../riscv-none-embed/lib\libg_nano.a(lib_a-localeconv.o)
                0x0000000000003470                _localeconv_r
 .text.__swhatbuf_r
                0x0000000000003488       0x5a c:/mounriver/mounriver_studio/toolchain/risc-v embedded gcc/bin/../lib/gcc/riscv-none-embed/8.2.0/../../../../riscv-none-embed/lib\libg_nano.a(lib_a-makebuf.o)
                0x0000000000003488                __swhatbuf_r
 .text.__smakebuf_r
                0x00000000000034e2       0xa0 c:/mounriver/mounriver_studio/toolchain/risc-v embedded gcc/bin/../lib/gcc/riscv-none-embed/8.2.0/../../../../riscv-none-embed/lib\libg_nano.a(lib_a-makebuf.o)
                0x00000000000034e2                __smakebuf_r
 .text.malloc   0x0000000000003582        0xc c:/mounriver/mounriver_studio/toolchain/risc-v embedded gcc/bin/../lib/gcc/riscv-none-embed/8.2.0/../../../../riscv-none-embed/lib\libg_nano.a(lib_a-malloc.o)
                0x0000000000003582                malloc
 .text.memchr   0x000000000000358e       0x1a c:/mounriver/mounriver_studio/toolchain/risc-v embedded gcc/bin/../lib/gcc/riscv-none-embed/8.2.0/../../../../riscv-none-embed/lib\libg_nano.a(lib_a-memchr.o)
                0x000000000000358e                memchr
 .text.memcpy   0x00000000000035a8       0xb6 c:/mounriver/mounriver_studio/toolchain/risc-v embedded gcc/bin/../lib/gcc/riscv-none-embed/8.2.0/../../../../riscv-none-embed/lib\libg_nano.a(lib_a-memcpy.o)
                0x00000000000035a8                memcpy
 .text._Balloc  0x000000000000365e       0x88 c:/mounriver/mounriver_studio/toolchain/risc-v embedded gcc/bin/../lib/gcc/riscv-none-embed/8.2.0/../../../../riscv-none-embed/lib\libg_nano.a(lib_a-mprec.o)
                0x000000000000365e                _Balloc
 .text._Bfree   0x00000000000036e6       0x44 c:/mounriver/mounriver_studio/toolchain/risc-v embedded gcc/bin/../lib/gcc/riscv-none-embed/8.2.0/../../../../riscv-none-embed/lib\libg_nano.a(lib_a-mprec.o)
                0x00000000000036e6                _Bfree
 .text.__multadd
                0x000000000000372a       0x96 c:/mounriver/mounriver_studio/toolchain/risc-v embedded gcc/bin/../lib/gcc/riscv-none-embed/8.2.0/../../../../riscv-none-embed/lib\libg_nano.a(lib_a-mprec.o)
                0x000000000000372a                __multadd
 .text.__hi0bits
                0x00000000000037c0       0x46 c:/mounriver/mounriver_studio/toolchain/risc-v embedded gcc/bin/../lib/gcc/riscv-none-embed/8.2.0/../../../../riscv-none-embed/lib\libg_nano.a(lib_a-mprec.o)
                0x00000000000037c0                __hi0bits
 .text.__lo0bits
                0x0000000000003806       0x6a c:/mounriver/mounriver_studio/toolchain/risc-v embedded gcc/bin/../lib/gcc/riscv-none-embed/8.2.0/../../../../riscv-none-embed/lib\libg_nano.a(lib_a-mprec.o)
                0x0000000000003806                __lo0bits
 .text.__i2b    0x0000000000003870       0x1c c:/mounriver/mounriver_studio/toolchain/risc-v embedded gcc/bin/../lib/gcc/riscv-none-embed/8.2.0/../../../../riscv-none-embed/lib\libg_nano.a(lib_a-mprec.o)
                0x0000000000003870                __i2b
 .text.__multiply
                0x000000000000388c      0x144 c:/mounriver/mounriver_studio/toolchain/risc-v embedded gcc/bin/../lib/gcc/riscv-none-embed/8.2.0/../../../../riscv-none-embed/lib\libg_nano.a(lib_a-mprec.o)
                0x000000000000388c                __multiply
 .text.__pow5mult
                0x00000000000039d0       0xbe c:/mounriver/mounriver_studio/toolchain/risc-v embedded gcc/bin/../lib/gcc/riscv-none-embed/8.2.0/../../../../riscv-none-embed/lib\libg_nano.a(lib_a-mprec.o)
                0x00000000000039d0                __pow5mult
 .text.__lshift
                0x0000000000003a8e       0xce c:/mounriver/mounriver_studio/toolchain/risc-v embedded gcc/bin/../lib/gcc/riscv-none-embed/8.2.0/../../../../riscv-none-embed/lib\libg_nano.a(lib_a-mprec.o)
                0x0000000000003a8e                __lshift
 .text.__mcmp   0x0000000000003b5c       0x32 c:/mounriver/mounriver_studio/toolchain/risc-v embedded gcc/bin/../lib/gcc/riscv-none-embed/8.2.0/../../../../riscv-none-embed/lib\libg_nano.a(lib_a-mprec.o)
                0x0000000000003b5c                __mcmp
 .text.__mdiff  0x0000000000003b8e       0xf0 c:/mounriver/mounriver_studio/toolchain/risc-v embedded gcc/bin/../lib/gcc/riscv-none-embed/8.2.0/../../../../riscv-none-embed/lib\libg_nano.a(lib_a-mprec.o)
                0x0000000000003b8e                __mdiff
 .text.__d2b    0x0000000000003c7e       0xd4 c:/mounriver/mounriver_studio/toolchain/risc-v embedded gcc/bin/../lib/gcc/riscv-none-embed/8.2.0/../../../../riscv-none-embed/lib\libg_nano.a(lib_a-mprec.o)
                0x0000000000003c7e                __d2b
 .text._calloc_r
                0x0000000000003d52       0x26 c:/mounriver/mounriver_studio/toolchain/risc-v embedded gcc/bin/../lib/gcc/riscv-none-embed/8.2.0/../../../../riscv-none-embed/lib\libg_nano.a(lib_a-nano-callocr.o)
                0x0000000000003d52                _calloc_r
 .text._free_r  0x0000000000003d78       0xa8 c:/mounriver/mounriver_studio/toolchain/risc-v embedded gcc/bin/../lib/gcc/riscv-none-embed/8.2.0/../../../../riscv-none-embed/lib\libg_nano.a(lib_a-nano-freer.o)
                0x0000000000003d78                _free_r
 .text._malloc_r
                0x0000000000003e20       0xd4 c:/mounriver/mounriver_studio/toolchain/risc-v embedded gcc/bin/../lib/gcc/riscv-none-embed/8.2.0/../../../../riscv-none-embed/lib\libg_nano.a(lib_a-nano-mallocr.o)
                0x0000000000003e20                _malloc_r
 .text.__ssputs_r
                0x0000000000003ef4       0xee c:/mounriver/mounriver_studio/toolchain/risc-v embedded gcc/bin/../lib/gcc/riscv-none-embed/8.2.0/../../../../riscv-none-embed/lib\libg_nano.a(lib_a-nano-svfprintf.o)
                0x0000000000003ef4                __ssputs_r
 .text._svfprintf_r
                0x0000000000003fe2      0x27e c:/mounriver/mounriver_studio/toolchain/risc-v embedded gcc/bin/../lib/gcc/riscv-none-embed/8.2.0/../../../../riscv-none-embed/lib\libg_nano.a(lib_a-nano-svfprintf.o)
                0x0000000000003fe2                _svfiprintf_r
                0x0000000000003fe2                _svfprintf_r
 .text.__sfputc_r
                0x0000000000004260       0x2a c:/mounriver/mounriver_studio/toolchain/risc-v embedded gcc/bin/../lib/gcc/riscv-none-embed/8.2.0/../../../../riscv-none-embed/lib\libg_nano.a(lib_a-nano-vfprintf.o)
 .text.__sfputs_r
                0x000000000000428a       0x44 c:/mounriver/mounriver_studio/toolchain/risc-v embedded gcc/bin/../lib/gcc/riscv-none-embed/8.2.0/../../../../riscv-none-embed/lib\libg_nano.a(lib_a-nano-vfprintf.o)
                0x000000000000428a                __sfputs_r
 .text._vfprintf_r
                0x00000000000042ce      0x2a0 c:/mounriver/mounriver_studio/toolchain/risc-v embedded gcc/bin/../lib/gcc/riscv-none-embed/8.2.0/../../../../riscv-none-embed/lib\libg_nano.a(lib_a-nano-vfprintf.o)
                0x00000000000042ce                _vfprintf_r
                0x00000000000042ce                _vfiprintf_r
 .text._sbrk_r  0x000000000000456e       0x2a c:/mounriver/mounriver_studio/toolchain/risc-v embedded gcc/bin/../lib/gcc/riscv-none-embed/8.2.0/../../../../riscv-none-embed/lib\libg_nano.a(lib_a-sbrkr.o)
                0x000000000000456e                _sbrk_r
 .text.__sread  0x0000000000004598       0x30 c:/mounriver/mounriver_studio/toolchain/risc-v embedded gcc/bin/../lib/gcc/riscv-none-embed/8.2.0/../../../../riscv-none-embed/lib\libg_nano.a(lib_a-stdio.o)
                0x0000000000004598                __sread
 .text.__swrite
                0x00000000000045c8       0x4e c:/mounriver/mounriver_studio/toolchain/risc-v embedded gcc/bin/../lib/gcc/riscv-none-embed/8.2.0/../../../../riscv-none-embed/lib\libg_nano.a(lib_a-stdio.o)
                0x00000000000045c8                __swrite
 .text.__sseek  0x0000000000004616       0x36 c:/mounriver/mounriver_studio/toolchain/risc-v embedded gcc/bin/../lib/gcc/riscv-none-embed/8.2.0/../../../../riscv-none-embed/lib\libg_nano.a(lib_a-stdio.o)
                0x0000000000004616                __sseek
 .text.__sclose
                0x000000000000464c        0x6 c:/mounriver/mounriver_studio/toolchain/risc-v embedded gcc/bin/../lib/gcc/riscv-none-embed/8.2.0/../../../../riscv-none-embed/lib\libg_nano.a(lib_a-stdio.o)
                0x000000000000464c                __sclose
 .text._write_r
                0x0000000000004652       0x2e c:/mounriver/mounriver_studio/toolchain/risc-v embedded gcc/bin/../lib/gcc/riscv-none-embed/8.2.0/../../../../riscv-none-embed/lib\libg_nano.a(lib_a-writer.o)
                0x0000000000004652                _write_r
 .text._close_r
                0x0000000000004680       0x2a c:/mounriver/mounriver_studio/toolchain/risc-v embedded gcc/bin/../lib/gcc/riscv-none-embed/8.2.0/../../../../riscv-none-embed/lib\libg_nano.a(lib_a-closer.o)
                0x0000000000004680                _close_r
 .text._fstat_r
                0x00000000000046aa       0x2c c:/mounriver/mounriver_studio/toolchain/risc-v embedded gcc/bin/../lib/gcc/riscv-none-embed/8.2.0/../../../../riscv-none-embed/lib\libg_nano.a(lib_a-fstatr.o)
                0x00000000000046aa                _fstat_r
 .text._isatty_r
                0x00000000000046d6       0x2a c:/mounriver/mounriver_studio/toolchain/risc-v embedded gcc/bin/../lib/gcc/riscv-none-embed/8.2.0/../../../../riscv-none-embed/lib\libg_nano.a(lib_a-isattyr.o)
                0x00000000000046d6                _isatty_r
 .text._lseek_r
                0x0000000000004700       0x2e c:/mounriver/mounriver_studio/toolchain/risc-v embedded gcc/bin/../lib/gcc/riscv-none-embed/8.2.0/../../../../riscv-none-embed/lib\libg_nano.a(lib_a-lseekr.o)
                0x0000000000004700                _lseek_r
 .text.__ascii_mbtowc
                0x000000000000472e       0x3a c:/mounriver/mounriver_studio/toolchain/risc-v embedded gcc/bin/../lib/gcc/riscv-none-embed/8.2.0/../../../../riscv-none-embed/lib\libg_nano.a(lib_a-mbtowc_r.o)
                0x000000000000472e                __ascii_mbtowc
 .text.memmove  0x0000000000004768       0x4a c:/mounriver/mounriver_studio/toolchain/risc-v embedded gcc/bin/../lib/gcc/riscv-none-embed/8.2.0/../../../../riscv-none-embed/lib\libg_nano.a(lib_a-memmove.o)
                0x0000000000004768                memmove
 .text.__malloc_lock
                0x00000000000047b2        0x2 c:/mounriver/mounriver_studio/toolchain/risc-v embedded gcc/bin/../lib/gcc/riscv-none-embed/8.2.0/../../../../riscv-none-embed/lib\libg_nano.a(lib_a-mlock.o)
                0x00000000000047b2                __malloc_lock
 .text.__malloc_unlock
                0x00000000000047b4        0x2 c:/mounriver/mounriver_studio/toolchain/risc-v embedded gcc/bin/../lib/gcc/riscv-none-embed/8.2.0/../../../../riscv-none-embed/lib\libg_nano.a(lib_a-mlock.o)
                0x00000000000047b4                __malloc_unlock
 .text._realloc_r
                0x00000000000047b6       0x58 c:/mounriver/mounriver_studio/toolchain/risc-v embedded gcc/bin/../lib/gcc/riscv-none-embed/8.2.0/../../../../riscv-none-embed/lib\libg_nano.a(lib_a-nano-reallocr.o)
                0x00000000000047b6                _realloc_r
 .text._read_r  0x000000000000480e       0x2e c:/mounriver/mounriver_studio/toolchain/risc-v embedded gcc/bin/../lib/gcc/riscv-none-embed/8.2.0/../../../../riscv-none-embed/lib\libg_nano.a(lib_a-readr.o)
                0x000000000000480e                _read_r
 .text.__ascii_wctomb
                0x000000000000483c       0x20 c:/mounriver/mounriver_studio/toolchain/risc-v embedded gcc/bin/../lib/gcc/riscv-none-embed/8.2.0/../../../../riscv-none-embed/lib\libg_nano.a(lib_a-wctomb_r.o)
                0x000000000000483c                __ascii_wctomb
 .text._malloc_usable_size_r
                0x000000000000485c       0x14 c:/mounriver/mounriver_studio/toolchain/risc-v embedded gcc/bin/../lib/gcc/riscv-none-embed/8.2.0/../../../../riscv-none-embed/lib\libg_nano.a(lib_a-nano-msizer.o)
                0x000000000000485c                _malloc_usable_size_r
 .text.__adddf3
                0x0000000000004870      0x730 c:/mounriver/mounriver_studio/toolchain/risc-v embedded gcc/bin/../lib/gcc/riscv-none-embed/8.2.0\libgcc.a(adddf3.o)
                0x0000000000004870                __adddf3
 .text.__divdf3
                0x0000000000004fa0      0x5b4 c:/mounriver/mounriver_studio/toolchain/risc-v embedded gcc/bin/../lib/gcc/riscv-none-embed/8.2.0\libgcc.a(divdf3.o)
                0x0000000000004fa0                __divdf3
 .text.__eqdf2  0x0000000000005554       0x6a c:/mounriver/mounriver_studio/toolchain/risc-v embedded gcc/bin/../lib/gcc/riscv-none-embed/8.2.0\libgcc.a(eqdf2.o)
                0x0000000000005554                __nedf2
                0x0000000000005554                __eqdf2
 .text.__gedf2  0x00000000000055be       0xae c:/mounriver/mounriver_studio/toolchain/risc-v embedded gcc/bin/../lib/gcc/riscv-none-embed/8.2.0\libgcc.a(gedf2.o)
                0x00000000000055be                __gedf2
                0x00000000000055be                __gtdf2
 .text.__ledf2  0x000000000000566c       0xb6 c:/mounriver/mounriver_studio/toolchain/risc-v embedded gcc/bin/../lib/gcc/riscv-none-embed/8.2.0\libgcc.a(ledf2.o)
                0x000000000000566c                __ledf2
                0x000000000000566c                __ltdf2
 .text.__muldf3
                0x0000000000005722      0x4b8 c:/mounriver/mounriver_studio/toolchain/risc-v embedded gcc/bin/../lib/gcc/riscv-none-embed/8.2.0\libgcc.a(muldf3.o)
                0x0000000000005722                __muldf3
 .text.__subdf3
                0x0000000000005bda      0x73e c:/mounriver/mounriver_studio/toolchain/risc-v embedded gcc/bin/../lib/gcc/riscv-none-embed/8.2.0\libgcc.a(subdf3.o)
                0x0000000000005bda                __subdf3
 .text.__unorddf2
                0x0000000000006318       0x3c c:/mounriver/mounriver_studio/toolchain/risc-v embedded gcc/bin/../lib/gcc/riscv-none-embed/8.2.0\libgcc.a(unorddf2.o)
                0x0000000000006318                __unorddf2
 .text.__fixdfsi
                0x0000000000006354       0x68 c:/mounriver/mounriver_studio/toolchain/risc-v embedded gcc/bin/../lib/gcc/riscv-none-embed/8.2.0\libgcc.a(fixdfsi.o)
                0x0000000000006354                __fixdfsi
 .text.__floatsidf
                0x00000000000063bc       0x72 c:/mounriver/mounriver_studio/toolchain/risc-v embedded gcc/bin/../lib/gcc/riscv-none-embed/8.2.0\libgcc.a(floatsidf.o)
                0x00000000000063bc                __floatsidf
 .text.__floatunsidf
                0x000000000000642e       0x68 c:/mounriver/mounriver_studio/toolchain/risc-v embedded gcc/bin/../lib/gcc/riscv-none-embed/8.2.0\libgcc.a(floatunsidf.o)
                0x000000000000642e                __floatunsidf
 .text.__trunctfdf2
                0x0000000000006496      0x21e c:/mounriver/mounriver_studio/toolchain/risc-v embedded gcc/bin/../lib/gcc/riscv-none-embed/8.2.0\libgcc.a(trunctfdf2.o)
                0x0000000000006496                __trunctfdf2
 .text._close   0x00000000000066b4        0xc c:/mounriver/mounriver_studio/toolchain/risc-v embedded gcc/bin/../lib/gcc/riscv-none-embed/8.2.0/../../../../riscv-none-embed/lib\libnosys.a(close.o)
                0x00000000000066b4                _close
 .text._fstat   0x00000000000066c0        0xc c:/mounriver/mounriver_studio/toolchain/risc-v embedded gcc/bin/../lib/gcc/riscv-none-embed/8.2.0/../../../../riscv-none-embed/lib\libnosys.a(fstat.o)
                0x00000000000066c0                _fstat
 .text._isatty  0x00000000000066cc        0xc c:/mounriver/mounriver_studio/toolchain/risc-v embedded gcc/bin/../lib/gcc/riscv-none-embed/8.2.0/../../../../riscv-none-embed/lib\libnosys.a(isatty.o)
                0x00000000000066cc                _isatty
 .text._lseek   0x00000000000066d8        0xc c:/mounriver/mounriver_studio/toolchain/risc-v embedded gcc/bin/../lib/gcc/riscv-none-embed/8.2.0/../../../../riscv-none-embed/lib\libnosys.a(lseek.o)
                0x00000000000066d8                _lseek
 .text._read    0x00000000000066e4        0xc c:/mounriver/mounriver_studio/toolchain/risc-v embedded gcc/bin/../lib/gcc/riscv-none-embed/8.2.0/../../../../riscv-none-embed/lib\libnosys.a(read.o)
                0x00000000000066e4                _read
 *(.rodata)
 *(.rodata*)
 *fill*         0x00000000000066f0        0x0 
 .rodata.TM_Font7x10
                0x00000000000066f0      0x76c ./User/fonts.o
                0x00000000000066f0                TM_Font7x10
 .rodata.main.cst4
                0x0000000000006e5c       0x14 ./User/main.o
 .rodata.main.str1.4
                0x0000000000006e70       0x77 ./User/main.o
 *fill*         0x0000000000006ee7        0x1 
 .rodata.__clz_tab
                0x0000000000006ee8      0x100 c:/mounriver/mounriver_studio/toolchain/risc-v embedded gcc/bin/../lib/gcc/riscv-none-embed/8.2.0\libgcc.a(_clz.o)
                0x0000000000006ee8                __clz_tab
 *fill*         0x0000000000006fe8        0x0 
 .rodata._printf_float.cst8
                0x0000000000006fe8        0x8 c:/mounriver/mounriver_studio/toolchain/risc-v embedded gcc/bin/../lib/gcc/riscv-none-embed/8.2.0/../../../../riscv-none-embed/lib\libg_nano.a(lib_a-nano-vfprintf_float.o)
 .rodata._printf_float.str1.4
                0x0000000000006ff0       0x12 c:/mounriver/mounriver_studio/toolchain/risc-v embedded gcc/bin/../lib/gcc/riscv-none-embed/8.2.0/../../../../riscv-none-embed/lib\libg_nano.a(lib_a-nano-vfprintf_float.o)
 *fill*         0x0000000000007002        0x2 
 .rodata._printf_i.str1.4
                0x0000000000007004       0x25 c:/mounriver/mounriver_studio/toolchain/risc-v embedded gcc/bin/../lib/gcc/riscv-none-embed/8.2.0/../../../../riscv-none-embed/lib\libg_nano.a(lib_a-nano-vfprintf_i.o)
 *fill*         0x0000000000007029        0x7 
 .rodata._dtoa_r.cst8
                0x0000000000007030       0x48 c:/mounriver/mounriver_studio/toolchain/risc-v embedded gcc/bin/../lib/gcc/riscv-none-embed/8.2.0/../../../../riscv-none-embed/lib\libg_nano.a(lib_a-dtoa.o)
 .rodata._dtoa_r.str1.4
                0x0000000000007078       0x10 c:/mounriver/mounriver_studio/toolchain/risc-v embedded gcc/bin/../lib/gcc/riscv-none-embed/8.2.0/../../../../riscv-none-embed/lib\libg_nano.a(lib_a-dtoa.o)
                                         0x12 (size before relaxing)
 .rodata.__sf_fake_stderr
                0x0000000000007088       0x20 c:/mounriver/mounriver_studio/toolchain/risc-v embedded gcc/bin/../lib/gcc/riscv-none-embed/8.2.0/../../../../riscv-none-embed/lib\libg_nano.a(lib_a-findfp.o)
                0x0000000000007088                __sf_fake_stderr
 .rodata.__sf_fake_stdin
                0x00000000000070a8       0x20 c:/mounriver/mounriver_studio/toolchain/risc-v embedded gcc/bin/../lib/gcc/riscv-none-embed/8.2.0/../../../../riscv-none-embed/lib\libg_nano.a(lib_a-findfp.o)
                0x00000000000070a8                __sf_fake_stdin
 .rodata.__sf_fake_stdout
                0x00000000000070c8       0x20 c:/mounriver/mounriver_studio/toolchain/risc-v embedded gcc/bin/../lib/gcc/riscv-none-embed/8.2.0/../../../../riscv-none-embed/lib\libg_nano.a(lib_a-findfp.o)
                0x00000000000070c8                __sf_fake_stdout
 .rodata.__mprec_bigtens
                0x00000000000070e8       0x28 c:/mounriver/mounriver_studio/toolchain/risc-v embedded gcc/bin/../lib/gcc/riscv-none-embed/8.2.0/../../../../riscv-none-embed/lib\libg_nano.a(lib_a-mprec.o)
                0x00000000000070e8                __mprec_bigtens
 .rodata.__mprec_tens
                0x0000000000007110       0xc8 c:/mounriver/mounriver_studio/toolchain/risc-v embedded gcc/bin/../lib/gcc/riscv-none-embed/8.2.0/../../../../riscv-none-embed/lib\libg_nano.a(lib_a-mprec.o)
                0x0000000000007110                __mprec_tens
 .rodata.p05.3319
                0x00000000000071d8        0xc c:/mounriver/mounriver_studio/toolchain/risc-v embedded gcc/bin/../lib/gcc/riscv-none-embed/8.2.0/../../../../riscv-none-embed/lib\libg_nano.a(lib_a-mprec.o)
 .rodata._svfprintf_r.str1.4
                0x00000000000071e4       0x13 c:/mounriver/mounriver_studio/toolchain/risc-v embedded gcc/bin/../lib/gcc/riscv-none-embed/8.2.0/../../../../riscv-none-embed/lib\libg_nano.a(lib_a-nano-svfprintf.o)
 .rodata._vfprintf_r.str1.4
                0x00000000000071f7       0x13 c:/mounriver/mounriver_studio/toolchain/risc-v embedded gcc/bin/../lib/gcc/riscv-none-embed/8.2.0/../../../../riscv-none-embed/lib\libg_nano.a(lib_a-nano-vfprintf.o)
 *fill*         0x00000000000071f7        0x1 
 .rodata._setlocale_r.str1.4
                0x00000000000071f8        0xa c:/mounriver/mounriver_studio/toolchain/risc-v embedded gcc/bin/../lib/gcc/riscv-none-embed/8.2.0/../../../../riscv-none-embed/lib\libg_nano.a(lib_a-locale.o)
                                          0xd (size before relaxing)
 *fill*         0x0000000000007202        0x2 
 .rodata.str1.4
                0x0000000000007204        0x4 c:/mounriver/mounriver_studio/toolchain/risc-v embedded gcc/bin/../lib/gcc/riscv-none-embed/8.2.0/../../../../riscv-none-embed/lib\libg_nano.a(lib_a-locale.o)
                                          0x2 (size before relaxing)
 .rodata._ctype_
                0x0000000000007208      0x101 c:/mounriver/mounriver_studio/toolchain/risc-v embedded gcc/bin/../lib/gcc/riscv-none-embed/8.2.0/../../../../riscv-none-embed/lib\libg_nano.a(lib_a-ctype_.o)
                0x0000000000007208                _ctype_
 *fill*         0x0000000000007309        0x3 
 .rodata.__divdf3
                0x000000000000730c       0x40 c:/mounriver/mounriver_studio/toolchain/risc-v embedded gcc/bin/../lib/gcc/riscv-none-embed/8.2.0\libgcc.a(divdf3.o)
 .rodata.__muldf3
                0x000000000000734c       0x40 c:/mounriver/mounriver_studio/toolchain/risc-v embedded gcc/bin/../lib/gcc/riscv-none-embed/8.2.0\libgcc.a(muldf3.o)
 *(.gnu.linkonce.t.*)
                0x000000000000738c                . = ALIGN (0x4)

.rela.dyn       0x000000000000738c        0x0
 .rela.init     0x000000000000738c        0x0 ./User/ch32v30x_it.o
 .rela.vector   0x000000000000738c        0x0 ./User/ch32v30x_it.o
 .rela.text.handle_reset
                0x000000000000738c        0x0 ./User/ch32v30x_it.o
 .rela.text._sbrk
                0x000000000000738c        0x0 ./User/ch32v30x_it.o
 .rela.sdata.curbrk.5220
                0x000000000000738c        0x0 ./User/ch32v30x_it.o
 .rela.text._svfprintf_r
                0x000000000000738c        0x0 ./User/ch32v30x_it.o
 .rela.text._vfprintf_r
                0x000000000000738c        0x0 ./User/ch32v30x_it.o
 .rela.text._sbrk_r
                0x000000000000738c        0x0 ./User/ch32v30x_it.o
 .rela.text._write_r
                0x000000000000738c        0x0 ./User/ch32v30x_it.o
 .rela.text._close_r
                0x000000000000738c        0x0 ./User/ch32v30x_it.o
 .rela.text._fstat_r
                0x000000000000738c        0x0 ./User/ch32v30x_it.o
 .rela.text._isatty_r
                0x000000000000738c        0x0 ./User/ch32v30x_it.o
 .rela.text._lseek_r
                0x000000000000738c        0x0 ./User/ch32v30x_it.o
 .rela.text._read_r
                0x000000000000738c        0x0 ./User/ch32v30x_it.o
 .rela.text._close
                0x000000000000738c        0x0 ./User/ch32v30x_it.o
 .rela.text._fstat
                0x000000000000738c        0x0 ./User/ch32v30x_it.o
 .rela.text._isatty
                0x000000000000738c        0x0 ./User/ch32v30x_it.o
 .rela.text._lseek
                0x000000000000738c        0x0 ./User/ch32v30x_it.o
 .rela.text._read
                0x000000000000738c        0x0 ./User/ch32v30x_it.o

.fini           0x000000000000738c        0x0
 *(SORT_NONE(.fini))
                0x000000000000738c                . = ALIGN (0x4)
                [!provide]                        PROVIDE (_etext = .)
                [!provide]                        PROVIDE (_eitcm = .)

.preinit_array  0x000000000000738c        0x0
                [!provide]                        PROVIDE (__preinit_array_start = .)
 *(.preinit_array)
                [!provide]                        PROVIDE (__preinit_array_end = .)

.init_array     0x000000000000738c        0x0
                [!provide]                        PROVIDE (__init_array_start = .)
 *(SORT_BY_INIT_PRIORITY(.init_array.*) SORT_BY_INIT_PRIORITY(.ctors.*))
 *(.init_array EXCLUDE_FILE(*crtend?.o *crtend.o *crtbegin?.o *crtbegin.o) .ctors)
                [!provide]                        PROVIDE (__init_array_end = .)

.fini_array     0x000000000000738c        0x0
                [!provide]                        PROVIDE (__fini_array_start = .)
 *(SORT_BY_INIT_PRIORITY(.fini_array.*) SORT_BY_INIT_PRIORITY(.dtors.*))
 *(.fini_array EXCLUDE_FILE(*crtend?.o *crtend.o *crtbegin?.o *crtbegin.o) .dtors)
                [!provide]                        PROVIDE (__fini_array_end = .)

.ctors
 *crtbegin.o(.ctors)
 *crtbegin?.o(.ctors)
 *(EXCLUDE_FILE(*crtend?.o *crtend.o) .ctors)
 *(SORT_BY_NAME(.ctors.*))
 *(.ctors)

.dtors
 *crtbegin.o(.dtors)
 *crtbegin?.o(.dtors)
 *(EXCLUDE_FILE(*crtend?.o *crtend.o) .dtors)
 *(SORT_BY_NAME(.dtors.*))
 *(.dtors)

.dalign         0x0000000020000000        0x0 load address 0x000000000000738c
                0x0000000020000000                . = ALIGN (0x4)
                0x0000000020000000                PROVIDE (_data_vma = .)

.dlalign        0x000000000000738c        0x0
                0x000000000000738c                . = ALIGN (0x4)
                0x000000000000738c                PROVIDE (_data_lma = .)

.data           0x0000000020000000      0x210 load address 0x000000000000738c
 *(.gnu.linkonce.r.*)
 *(.data .data.*)
 .data.AHBPrescTable
                0x0000000020000000       0x10 ./User/system_ch32v30x.o
                0x0000000020000000                AHBPrescTable
 .data.APBAHBPrescTable
                0x0000000020000010       0x10 ./Peripheral/src/ch32v30x_rcc.o
 .data.impure_data
                0x0000000020000020       0x60 c:/mounriver/mounriver_studio/toolchain/risc-v embedded gcc/bin/../lib/gcc/riscv-none-embed/8.2.0/../../../../riscv-none-embed/lib\libg_nano.a(lib_a-impure.o)
 .data.__global_locale
                0x0000000020000080      0x16c c:/mounriver/mounriver_studio/toolchain/risc-v embedded gcc/bin/../lib/gcc/riscv-none-embed/8.2.0/../../../../riscv-none-embed/lib\libg_nano.a(lib_a-locale.o)
                0x0000000020000080                __global_locale
 *(.gnu.linkonce.d.*)
                0x00000000200001f0                . = ALIGN (0x8)
 *fill*         0x00000000200001ec        0x4 
                0x00000000200009f0                PROVIDE (__global_pointer$ = (. + 0x800))
 *(.sdata .sdata.*)
 .sdata.TM_Font_7x10
                0x00000000200001f0        0x8 ./User/fonts.o
                0x00000000200001f0                TM_Font_7x10
 .sdata.SystemCoreClock
                0x00000000200001f8        0x4 ./User/system_ch32v30x.o
                0x00000000200001f8                SystemCoreClock
 .sdata.ADCPrescTable
                0x00000000200001fc        0x4 ./Peripheral/src/ch32v30x_rcc.o
 .sdata.curbrk.5220
                0x0000000020000200        0x4 ./Debug/debug.o
 .sdata._impure_ptr
                0x0000000020000204        0x4 c:/mounriver/mounriver_studio/toolchain/risc-v embedded gcc/bin/../lib/gcc/riscv-none-embed/8.2.0/../../../../riscv-none-embed/lib\libg_nano.a(lib_a-impure.o)
                0x0000000020000204                _impure_ptr
 *(.sdata2.*)
 .sdata2._global_impure_ptr
                0x0000000020000208        0x4 c:/mounriver/mounriver_studio/toolchain/risc-v embedded gcc/bin/../lib/gcc/riscv-none-embed/8.2.0/../../../../riscv-none-embed/lib\libg_nano.a(lib_a-impure.o)
                0x0000000020000208                _global_impure_ptr
 *(.gnu.linkonce.s.*)
                0x0000000020000210                . = ALIGN (0x8)
 *fill*         0x000000002000020c        0x4 
 *(.srodata.cst16)
 *(.srodata.cst8)
 *(.srodata.cst4)
 *(.srodata.cst2)
 *(.srodata .srodata.*)
                0x0000000020000210                . = ALIGN (0x4)
                0x0000000020000210                PROVIDE (_edata = .)

.bss            0x0000000020000210      0x420 load address 0x000000000000759c
                0x0000000020000210                . = ALIGN (0x4)
                0x0000000020000210                PROVIDE (_sbss = .)
 *(.sbss*)
 .sbss.ILI9341  0x0000000020000210        0x8 ./User/ili9341.o
                0x0000000020000210                ILI9341
 .sbss.ili9341_x
                0x0000000020000218        0x2 ./User/ili9341.o
                0x0000000020000218                ili9341_x
 .sbss.ili9341_y
                0x000000002000021a        0x2 ./User/ili9341.o
                0x000000002000021a                ili9341_y
 .sbss.NVIC_Priority_Group
                0x000000002000021c        0x4 ./Peripheral/src/ch32v30x_misc.o
                0x000000002000021c                NVIC_Priority_Group
 .sbss.p_ms     0x0000000020000220        0x2 ./Debug/debug.o
 .sbss.p_us     0x0000000020000222        0x1 ./Debug/debug.o
 *fill*         0x0000000020000223        0x1 
 .sbss.__malloc_free_list
                0x0000000020000224        0x4 c:/mounriver/mounriver_studio/toolchain/risc-v embedded gcc/bin/../lib/gcc/riscv-none-embed/8.2.0/../../../../riscv-none-embed/lib\libg_nano.a(lib_a-nano-mallocr.o)
                0x0000000020000224                __malloc_free_list
 .sbss.__malloc_sbrk_start
                0x0000000020000228        0x4 c:/mounriver/mounriver_studio/toolchain/risc-v embedded gcc/bin/../lib/gcc/riscv-none-embed/8.2.0/../../../../riscv-none-embed/lib\libg_nano.a(lib_a-nano-mallocr.o)
                0x0000000020000228                __malloc_sbrk_start
 *(.gnu.linkonce.sb.*)
 *(.bss*)
 .bss.buffer    0x000000002000022c      0x400 ./User/ili9341.o
                0x000000002000022c                buffer
 *(.gnu.linkonce.b.*)
 *(COMMON*)
 COMMON         0x000000002000062c        0x4 c:/mounriver/mounriver_studio/toolchain/risc-v embedded gcc/bin/../lib/gcc/riscv-none-embed/8.2.0/../../../../riscv-none-embed/lib\libg_nano.a(lib_a-reent.o)
                0x000000002000062c                errno
                0x0000000020000630                . = ALIGN (0x4)
                0x0000000020000630                PROVIDE (_ebss = .)
                0x0000000020000630                PROVIDE (_end = _ebss)
                [!provide]                        PROVIDE (end = .)

.stack          0x0000000020007800      0x800
                0x0000000020007800                PROVIDE (_heap_end = .)
                0x0000000020007800                . = ALIGN (0x4)
                [!provide]                        PROVIDE (_susrstack = .)
                0x0000000020008000                . = (. + __stack_size)
 *fill*         0x0000000020007800      0x800 
                0x0000000020008000                PROVIDE (_eusrstack = .)
OUTPUT(int_lin.elf elf32-littleriscv)

.debug_info     0x0000000000000000     0xe923
 .debug_info    0x0000000000000000      0x962 ./User/ch32v30x_it.o
 .debug_info    0x0000000000000962      0xa77 ./User/fonts.o
 .debug_info    0x00000000000013d9     0x2331 ./User/ili9341.o
 .debug_info    0x000000000000370a       0x26 ./User/int_lin.o
 .debug_info    0x0000000000003730     0x11df ./User/main.o
 .debug_info    0x000000000000490f     0x11a4 ./User/spi.o
 .debug_info    0x0000000000005ab3      0xb89 ./User/system_ch32v30x.o
 .debug_info    0x000000000000663c       0x22 ./Startup/startup_ch32v30x_D8C.o
 .debug_info    0x000000000000665e     0x1093 ./Peripheral/src/ch32v30x_gpio.o
 .debug_info    0x00000000000076f1      0xf72 ./Peripheral/src/ch32v30x_misc.o
 .debug_info    0x0000000000008663     0x156e ./Peripheral/src/ch32v30x_rcc.o
 .debug_info    0x0000000000009bd1     0x2a16 ./Peripheral/src/ch32v30x_tim.o
 .debug_info    0x000000000000c5e7     0x1420 ./Peripheral/src/ch32v30x_usart.o
 .debug_info    0x000000000000da07      0xf1c ./Debug/debug.o

.debug_abbrev   0x0000000000000000     0x22fa
 .debug_abbrev  0x0000000000000000      0x1cf ./User/ch32v30x_it.o
 .debug_abbrev  0x00000000000001cf      0x1dc ./User/fonts.o
 .debug_abbrev  0x00000000000003ab      0x35f ./User/ili9341.o
 .debug_abbrev  0x000000000000070a       0x14 ./User/int_lin.o
 .debug_abbrev  0x000000000000071e      0x309 ./User/main.o
 .debug_abbrev  0x0000000000000a27      0x299 ./User/spi.o
 .debug_abbrev  0x0000000000000cc0      0x2c0 ./User/system_ch32v30x.o
 .debug_abbrev  0x0000000000000f80       0x12 ./Startup/startup_ch32v30x_D8C.o
 .debug_abbrev  0x0000000000000f92      0x309 ./Peripheral/src/ch32v30x_gpio.o
 .debug_abbrev  0x000000000000129b      0x2fb ./Peripheral/src/ch32v30x_misc.o
 .debug_abbrev  0x0000000000001596      0x351 ./Peripheral/src/ch32v30x_rcc.o
 .debug_abbrev  0x00000000000018e7      0x408 ./Peripheral/src/ch32v30x_tim.o
 .debug_abbrev  0x0000000000001cef      0x312 ./Peripheral/src/ch32v30x_usart.o
 .debug_abbrev  0x0000000000002001      0x2f9 ./Debug/debug.o

.debug_aranges  0x0000000000000000      0x858
 .debug_aranges
                0x0000000000000000       0x28 ./User/ch32v30x_it.o
 .debug_aranges
                0x0000000000000028       0x18 ./User/fonts.o
 .debug_aranges
                0x0000000000000040       0xa8 ./User/ili9341.o
 .debug_aranges
                0x00000000000000e8       0x20 ./User/int_lin.o
 .debug_aranges
                0x0000000000000108       0x28 ./User/main.o
 .debug_aranges
                0x0000000000000130       0x40 ./User/spi.o
 .debug_aranges
                0x0000000000000170       0x28 ./User/system_ch32v30x.o
 .debug_aranges
                0x0000000000000198       0x30 ./Startup/startup_ch32v30x_D8C.o
 .debug_aranges
                0x00000000000001c8       0xa8 ./Peripheral/src/ch32v30x_gpio.o
 .debug_aranges
                0x0000000000000270       0x28 ./Peripheral/src/ch32v30x_misc.o
 .debug_aranges
                0x0000000000000298      0x1a8 ./Peripheral/src/ch32v30x_rcc.o
 .debug_aranges
                0x0000000000000440      0x2d0 ./Peripheral/src/ch32v30x_tim.o
 .debug_aranges
                0x0000000000000710      0x100 ./Peripheral/src/ch32v30x_usart.o
 .debug_aranges
                0x0000000000000810       0x48 ./Debug/debug.o

.debug_ranges   0x0000000000000000      0x888
 .debug_ranges  0x0000000000000000       0x18 ./User/ch32v30x_it.o
 .debug_ranges  0x0000000000000018       0xd8 ./User/ili9341.o
 .debug_ranges  0x00000000000000f0       0x78 ./User/main.o
 .debug_ranges  0x0000000000000168       0x30 ./User/spi.o
 .debug_ranges  0x0000000000000198       0x38 ./User/system_ch32v30x.o
 .debug_ranges  0x00000000000001d0       0x28 ./Startup/startup_ch32v30x_D8C.o
 .debug_ranges  0x00000000000001f8       0x98 ./Peripheral/src/ch32v30x_gpio.o
 .debug_ranges  0x0000000000000290       0x48 ./Peripheral/src/ch32v30x_misc.o
 .debug_ranges  0x00000000000002d8      0x198 ./Peripheral/src/ch32v30x_rcc.o
 .debug_ranges  0x0000000000000470      0x2f0 ./Peripheral/src/ch32v30x_tim.o
 .debug_ranges  0x0000000000000760       0xf0 ./Peripheral/src/ch32v30x_usart.o
 .debug_ranges  0x0000000000000850       0x38 ./Debug/debug.o

.debug_line     0x0000000000000000     0xa2c9
 .debug_line    0x0000000000000000      0x207 ./User/ch32v30x_it.o
 .debug_line    0x0000000000000207      0x1cc ./User/fonts.o
 .debug_line    0x00000000000003d3     0x1387 ./User/ili9341.o
 .debug_line    0x000000000000175a      0x1b4 ./User/int_lin.o
 .debug_line    0x000000000000190e      0x6dc ./User/main.o
 .debug_line    0x0000000000001fea      0x57a ./User/spi.o
 .debug_line    0x0000000000002564      0x6e5 ./User/system_ch32v30x.o
 .debug_line    0x0000000000002c49      0x356 ./Startup/startup_ch32v30x_D8C.o
 .debug_line    0x0000000000002f9f      0xcd6 ./Peripheral/src/ch32v30x_gpio.o
 .debug_line    0x0000000000003c75      0x463 ./Peripheral/src/ch32v30x_misc.o
 .debug_line    0x00000000000040d8     0x191b ./Peripheral/src/ch32v30x_rcc.o
 .debug_line    0x00000000000059f3     0x3288 ./Peripheral/src/ch32v30x_tim.o
 .debug_line    0x0000000000008c7b      0xfb9 ./Peripheral/src/ch32v30x_usart.o
 .debug_line    0x0000000000009c34      0x695 ./Debug/debug.o

.debug_str      0x0000000000000000     0x2c06
 .debug_str     0x0000000000000000      0x528 ./User/ch32v30x_it.o
                                        0x58f (size before relaxing)
 .debug_str     0x0000000000000528       0x96 ./User/fonts.o
                                        0x607 (size before relaxing)
 .debug_str     0x00000000000005be      0x433 ./User/ili9341.o
                                        0xa38 (size before relaxing)
 .debug_str     0x00000000000009f1       0x1e ./User/int_lin.o
                                         0x32 (size before relaxing)
 .debug_str     0x0000000000000a0f      0x27c ./User/main.o
                                        0x964 (size before relaxing)
 .debug_str     0x0000000000000c8b      0x5be ./User/spi.o
                                        0xce9 (size before relaxing)
 .debug_str     0x0000000000001249       0x91 ./User/system_ch32v30x.o
                                        0x6a6 (size before relaxing)
 .debug_str     0x00000000000012da       0x22 ./Startup/startup_ch32v30x_D8C.o
                                         0x42 (size before relaxing)
 .debug_str     0x00000000000012fc      0x382 ./Peripheral/src/ch32v30x_gpio.o
                                        0x94a (size before relaxing)
 .debug_str     0x000000000000167e      0x105 ./Peripheral/src/ch32v30x_misc.o
                                        0xca4 (size before relaxing)
 .debug_str     0x0000000000001783      0x5bb ./Peripheral/src/ch32v30x_rcc.o
                                        0xca3 (size before relaxing)
 .debug_str     0x0000000000001d3e      0xa26 ./Peripheral/src/ch32v30x_tim.o
                                       0x1254 (size before relaxing)
 .debug_str     0x0000000000002764      0x410 ./Peripheral/src/ch32v30x_usart.o
                                        0xaf0 (size before relaxing)
 .debug_str     0x0000000000002b74       0x92 ./Debug/debug.o
                                        0x8d8 (size before relaxing)

.comment        0x0000000000000000       0x33
 .comment       0x0000000000000000       0x33 ./User/ch32v30x_it.o
                                         0x34 (size before relaxing)
 .comment       0x0000000000000033       0x34 ./User/fonts.o
 .comment       0x0000000000000033       0x34 ./User/ili9341.o
 .comment       0x0000000000000033       0x34 ./User/main.o
 .comment       0x0000000000000033       0x34 ./User/spi.o
 .comment       0x0000000000000033       0x34 ./User/system_ch32v30x.o
 .comment       0x0000000000000033       0x34 ./Peripheral/src/ch32v30x_gpio.o
 .comment       0x0000000000000033       0x34 ./Peripheral/src/ch32v30x_misc.o
 .comment       0x0000000000000033       0x34 ./Peripheral/src/ch32v30x_rcc.o
 .comment       0x0000000000000033       0x34 ./Peripheral/src/ch32v30x_tim.o
 .comment       0x0000000000000033       0x34 ./Peripheral/src/ch32v30x_usart.o
 .comment       0x0000000000000033       0x34 ./Debug/debug.o

.debug_frame    0x0000000000000000     0x24ec
 .debug_frame   0x0000000000000000       0x30 ./User/ch32v30x_it.o
 .debug_frame   0x0000000000000030      0x2c4 ./User/ili9341.o
 .debug_frame   0x00000000000002f4       0x64 ./User/main.o
 .debug_frame   0x0000000000000358       0x60 ./User/spi.o
 .debug_frame   0x00000000000003b8       0x3c ./User/system_ch32v30x.o
 .debug_frame   0x00000000000003f4      0x148 ./Peripheral/src/ch32v30x_gpio.o
 .debug_frame   0x000000000000053c       0x30 ./Peripheral/src/ch32v30x_misc.o
 .debug_frame   0x000000000000056c      0x344 ./Peripheral/src/ch32v30x_rcc.o
 .debug_frame   0x00000000000008b0      0x614 ./Peripheral/src/ch32v30x_tim.o
 .debug_frame   0x0000000000000ec4      0x204 ./Peripheral/src/ch32v30x_usart.o
 .debug_frame   0x00000000000010c8       0x9c ./Debug/debug.o
 .debug_frame   0x0000000000001164       0x38 c:/mounriver/mounriver_studio/toolchain/risc-v embedded gcc/bin/../lib/gcc/riscv-none-embed/8.2.0\libgcc.a(extendsfdf2.o)
 .debug_frame   0x000000000000119c       0x20 c:/mounriver/mounriver_studio/toolchain/risc-v embedded gcc/bin/../lib/gcc/riscv-none-embed/8.2.0\libgcc.a(_clzsi2.o)
 .debug_frame   0x00000000000011bc       0xbc c:/mounriver/mounriver_studio/toolchain/risc-v embedded gcc/bin/../lib/gcc/riscv-none-embed/8.2.0/../../../../riscv-none-embed/lib\libg_nano.a(lib_a-nano-vfprintf_float.o)
 .debug_frame   0x0000000000001278       0x8c c:/mounriver/mounriver_studio/toolchain/risc-v embedded gcc/bin/../lib/gcc/riscv-none-embed/8.2.0/../../../../riscv-none-embed/lib\libg_nano.a(lib_a-nano-vfprintf_i.o)
 .debug_frame   0x0000000000001304       0x54 c:/mounriver/mounriver_studio/toolchain/risc-v embedded gcc/bin/../lib/gcc/riscv-none-embed/8.2.0/../../../../riscv-none-embed/lib\libg_nano.a(lib_a-printf.o)
 .debug_frame   0x0000000000001358       0x54 c:/mounriver/mounriver_studio/toolchain/risc-v embedded gcc/bin/../lib/gcc/riscv-none-embed/8.2.0/../../../../riscv-none-embed/lib\libg_nano.a(lib_a-puts.o)
 .debug_frame   0x00000000000013ac       0x60 c:/mounriver/mounriver_studio/toolchain/risc-v embedded gcc/bin/../lib/gcc/riscv-none-embed/8.2.0/../../../../riscv-none-embed/lib\libg_nano.a(lib_a-snprintf.o)
 .debug_frame   0x000000000000140c       0x20 c:/mounriver/mounriver_studio/toolchain/risc-v embedded gcc/bin/../lib/gcc/riscv-none-embed/8.2.0/../../../../riscv-none-embed/lib\libg_nano.a(lib_a-strlen.o)
 .debug_frame   0x000000000000142c       0x50 c:/mounriver/mounriver_studio/toolchain/risc-v embedded gcc/bin/../lib/gcc/riscv-none-embed/8.2.0/../../../../riscv-none-embed/lib\libg_nano.a(lib_a-wbuf.o)
 .debug_frame   0x000000000000147c       0x3c c:/mounriver/mounriver_studio/toolchain/risc-v embedded gcc/bin/../lib/gcc/riscv-none-embed/8.2.0/../../../../riscv-none-embed/lib\libg_nano.a(lib_a-wsetup.o)
 .debug_frame   0x00000000000014b8       0x98 c:/mounriver/mounriver_studio/toolchain/risc-v embedded gcc/bin/../lib/gcc/riscv-none-embed/8.2.0/../../../../riscv-none-embed/lib\libg_nano.a(lib_a-dtoa.o)
 .debug_frame   0x0000000000001550       0x7c c:/mounriver/mounriver_studio/toolchain/risc-v embedded gcc/bin/../lib/gcc/riscv-none-embed/8.2.0/../../../../riscv-none-embed/lib\libg_nano.a(lib_a-fflush.o)
 .debug_frame   0x00000000000015cc      0x148 c:/mounriver/mounriver_studio/toolchain/risc-v embedded gcc/bin/../lib/gcc/riscv-none-embed/8.2.0/../../../../riscv-none-embed/lib\libg_nano.a(lib_a-findfp.o)
 .debug_frame   0x0000000000001714       0x88 c:/mounriver/mounriver_studio/toolchain/risc-v embedded gcc/bin/../lib/gcc/riscv-none-embed/8.2.0/../../../../riscv-none-embed/lib\libg_nano.a(lib_a-fwalk.o)
 .debug_frame   0x000000000000179c       0x40 c:/mounriver/mounriver_studio/toolchain/risc-v embedded gcc/bin/../lib/gcc/riscv-none-embed/8.2.0/../../../../riscv-none-embed/lib\libg_nano.a(lib_a-localeconv.o)
 .debug_frame   0x00000000000017dc       0x64 c:/mounriver/mounriver_studio/toolchain/risc-v embedded gcc/bin/../lib/gcc/riscv-none-embed/8.2.0/../../../../riscv-none-embed/lib\libg_nano.a(lib_a-makebuf.o)
 .debug_frame   0x0000000000001840       0x30 c:/mounriver/mounriver_studio/toolchain/risc-v embedded gcc/bin/../lib/gcc/riscv-none-embed/8.2.0/../../../../riscv-none-embed/lib\libg_nano.a(lib_a-malloc.o)
 .debug_frame   0x0000000000001870       0x20 c:/mounriver/mounriver_studio/toolchain/risc-v embedded gcc/bin/../lib/gcc/riscv-none-embed/8.2.0/../../../../riscv-none-embed/lib\libg_nano.a(lib_a-memchr.o)
 .debug_frame   0x0000000000001890       0x20 c:/mounriver/mounriver_studio/toolchain/risc-v embedded gcc/bin/../lib/gcc/riscv-none-embed/8.2.0/../../../../riscv-none-embed/lib\libg_nano.a(lib_a-memcpy.o)
 .debug_frame   0x00000000000018b0      0x2e0 c:/mounriver/mounriver_studio/toolchain/risc-v embedded gcc/bin/../lib/gcc/riscv-none-embed/8.2.0/../../../../riscv-none-embed/lib\libg_nano.a(lib_a-mprec.o)
 .debug_frame   0x0000000000001b90       0x30 c:/mounriver/mounriver_studio/toolchain/risc-v embedded gcc/bin/../lib/gcc/riscv-none-embed/8.2.0/../../../../riscv-none-embed/lib\libg_nano.a(lib_a-nano-callocr.o)
 .debug_frame   0x0000000000001bc0       0x40 c:/mounriver/mounriver_studio/toolchain/risc-v embedded gcc/bin/../lib/gcc/riscv-none-embed/8.2.0/../../../../riscv-none-embed/lib\libg_nano.a(lib_a-nano-freer.o)
 .debug_frame   0x0000000000001c00       0x40 c:/mounriver/mounriver_studio/toolchain/risc-v embedded gcc/bin/../lib/gcc/riscv-none-embed/8.2.0/../../../../riscv-none-embed/lib\libg_nano.a(lib_a-nano-mallocr.o)
 .debug_frame   0x0000000000001c40       0xe0 c:/mounriver/mounriver_studio/toolchain/risc-v embedded gcc/bin/../lib/gcc/riscv-none-embed/8.2.0/../../../../riscv-none-embed/lib\libg_nano.a(lib_a-nano-svfprintf.o)
 .debug_frame   0x0000000000001d20       0xd0 c:/mounriver/mounriver_studio/toolchain/risc-v embedded gcc/bin/../lib/gcc/riscv-none-embed/8.2.0/../../../../riscv-none-embed/lib\libg_nano.a(lib_a-nano-vfprintf.o)
 .debug_frame   0x0000000000001df0       0x30 c:/mounriver/mounriver_studio/toolchain/risc-v embedded gcc/bin/../lib/gcc/riscv-none-embed/8.2.0/../../../../riscv-none-embed/lib\libg_nano.a(lib_a-sbrkr.o)
 .debug_frame   0x0000000000001e20       0xa4 c:/mounriver/mounriver_studio/toolchain/risc-v embedded gcc/bin/../lib/gcc/riscv-none-embed/8.2.0/../../../../riscv-none-embed/lib\libg_nano.a(lib_a-stdio.o)
 .debug_frame   0x0000000000001ec4       0x30 c:/mounriver/mounriver_studio/toolchain/risc-v embedded gcc/bin/../lib/gcc/riscv-none-embed/8.2.0/../../../../riscv-none-embed/lib\libg_nano.a(lib_a-writer.o)
 .debug_frame   0x0000000000001ef4       0x30 c:/mounriver/mounriver_studio/toolchain/risc-v embedded gcc/bin/../lib/gcc/riscv-none-embed/8.2.0/../../../../riscv-none-embed/lib\libg_nano.a(lib_a-closer.o)
 .debug_frame   0x0000000000001f24       0x30 c:/mounriver/mounriver_studio/toolchain/risc-v embedded gcc/bin/../lib/gcc/riscv-none-embed/8.2.0/../../../../riscv-none-embed/lib\libg_nano.a(lib_a-fstatr.o)
 .debug_frame   0x0000000000001f54       0x30 c:/mounriver/mounriver_studio/toolchain/risc-v embedded gcc/bin/../lib/gcc/riscv-none-embed/8.2.0/../../../../riscv-none-embed/lib\libg_nano.a(lib_a-isattyr.o)
 .debug_frame   0x0000000000001f84       0x78 c:/mounriver/mounriver_studio/toolchain/risc-v embedded gcc/bin/../lib/gcc/riscv-none-embed/8.2.0/../../../../riscv-none-embed/lib\libg_nano.a(lib_a-locale.o)
 .debug_frame   0x0000000000001ffc       0x30 c:/mounriver/mounriver_studio/toolchain/risc-v embedded gcc/bin/../lib/gcc/riscv-none-embed/8.2.0/../../../../riscv-none-embed/lib\libg_nano.a(lib_a-lseekr.o)
 .debug_frame   0x000000000000202c       0x38 c:/mounriver/mounriver_studio/toolchain/risc-v embedded gcc/bin/../lib/gcc/riscv-none-embed/8.2.0/../../../../riscv-none-embed/lib\libg_nano.a(lib_a-mbtowc_r.o)
 .debug_frame   0x0000000000002064       0x20 c:/mounriver/mounriver_studio/toolchain/risc-v embedded gcc/bin/../lib/gcc/riscv-none-embed/8.2.0/../../../../riscv-none-embed/lib\libg_nano.a(lib_a-memmove.o)
 .debug_frame   0x0000000000002084       0x30 c:/mounriver/mounriver_studio/toolchain/risc-v embedded gcc/bin/../lib/gcc/riscv-none-embed/8.2.0/../../../../riscv-none-embed/lib\libg_nano.a(lib_a-mlock.o)
 .debug_frame   0x00000000000020b4       0x40 c:/mounriver/mounriver_studio/toolchain/risc-v embedded gcc/bin/../lib/gcc/riscv-none-embed/8.2.0/../../../../riscv-none-embed/lib\libg_nano.a(lib_a-nano-reallocr.o)
 .debug_frame   0x00000000000020f4       0x30 c:/mounriver/mounriver_studio/toolchain/risc-v embedded gcc/bin/../lib/gcc/riscv-none-embed/8.2.0/../../../../riscv-none-embed/lib\libg_nano.a(lib_a-readr.o)
 .debug_frame   0x0000000000002124       0x70 c:/mounriver/mounriver_studio/toolchain/risc-v embedded gcc/bin/../lib/gcc/riscv-none-embed/8.2.0/../../../../riscv-none-embed/lib\libg_nano.a(lib_a-reent.o)
 .debug_frame   0x0000000000002194       0x30 c:/mounriver/mounriver_studio/toolchain/risc-v embedded gcc/bin/../lib/gcc/riscv-none-embed/8.2.0/../../../../riscv-none-embed/lib\libg_nano.a(lib_a-wctomb_r.o)
 .debug_frame   0x00000000000021c4       0x20 c:/mounriver/mounriver_studio/toolchain/risc-v embedded gcc/bin/../lib/gcc/riscv-none-embed/8.2.0/../../../../riscv-none-embed/lib\libg_nano.a(lib_a-nano-msizer.o)
 .debug_frame   0x00000000000021e4       0x44 c:/mounriver/mounriver_studio/toolchain/risc-v embedded gcc/bin/../lib/gcc/riscv-none-embed/8.2.0\libgcc.a(adddf3.o)
 .debug_frame   0x0000000000002228       0x50 c:/mounriver/mounriver_studio/toolchain/risc-v embedded gcc/bin/../lib/gcc/riscv-none-embed/8.2.0\libgcc.a(divdf3.o)
 .debug_frame   0x0000000000002278       0x20 c:/mounriver/mounriver_studio/toolchain/risc-v embedded gcc/bin/../lib/gcc/riscv-none-embed/8.2.0\libgcc.a(eqdf2.o)
 .debug_frame   0x0000000000002298       0x20 c:/mounriver/mounriver_studio/toolchain/risc-v embedded gcc/bin/../lib/gcc/riscv-none-embed/8.2.0\libgcc.a(gedf2.o)
 .debug_frame   0x00000000000022b8       0x20 c:/mounriver/mounriver_studio/toolchain/risc-v embedded gcc/bin/../lib/gcc/riscv-none-embed/8.2.0\libgcc.a(ledf2.o)
 .debug_frame   0x00000000000022d8       0x54 c:/mounriver/mounriver_studio/toolchain/risc-v embedded gcc/bin/../lib/gcc/riscv-none-embed/8.2.0\libgcc.a(muldf3.o)
 .debug_frame   0x000000000000232c       0x44 c:/mounriver/mounriver_studio/toolchain/risc-v embedded gcc/bin/../lib/gcc/riscv-none-embed/8.2.0\libgcc.a(subdf3.o)
 .debug_frame   0x0000000000002370       0x20 c:/mounriver/mounriver_studio/toolchain/risc-v embedded gcc/bin/../lib/gcc/riscv-none-embed/8.2.0\libgcc.a(unorddf2.o)
 .debug_frame   0x0000000000002390       0x20 c:/mounriver/mounriver_studio/toolchain/risc-v embedded gcc/bin/../lib/gcc/riscv-none-embed/8.2.0\libgcc.a(fixdfsi.o)
 .debug_frame   0x00000000000023b0       0x38 c:/mounriver/mounriver_studio/toolchain/risc-v embedded gcc/bin/../lib/gcc/riscv-none-embed/8.2.0\libgcc.a(floatsidf.o)
 .debug_frame   0x00000000000023e8       0x38 c:/mounriver/mounriver_studio/toolchain/risc-v embedded gcc/bin/../lib/gcc/riscv-none-embed/8.2.0\libgcc.a(floatunsidf.o)
 .debug_frame   0x0000000000002420       0x2c c:/mounriver/mounriver_studio/toolchain/risc-v embedded gcc/bin/../lib/gcc/riscv-none-embed/8.2.0\libgcc.a(trunctfdf2.o)
 .debug_frame   0x000000000000244c       0x20 c:/mounriver/mounriver_studio/toolchain/risc-v embedded gcc/bin/../lib/gcc/riscv-none-embed/8.2.0/../../../../riscv-none-embed/lib\libnosys.a(close.o)
 .debug_frame   0x000000000000246c       0x20 c:/mounriver/mounriver_studio/toolchain/risc-v embedded gcc/bin/../lib/gcc/riscv-none-embed/8.2.0/../../../../riscv-none-embed/lib\libnosys.a(fstat.o)
 .debug_frame   0x000000000000248c       0x20 c:/mounriver/mounriver_studio/toolchain/risc-v embedded gcc/bin/../lib/gcc/riscv-none-embed/8.2.0/../../../../riscv-none-embed/lib\libnosys.a(isatty.o)
 .debug_frame   0x00000000000024ac       0x20 c:/mounriver/mounriver_studio/toolchain/risc-v embedded gcc/bin/../lib/gcc/riscv-none-embed/8.2.0/../../../../riscv-none-embed/lib\libnosys.a(lseek.o)
 .debug_frame   0x00000000000024cc       0x20 c:/mounriver/mounriver_studio/toolchain/risc-v embedded gcc/bin/../lib/gcc/riscv-none-embed/8.2.0/../../../../riscv-none-embed/lib\libnosys.a(read.o)

.debug_loc      0x0000000000000000     0x4091
 .debug_loc     0x0000000000000000      0x965 ./User/ili9341.o
 .debug_loc     0x0000000000000965      0x153 ./User/main.o
 .debug_loc     0x0000000000000ab8       0x56 ./User/spi.o
 .debug_loc     0x0000000000000b0e       0xda ./User/system_ch32v30x.o
 .debug_loc     0x0000000000000be8      0x670 ./Peripheral/src/ch32v30x_gpio.o
 .debug_loc     0x0000000000001258       0xce ./Peripheral/src/ch32v30x_misc.o
 .debug_loc     0x0000000000001326      0xadb ./Peripheral/src/ch32v30x_rcc.o
 .debug_loc     0x0000000000001e01     0x195e ./Peripheral/src/ch32v30x_tim.o
 .debug_loc     0x000000000000375f      0x7bb ./Peripheral/src/ch32v30x_usart.o
 .debug_loc     0x0000000000003f1a      0x177 ./Debug/debug.o

.stab           0x0000000000000000       0x84
 .stab          0x0000000000000000       0x24 c:/mounriver/mounriver_studio/toolchain/risc-v embedded gcc/bin/../lib/gcc/riscv-none-embed/8.2.0/../../../../riscv-none-embed/lib\libnosys.a(close.o)
 .stab          0x0000000000000024       0x18 c:/mounriver/mounriver_studio/toolchain/risc-v embedded gcc/bin/../lib/gcc/riscv-none-embed/8.2.0/../../../../riscv-none-embed/lib\libnosys.a(fstat.o)
                                         0x24 (size before relaxing)
 .stab          0x000000000000003c       0x18 c:/mounriver/mounriver_studio/toolchain/risc-v embedded gcc/bin/../lib/gcc/riscv-none-embed/8.2.0/../../../../riscv-none-embed/lib\libnosys.a(isatty.o)
                                         0x24 (size before relaxing)
 .stab          0x0000000000000054       0x18 c:/mounriver/mounriver_studio/toolchain/risc-v embedded gcc/bin/../lib/gcc/riscv-none-embed/8.2.0/../../../../riscv-none-embed/lib\libnosys.a(lseek.o)
                                         0x24 (size before relaxing)
 .stab          0x000000000000006c       0x18 c:/mounriver/mounriver_studio/toolchain/risc-v embedded gcc/bin/../lib/gcc/riscv-none-embed/8.2.0/../../../../riscv-none-embed/lib\libnosys.a(read.o)
                                         0x24 (size before relaxing)

.stabstr        0x0000000000000000      0x117
 .stabstr       0x0000000000000000      0x117 c:/mounriver/mounriver_studio/toolchain/risc-v embedded gcc/bin/../lib/gcc/riscv-none-embed/8.2.0/../../../../riscv-none-embed/lib\libnosys.a(close.o)
