Archive member included to satisfy reference by file (symbol)

c:/mounriver/mounriver_studio/toolchain/risc-v embedded gcc/bin/../lib/gcc/riscv-none-embed/8.2.0\libgcc.a(extendsfdf2.o)
                              ./User/main.o (__extendsfdf2)
c:/mounriver/mounriver_studio/toolchain/risc-v embedded gcc/bin/../lib/gcc/riscv-none-embed/8.2.0\libgcc.a(save-restore.o)
                              ./User/main.o (__riscv_save_7)
c:/mounriver/mounriver_studio/toolchain/risc-v embedded gcc/bin/../lib/gcc/riscv-none-embed/8.2.0\libgcc.a(_clzsi2.o)
                              c:/mounriver/mounriver_studio/toolchain/risc-v embedded gcc/bin/../lib/gcc/riscv-none-embed/8.2.0\libgcc.a(extendsfdf2.o) (__clzsi2)
c:/mounriver/mounriver_studio/toolchain/risc-v embedded gcc/bin/../lib/gcc/riscv-none-embed/8.2.0\libgcc.a(_clz.o)
                              c:/mounriver/mounriver_studio/toolchain/risc-v embedded gcc/bin/../lib/gcc/riscv-none-embed/8.2.0\libgcc.a(_clzsi2.o) (__clz_tab)
c:/mounriver/mounriver_studio/toolchain/risc-v embedded gcc/bin/../lib/gcc/riscv-none-embed/8.2.0/../../../../riscv-none-embed/lib\libg_nano.a(lib_a-nano-vfprintf_float.o)
                              (_printf_float)
c:/mounriver/mounriver_studio/toolchain/risc-v embedded gcc/bin/../lib/gcc/riscv-none-embed/8.2.0/../../../../riscv-none-embed/lib\libg_nano.a(lib_a-nano-vfprintf_i.o)
                              c:/mounriver/mounriver_studio/toolchain/risc-v embedded gcc/bin/../lib/gcc/riscv-none-embed/8.2.0/../../../../riscv-none-embed/lib\libg_nano.a(lib_a-nano-vfprintf_float.o) (_printf_common)
c:/mounriver/mounriver_studio/toolchain/risc-v embedded gcc/bin/../lib/gcc/riscv-none-embed/8.2.0/../../../../riscv-none-embed/lib\libg_nano.a(lib_a-printf.o)
                              ./User/main.o (printf)
c:/mounriver/mounriver_studio/toolchain/risc-v embedded gcc/bin/../lib/gcc/riscv-none-embed/8.2.0/../../../../riscv-none-embed/lib\libg_nano.a(lib_a-puts.o)
                              ./User/main.o (puts)
c:/mounriver/mounriver_studio/toolchain/risc-v embedded gcc/bin/../lib/gcc/riscv-none-embed/8.2.0/../../../../riscv-none-embed/lib\libg_nano.a(lib_a-strlen.o)
                              c:/mounriver/mounriver_studio/toolchain/risc-v embedded gcc/bin/../lib/gcc/riscv-none-embed/8.2.0/../../../../riscv-none-embed/lib\libg_nano.a(lib_a-nano-vfprintf_float.o) (strlen)
c:/mounriver/mounriver_studio/toolchain/risc-v embedded gcc/bin/../lib/gcc/riscv-none-embed/8.2.0/../../../../riscv-none-embed/lib\libg_nano.a(lib_a-wbuf.o)
                              c:/mounriver/mounriver_studio/toolchain/risc-v embedded gcc/bin/../lib/gcc/riscv-none-embed/8.2.0/../../../../riscv-none-embed/lib\libg_nano.a(lib_a-puts.o) (__swbuf_r)
c:/mounriver/mounriver_studio/toolchain/risc-v embedded gcc/bin/../lib/gcc/riscv-none-embed/8.2.0/../../../../riscv-none-embed/lib\libg_nano.a(lib_a-wsetup.o)
                              c:/mounriver/mounriver_studio/toolchain/risc-v embedded gcc/bin/../lib/gcc/riscv-none-embed/8.2.0/../../../../riscv-none-embed/lib\libg_nano.a(lib_a-puts.o) (__swsetup_r)
c:/mounriver/mounriver_studio/toolchain/risc-v embedded gcc/bin/../lib/gcc/riscv-none-embed/8.2.0/../../../../riscv-none-embed/lib\libg_nano.a(lib_a-dtoa.o)
                              c:/mounriver/mounriver_studio/toolchain/risc-v embedded gcc/bin/../lib/gcc/riscv-none-embed/8.2.0/../../../../riscv-none-embed/lib\libg_nano.a(lib_a-nano-vfprintf_float.o) (_dtoa_r)
c:/mounriver/mounriver_studio/toolchain/risc-v embedded gcc/bin/../lib/gcc/riscv-none-embed/8.2.0/../../../../riscv-none-embed/lib\libg_nano.a(lib_a-fflush.o)
                              c:/mounriver/mounriver_studio/toolchain/risc-v embedded gcc/bin/../lib/gcc/riscv-none-embed/8.2.0/../../../../riscv-none-embed/lib\libg_nano.a(lib_a-wbuf.o) (_fflush_r)
c:/mounriver/mounriver_studio/toolchain/risc-v embedded gcc/bin/../lib/gcc/riscv-none-embed/8.2.0/../../../../riscv-none-embed/lib\libg_nano.a(lib_a-findfp.o)
                              c:/mounriver/mounriver_studio/toolchain/risc-v embedded gcc/bin/../lib/gcc/riscv-none-embed/8.2.0/../../../../riscv-none-embed/lib\libg_nano.a(lib_a-printf.o) (__sinit)
c:/mounriver/mounriver_studio/toolchain/risc-v embedded gcc/bin/../lib/gcc/riscv-none-embed/8.2.0/../../../../riscv-none-embed/lib\libg_nano.a(lib_a-fwalk.o)
                              c:/mounriver/mounriver_studio/toolchain/risc-v embedded gcc/bin/../lib/gcc/riscv-none-embed/8.2.0/../../../../riscv-none-embed/lib\libg_nano.a(lib_a-findfp.o) (_fwalk)
c:/mounriver/mounriver_studio/toolchain/risc-v embedded gcc/bin/../lib/gcc/riscv-none-embed/8.2.0/../../../../riscv-none-embed/lib\libg_nano.a(lib_a-impure.o)
                              c:/mounriver/mounriver_studio/toolchain/risc-v embedded gcc/bin/../lib/gcc/riscv-none-embed/8.2.0/../../../../riscv-none-embed/lib\libg_nano.a(lib_a-fflush.o) (_global_impure_ptr)
[...]
Memory Configuration

Name             Origin             Length             Attributes
FLASH            0x0000000000000000 0x0000000000048000 xr
RAM              0x0000000020000000 0x0000000000008000 xrw
*default*        0x0000000000000000 0xffffffffffffffff

Linker script and memory map

LOAD ./User/ch32v30x_it.o
LOAD ./User/ext.o
LOAD ./User/main.o
LOAD ./User/system_ch32v30x.o
LOAD ./Startup/startup_ch32v30x_D8C.o
LOAD ./Peripheral/src/ch32v30x_adc.o
LOAD ./Peripheral/src/ch32v30x_bkp.o
LOAD ./Peripheral/src/ch32v30x_can.o
LOAD ./Peripheral/src/ch32v30x_crc.o
LOAD ./Peripheral/src/ch32v30x_dac.o
LOAD ./Peripheral/src/ch32v30x_dbgmcu.o
LOAD ./Peripheral/src/ch32v30x_dma.o
LOAD ./Peripheral/src/ch32v30x_dvp.o
LOAD ./Peripheral/src/ch32v30x_eth.o
LOAD ./Peripheral/src/ch32v30x_exti.o
LOAD ./Peripheral/src/ch32v30x_flash.o
LOAD ./Peripheral/src/ch32v30x_fsmc.o
LOAD ./Peripheral/src/ch32v30x_gpio.o
LOAD ./Peripheral/src/ch32v30x_i2c.o
LOAD ./Peripheral/src/ch32v30x_iwdg.o
LOAD ./Peripheral/src/ch32v30x_misc.o
LOAD ./Peripheral/src/ch32v30x_opa.o
LOAD ./Peripheral/src/ch32v30x_pwr.o
LOAD ./Peripheral/src/ch32v30x_rcc.o
LOAD ./Peripheral/src/ch32v30x_rng.o
LOAD ./Peripheral/src/ch32v30x_rtc.o
LOAD ./Peripheral/src/ch32v30x_sdio.o
LOAD ./Peripheral/src/ch32v30x_spi.o
LOAD ./Peripheral/src/ch32v30x_tim.o
LOAD ./Peripheral/src/ch32v30x_usart.o
LOAD ./Peripheral/src/ch32v30x_wwdg.o
LOAD ./Debug/debug.o
LOAD ./Core/core_riscv.o
LOAD c:/mounriver/mounriver_studio/toolchain/risc-v embedded gcc/bin/../lib/gcc/riscv-none-embed/8.2.0/../../../../riscv-none-embed/lib\libm.a
LOAD c:/mounriver/mounriver_studio/toolchain/risc-v embedded gcc/bin/../lib/gcc/riscv-none-embed/8.2.0\libgcc.a
LOAD c:/mounriver/mounriver_studio/toolchain/risc-v embedded gcc/bin/../lib/gcc/riscv-none-embed/8.2.0/../../../../riscv-none-embed/lib\libg_nano.a
LOAD c:/mounriver/mounriver_studio/toolchain/risc-v embedded gcc/bin/../lib/gcc/riscv-none-embed/8.2.0/../../../../riscv-none-embed/lib\libc_nano.a
LOAD c:/mounriver/mounriver_studio/toolchain/risc-v embedded gcc/bin/../lib/gcc/riscv-none-embed/8.2.0\libgcc.a
START GROUP
LOAD c:/mounriver/mounriver_studio/toolchain/risc-v embedded gcc/bin/../lib/gcc/riscv-none-embed/8.2.0\libgcc.a
LOAD c:/mounriver/mounriver_studio/toolchain/risc-v embedded gcc/bin/../lib/gcc/riscv-none-embed/8.2.0/../../../../riscv-none-embed/lib\libc_nano.a
LOAD c:/mounriver/mounriver_studio/toolchain/risc-v embedded gcc/bin/../lib/gcc/riscv-none-embed/8.2.0/../../../../riscv-none-embed/lib\libnosys.a
END GROUP
START GROUP
LOAD c:/mounriver/mounriver_studio/toolchain/risc-v embedded gcc/bin/../lib/gcc/riscv-none-embed/8.2.0\libgcc.a
LOAD c:/mounriver/mounriver_studio/toolchain/risc-v embedded gcc/bin/../lib/gcc/riscv-none-embed/8.2.0/../../../../riscv-none-embed/lib\libc_nano.a
LOAD c:/mounriver/mounriver_studio/toolchain/risc-v embedded gcc/bin/../lib/gcc/riscv-none-embed/8.2.0/../../../../riscv-none-embed/lib\libnosys.a
END GROUP
                0x0000000000000800                __stack_size = 0x800
                [!provide]                        PROVIDE (_stack_size = __stack_size)

.init           0x0000000000000000       0x38
                0x0000000000000000                _sinit = .
                0x0000000000000000                . = ALIGN (0x4)
 *(SORT_NONE(.init))
 .init          0x0000000000000000       0x38 ./Startup/startup_ch32v30x_D8C.o
                0x0000000000000000                _start
                0x0000000000000038                . = ALIGN (0x4)
                0x0000000000000038                _einit = .

.vector         0x0000000000000038      0x1c8
 *(.vector)
 .vector        0x0000000000000038      0x1a0 ./Startup/startup_ch32v30x_D8C.o
                0x0000000000000200                . = ALIGN (0x40)
 *fill*         0x00000000000001d8       0x28 

.text           0x0000000000000200     0x5cfc
                0x0000000000000200                . = ALIGN (0x4)
 *(.text)
 .text          0x0000000000000200       0x70 ./User/ext.o
                0x0000000000000200                ext
 .text          0x0000000000000270       0x60 c:/mounriver/mounriver_studio/toolchain/risc-v embedded gcc/bin/../lib/gcc/riscv-none-embed/8.2.0\libgcc.a(save-restore.o)
                0x0000000000000270                __riscv_save_12
                0x0000000000000278                __riscv_save_9
                0x0000000000000278                __riscv_save_11
                0x0000000000000278                __riscv_save_10
                0x0000000000000278                __riscv_save_8
                0x0000000000000286                __riscv_save_4
                0x0000000000000286                __riscv_save_6
                0x0000000000000286                __riscv_save_5
                0x0000000000000286                __riscv_save_7
                0x00000000000002a0                __riscv_save_3
                0x00000000000002a0                __riscv_save_2
                0x00000000000002a0                __riscv_save_1
                0x00000000000002a0                __riscv_save_0
                0x00000000000002ac                __riscv_restore_12
                0x00000000000002b0                __riscv_restore_11
                0x00000000000002b0                __riscv_restore_9
                0x00000000000002b0                __riscv_restore_10
                0x00000000000002b0                __riscv_restore_8
                0x00000000000002ba                __riscv_restore_5
                0x00000000000002ba                __riscv_restore_7
                0x00000000000002ba                __riscv_restore_6
                0x00000000000002ba                __riscv_restore_4
                0x00000000000002c4                __riscv_restore_3
                0x00000000000002c4                __riscv_restore_0
                0x00000000000002c4                __riscv_restore_2
                0x00000000000002c4                __riscv_restore_1
 .text          0x00000000000002d0       0xa8 c:/mounriver/mounriver_studio/toolchain/risc-v embedded gcc/bin/../lib/gcc/riscv-none-embed/8.2.0/../../../../riscv-none-embed/lib\libg_nano.a(lib_a-memset.o)
                0x00000000000002d0                memset
 *(.text.*)
 .text.NMI_Handler
                0x0000000000000378        0x4 ./User/ch32v30x_it.o
                0x0000000000000378                NMI_Handler
 .text.HardFault_Handler
                0x000000000000037c        0x2 ./User/ch32v30x_it.o
                0x000000000000037c                HardFault_Handler
 .text.TIM6_Init
                0x000000000000037e       0x2c ./User/main.o
                0x000000000000037e                TIM6_Init
 .text.startup.main
                0x00000000000003aa       0xd8 ./User/main.o
                0x00000000000003aa                main
 .text.SystemInit
                0x0000000000000482       0xf8 ./User/system_ch32v30x.o
                0x0000000000000482                SystemInit
 .text.SystemCoreClockUpdate
                0x000000000000057a       0xbe ./User/system_ch32v30x.o
                0x000000000000057a                SystemCoreClockUpdate
 .text.vector_handler
                0x0000000000000638       0xbe ./Startup/startup_ch32v30x_D8C.o
                0x000000000000063c                Ecall_M_Mode_Handler
                0x000000000000063e                Ecall_U_Mode_Handler
                0x0000000000000640                Break_Point_Handler
                0x0000000000000642                SysTick_Handler
                0x0000000000000644                SW_Handler
                0x0000000000000646                WWDG_IRQHandler
                0x0000000000000648                PVD_IRQHandler
                0x000000000000064a                TAMPER_IRQHandler
                0x000000000000064c                RTC_IRQHandler
                0x000000000000064e                FLASH_IRQHandler
                0x0000000000000650                RCC_IRQHandler
                0x0000000000000652                EXTI0_IRQHandler
                0x0000000000000654                EXTI1_IRQHandler
                0x0000000000000656                EXTI2_IRQHandler
                0x0000000000000658                EXTI3_IRQHandler
                0x000000000000065a                EXTI4_IRQHandler
                0x000000000000065c                DMA1_Channel1_IRQHandler
                0x000000000000065e                DMA1_Channel2_IRQHandler
                0x0000000000000660                DMA1_Channel3_IRQHandler
                0x0000000000000662                DMA1_Channel4_IRQHandler
                0x0000000000000664                DMA1_Channel5_IRQHandler
                0x0000000000000666                DMA1_Channel6_IRQHandler
                0x0000000000000668                DMA1_Channel7_IRQHandler
                0x000000000000066a                ADC1_2_IRQHandler
                0x000000000000066c                USB_HP_CAN1_TX_IRQHandler
                0x000000000000066e                USB_LP_CAN1_RX0_IRQHandler
                0x0000000000000670                CAN1_RX1_IRQHandler
                0x0000000000000672                CAN1_SCE_IRQHandler
                0x0000000000000674                EXTI9_5_IRQHandler
                0x0000000000000676                TIM1_BRK_IRQHandler
                0x0000000000000678                TIM1_UP_IRQHandler
                0x000000000000067a                TIM1_TRG_COM_IRQHandler
                0x000000000000067c                TIM1_CC_IRQHandler
                0x000000000000067e                TIM2_IRQHandler
                0x0000000000000680                TIM3_IRQHandler
                0x0000000000000682                TIM4_IRQHandler
                0x0000000000000684                I2C1_EV_IRQHandler
                0x0000000000000686                I2C1_ER_IRQHandler
                0x0000000000000688                I2C2_EV_IRQHandler
                0x000000000000068a                I2C2_ER_IRQHandler
                0x000000000000068c                SPI1_IRQHandler
                0x000000000000068e                SPI2_IRQHandler
                0x0000000000000690                USART1_IRQHandler
                0x0000000000000692                USART2_IRQHandler
                0x0000000000000694                USART3_IRQHandler
                0x0000000000000696                EXTI15_10_IRQHandler
                0x0000000000000698                RTCAlarm_IRQHandler
                0x000000000000069a                USBWakeUp_IRQHandler
                0x000000000000069c                TIM8_BRK_IRQHandler
                0x000000000000069e                TIM8_UP_IRQHandler
                0x00000000000006a0                TIM8_TRG_COM_IRQHandler
                0x00000000000006a2                TIM8_CC_IRQHandler
                0x00000000000006a4                RNG_IRQHandler
                0x00000000000006a6                FSMC_IRQHandler
                0x00000000000006a8                SDIO_IRQHandler
                0x00000000000006aa                TIM5_IRQHandler
                0x00000000000006ac                SPI3_IRQHandler
                0x00000000000006ae                UART4_IRQHandler
                0x00000000000006b0                UART5_IRQHandler
                0x00000000000006b2                TIM6_IRQHandler
                0x00000000000006b4                TIM7_IRQHandler
                0x00000000000006b6                DMA2_Channel1_IRQHandler
                0x00000000000006b8                DMA2_Channel2_IRQHandler
                0x00000000000006ba                DMA2_Channel3_IRQHandler
                0x00000000000006bc                DMA2_Channel4_IRQHandler
                0x00000000000006be                DMA2_Channel5_IRQHandler
                0x00000000000006c0                ETH_IRQHandler
                0x00000000000006c2                ETH_WKUP_IRQHandler
                0x00000000000006c4                CAN2_TX_IRQHandler
                0x00000000000006c6                CAN2_RX0_IRQHandler
                0x00000000000006c8                CAN2_RX1_IRQHandler
                0x00000000000006ca                CAN2_SCE_IRQHandler
                0x00000000000006cc                OTG_FS_IRQHandler
                0x00000000000006ce                USBHSWakeup_IRQHandler
                0x00000000000006d0                USBHS_IRQHandler
                0x00000000000006d2                DVP_IRQHandler
                0x00000000000006d4                UART6_IRQHandler
                0x00000000000006d6                UART7_IRQHandler
                0x00000000000006d8                UART8_IRQHandler
                0x00000000000006da                TIM9_BRK_IRQHandler
                0x00000000000006dc                TIM9_UP_IRQHandler
                0x00000000000006de                TIM9_TRG_COM_IRQHandler
                0x00000000000006e0                TIM9_CC_IRQHandler
                0x00000000000006e2                TIM10_BRK_IRQHandler
                0x00000000000006e4                TIM10_UP_IRQHandler
                0x00000000000006e6                TIM10_TRG_COM_IRQHandler
                0x00000000000006e8                TIM10_CC_IRQHandler
                0x00000000000006ea                DMA2_Channel6_IRQHandler
                0x00000000000006ec                DMA2_Channel7_IRQHandler
                0x00000000000006ee                DMA2_Channel8_IRQHandler
                0x00000000000006f0                DMA2_Channel9_IRQHandler
                0x00000000000006f2                DMA2_Channel10_IRQHandler
                0x00000000000006f4                DMA2_Channel11_IRQHandler
 .text.handle_reset
                0x00000000000006f6       0x8a ./Startup/startup_ch32v30x_D8C.o
                0x00000000000006f6                handle_reset
 .text.GPIO_Init
                0x0000000000000780       0xc0 ./Peripheral/src/ch32v30x_gpio.o
                0x0000000000000780                GPIO_Init
 .text.NVIC_PriorityGroupConfig
                0x0000000000000840        0x6 ./Peripheral/src/ch32v30x_misc.o
                0x0000000000000840                NVIC_PriorityGroupConfig
 .text.RCC_PCLK1Config
                0x0000000000000846       0x10 ./Peripheral/src/ch32v30x_rcc.o
                0x0000000000000846                RCC_PCLK1Config
 .text.RCC_GetClocksFreq
                0x0000000000000856      0x176 ./Peripheral/src/ch32v30x_rcc.o
                0x0000000000000856                RCC_GetClocksFreq
 .text.RCC_APB2PeriphClockCmd
                0x00000000000009cc       0x1e ./Peripheral/src/ch32v30x_rcc.o
                0x00000000000009cc                RCC_APB2PeriphClockCmd
 .text.RCC_APB1PeriphClockCmd
                0x00000000000009ea       0x1e ./Peripheral/src/ch32v30x_rcc.o
                0x00000000000009ea                RCC_APB1PeriphClockCmd
 .text.TIM_TimeBaseInit
                0x0000000000000a08       0xaa ./Peripheral/src/ch32v30x_tim.o
                0x0000000000000a08                TIM_TimeBaseInit
 .text.TIM_Cmd  0x0000000000000ab2       0x18 ./Peripheral/src/ch32v30x_tim.o
                0x0000000000000ab2                TIM_Cmd
 .text.USART_Init
                0x0000000000000aca       0xba ./Peripheral/src/ch32v30x_usart.o
                0x0000000000000aca                USART_Init
 .text.USART_Cmd
                0x0000000000000b84       0x16 ./Peripheral/src/ch32v30x_usart.o
                0x0000000000000b84                USART_Cmd
 .text.USART_SendData
                0x0000000000000b9a        0x8 ./Peripheral/src/ch32v30x_usart.o
                0x0000000000000b9a                USART_SendData
 .text.USART_GetFlagStatus
                0x0000000000000ba2        0xa ./Peripheral/src/ch32v30x_usart.o
                0x0000000000000ba2                USART_GetFlagStatus
 .text.Delay_Init
                0x0000000000000bac       0x2a ./Debug/debug.o
                0x0000000000000bac                Delay_Init
 .text.USART_Printf_Init
                0x0000000000000bd6       0x52 ./Debug/debug.o
                0x0000000000000bd6                USART_Printf_Init
 .text._write   0x0000000000000c28       0x3a ./Debug/debug.o
                0x0000000000000c28                _write
 .text._sbrk    0x0000000000000c62       0x26 ./Debug/debug.o
                0x0000000000000c62                _sbrk
 .text.__extendsfdf2
                0x0000000000000c88       0xac c:/mounriver/mounriver_studio/toolchain/risc-v embedded gcc/bin/../lib/gcc/riscv-none-embed/8.2.0\libgcc.a(extendsfdf2.o)
                0x0000000000000c88                __extendsfdf2
 .text.__clzsi2
                0x0000000000000d34       0x76 c:/mounriver/mounriver_studio/toolchain/risc-v embedded gcc/bin/../lib/gcc/riscv-none-embed/8.2.0\libgcc.a(_clzsi2.o)
                0x0000000000000d34                __clzsi2
 .text.__cvt    0x0000000000000daa       0xee c:/mounriver/mounriver_studio/toolchain/risc-v embedded gcc/bin/../lib/gcc/riscv-none-embed/8.2.0/../../../../riscv-none-embed/lib\libg_nano.a(lib_a-nano-vfprintf_float.o)
                0x0000000000000daa                __cvt
 .text.__exponent
                0x0000000000000e98       0x8c c:/mounriver/mounriver_studio/toolchain/risc-v embedded gcc/bin/../lib/gcc/riscv-none-embed/8.2.0/../../../../riscv-none-embed/lib\libg_nano.a(lib_a-nano-vfprintf_float.o)
                0x0000000000000e98                __exponent
 .text._printf_float
                0x0000000000000f24      0x4c0 c:/mounriver/mounriver_studio/toolchain/risc-v embedded gcc/bin/../lib/gcc/riscv-none-embed/8.2.0/../../../../riscv-none-embed/lib\libg_nano.a(lib_a-nano-vfprintf_float.o)
                0x0000000000000f24                _printf_float
 .text._printf_common
                0x00000000000013e4      0x10c c:/mounriver/mounriver_studio/toolchain/risc-v embedded gcc/bin/../lib/gcc/riscv-none-embed/8.2.0/../../../../riscv-none-embed/lib\libg_nano.a(lib_a-nano-vfprintf_i.o)
                0x00000000000013e4                _printf_common
 .text._printf_i
                0x00000000000014f0      0x2aa c:/mounriver/mounriver_studio/toolchain/risc-v embedded gcc/bin/../lib/gcc/riscv-none-embed/8.2.0/../../../../riscv-none-embed/lib\libg_nano.a(lib_a-nano-vfprintf_i.o)
                0x00000000000014f0                _printf_i
 .text.printf   0x000000000000179a       0x42 c:/mounriver/mounriver_studio/toolchain/risc-v embedded gcc/bin/../lib/gcc/riscv-none-embed/8.2.0/../../../../riscv-none-embed/lib\libg_nano.a(lib_a-printf.o)
                0x000000000000179a                iprintf
                0x000000000000179a                printf
 .text._puts_r  0x00000000000017dc       0xde c:/mounriver/mounriver_studio/toolchain/risc-v embedded gcc/bin/../lib/gcc/riscv-none-embed/8.2.0/../../../../riscv-none-embed/lib\libg_nano.a(lib_a-puts.o)
                0x00000000000017dc                _puts_r
 .text.puts     0x00000000000018ba        0xa c:/mounriver/mounriver_studio/toolchain/risc-v embedded gcc/bin/../lib/gcc/riscv-none-embed/8.2.0/../../../../riscv-none-embed/lib\libg_nano.a(lib_a-puts.o)
                0x00000000000018ba                puts
 .text.strlen   0x00000000000018c4       0x12 c:/mounriver/mounriver_studio/toolchain/risc-v embedded gcc/bin/../lib/gcc/riscv-none-embed/8.2.0/../../../../riscv-none-embed/lib\libg_nano.a(lib_a-strlen.o)
                0x00000000000018c4                strlen
 .text.__swbuf_r
                0x00000000000018d6       0xc6 c:/mounriver/mounriver_studio/toolchain/risc-v embedded gcc/bin/../lib/gcc/riscv-none-embed/8.2.0/../../../../riscv-none-embed/lib\libg_nano.a(lib_a-wbuf.o)
                0x00000000000018d6                __swbuf_r
 .text.__swsetup_r
                0x000000000000199c      0x112 c:/mounriver/mounriver_studio/toolchain/risc-v embedded gcc/bin/../lib/gcc/riscv-none-embed/8.2.0/../../../../riscv-none-embed/lib\libg_nano.a(lib_a-wsetup.o)
                0x000000000000199c                __swsetup_r
 .text.quorem   0x0000000000001aae      0x13a c:/mounriver/mounriver_studio/toolchain/risc-v embedded gcc/bin/../lib/gcc/riscv-none-embed/8.2.0/../../../../riscv-none-embed/lib\libg_nano.a(lib_a-dtoa.o)
 .text._dtoa_r  0x0000000000001be8      0xc20 c:/mounriver/mounriver_studio/toolchain/risc-v embedded gcc/bin/../lib/gcc/riscv-none-embed/8.2.0/../../../../riscv-none-embed/lib\libg_nano.a(lib_a-dtoa.o)
                0x0000000000001be8                _dtoa_r
 .text.__sflush_r
                0x0000000000002808      0x13e c:/mounriver/mounriver_studio/toolchain/risc-v embedded gcc/bin/../lib/gcc/riscv-none-embed/8.2.0/../../../../riscv-none-embed/lib\libg_nano.a(lib_a-fflush.o)
                0x0000000000002808                __sflush_r
 .text._fflush_r
                0x0000000000002946       0x64 c:/mounriver/mounriver_studio/toolchain/risc-v embedded gcc/bin/../lib/gcc/riscv-none-embed/8.2.0/../../../../riscv-none-embed/lib\libg_nano.a(lib_a-fflush.o)
                0x0000000000002946                _fflush_r
 .text.std      0x00000000000029aa       0x6a c:/mounriver/mounriver_studio/toolchain/risc-v embedded gcc/bin/../lib/gcc/riscv-none-embed/8.2.0/../../../../riscv-none-embed/lib\libg_nano.a(lib_a-findfp.o)
 .text._cleanup_r
                0x0000000000002a14        0xa c:/mounriver/mounriver_studio/toolchain/risc-v embedded gcc/bin/../lib/gcc/riscv-none-embed/8.2.0/../../../../riscv-none-embed/lib\libg_nano.a(lib_a-findfp.o)
                0x0000000000002a14                _cleanup_r
 .text.__sfmoreglue
                0x0000000000002a1e       0x48 c:/mounriver/mounriver_studio/toolchain/risc-v embedded gcc/bin/../lib/gcc/riscv-none-embed/8.2.0/../../../../riscv-none-embed/lib\libg_nano.a(lib_a-findfp.o)
                0x0000000000002a1e                __sfmoreglue
 .text.__sinit  0x0000000000002a66       0x66 c:/mounriver/mounriver_studio/toolchain/risc-v embedded gcc/bin/../lib/gcc/riscv-none-embed/8.2.0/../../../../riscv-none-embed/lib\libg_nano.a(lib_a-findfp.o)
                0x0000000000002a66                __sinit
 .text.__sfp    0x0000000000002acc       0x9c c:/mounriver/mounriver_studio/toolchain/risc-v embedded gcc/bin/../lib/gcc/riscv-none-embed/8.2.0/../../../../riscv-none-embed/lib\libg_nano.a(lib_a-findfp.o)
                0x0000000000002acc                __sfp
 .text._fwalk_reent
                0x0000000000002b68       0x6c c:/mounriver/mounriver_studio/toolchain/risc-v embedded gcc/bin/../lib/gcc/riscv-none-embed/8.2.0/../../../../riscv-none-embed/lib\libg_nano.a(lib_a-fwalk.o)
                0x0000000000002b68                _fwalk_reent
 .text._localeconv_r
                0x0000000000002bd4       0x18 c:/mounriver/mounriver_studio/toolchain/risc-v embedded gcc/bin/../lib/gcc/riscv-none-embed/8.2.0/../../../../riscv-none-embed/lib\libg_nano.a(lib_a-localeconv.o)
                0x0000000000002bd4                _localeconv_r
 .text.__swhatbuf_r
                0x0000000000002bec       0x5a c:/mounriver/mounriver_studio/toolchain/risc-v embedded gcc/bin/../lib/gcc/riscv-none-embed/8.2.0/../../../../riscv-none-embed/lib\libg_nano.a(lib_a-makebuf.o)
                0x0000000000002bec                __swhatbuf_r
 .text.__smakebuf_r
                0x0000000000002c46       0xa0 c:/mounriver/mounriver_studio/toolchain/risc-v embedded gcc/bin/../lib/gcc/riscv-none-embed/8.2.0/../../../../riscv-none-embed/lib\libg_nano.a(lib_a-makebuf.o)
                0x0000000000002c46                __smakebuf_r
 .text.malloc   0x0000000000002ce6        0xc c:/mounriver/mounriver_studio/toolchain/risc-v embedded gcc/bin/../lib/gcc/riscv-none-embed/8.2.0/../../../../riscv-none-embed/lib\libg_nano.a(lib_a-malloc.o)
                0x0000000000002ce6                malloc
 .text.memchr   0x0000000000002cf2       0x1a c:/mounriver/mounriver_studio/toolchain/risc-v embedded gcc/bin/../lib/gcc/riscv-none-embed/8.2.0/../../../../riscv-none-embed/lib\libg_nano.a(lib_a-memchr.o)
                0x0000000000002cf2                memchr
 .text.memcpy   0x0000000000002d0c       0xb6 c:/mounriver/mounriver_studio/toolchain/risc-v embedded gcc/bin/../lib/gcc/riscv-none-embed/8.2.0/../../../../riscv-none-embed/lib\libg_nano.a(lib_a-memcpy.o)
                0x0000000000002d0c                memcpy
 .text._Balloc  0x0000000000002dc2       0x86 c:/mounriver/mounriver_studio/toolchain/risc-v embedded gcc/bin/../lib/gcc/riscv-none-embed/8.2.0/../../../../riscv-none-embed/lib\libg_nano.a(lib_a-mprec.o)
                0x0000000000002dc2                _Balloc
 .text._Bfree   0x0000000000002e48       0x42 c:/mounriver/mounriver_studio/toolchain/risc-v embedded gcc/bin/../lib/gcc/riscv-none-embed/8.2.0/../../../../riscv-none-embed/lib\libg_nano.a(lib_a-mprec.o)
                0x0000000000002e48                _Bfree
 .text.__multadd
                0x0000000000002e8a       0x92 c:/mounriver/mounriver_studio/toolchain/risc-v embedded gcc/bin/../lib/gcc/riscv-none-embed/8.2.0/../../../../riscv-none-embed/lib\libg_nano.a(lib_a-mprec.o)
                0x0000000000002e8a                __multadd
 .text.__hi0bits
                0x0000000000002f1c       0x46 c:/mounriver/mounriver_studio/toolchain/risc-v embedded gcc/bin/../lib/gcc/riscv-none-embed/8.2.0/../../../../riscv-none-embed/lib\libg_nano.a(lib_a-mprec.o)
                0x0000000000002f1c                __hi0bits
 .text.__lo0bits
                0x0000000000002f62       0x6a c:/mounriver/mounriver_studio/toolchain/risc-v embedded gcc/bin/../lib/gcc/riscv-none-embed/8.2.0/../../../../riscv-none-embed/lib\libg_nano.a(lib_a-mprec.o)
                0x0000000000002f62                __lo0bits
 .text.__i2b    0x0000000000002fcc       0x1a c:/mounriver/mounriver_studio/toolchain/risc-v embedded gcc/bin/../lib/gcc/riscv-none-embed/8.2.0/../../../../riscv-none-embed/lib\libg_nano.a(lib_a-mprec.o)
                0x0000000000002fcc                __i2b
 .text.__multiply
                0x0000000000002fe6      0x142 c:/mounriver/mounriver_studio/toolchain/risc-v embedded gcc/bin/../lib/gcc/riscv-none-embed/8.2.0/../../../../riscv-none-embed/lib\libg_nano.a(lib_a-mprec.o)
                0x0000000000002fe6                __multiply
 .text.__pow5mult
                0x0000000000003128       0xb4 c:/mounriver/mounriver_studio/toolchain/risc-v embedded gcc/bin/../lib/gcc/riscv-none-embed/8.2.0/../../../../riscv-none-embed/lib\libg_nano.a(lib_a-mprec.o)
                0x0000000000003128                __pow5mult
 .text.__lshift
                0x00000000000031dc       0xca c:/mounriver/mounriver_studio/toolchain/risc-v embedded gcc/bin/../lib/gcc/riscv-none-embed/8.2.0/../../../../riscv-none-embed/lib\libg_nano.a(lib_a-mprec.o)
                0x00000000000031dc                __lshift
 .text.__mcmp   0x00000000000032a6       0x32 c:/mounriver/mounriver_studio/toolchain/risc-v embedded gcc/bin/../lib/gcc/riscv-none-embed/8.2.0/../../../../riscv-none-embed/lib\libg_nano.a(lib_a-mprec.o)
                0x00000000000032a6                __mcmp
 .text.__mdiff  0x00000000000032d8       0xf0 c:/mounriver/mounriver_studio/toolchain/risc-v embedded gcc/bin/../lib/gcc/riscv-none-embed/8.2.0/../../../../riscv-none-embed/lib\libg_nano.a(lib_a-mprec.o)
                0x00000000000032d8                __mdiff
 .text.__d2b    0x00000000000033c8       0xd4 c:/mounriver/mounriver_studio/toolchain/risc-v embedded gcc/bin/../lib/gcc/riscv-none-embed/8.2.0/../../../../riscv-none-embed/lib\libg_nano.a(lib_a-mprec.o)
                0x00000000000033c8                __d2b
 .text._calloc_r
                0x000000000000349c       0x26 c:/mounriver/mounriver_studio/toolchain/risc-v embedded gcc/bin/../lib/gcc/riscv-none-embed/8.2.0/../../../../riscv-none-embed/lib\libg_nano.a(lib_a-nano-callocr.o)
                0x000000000000349c                _calloc_r
 .text._free_r  0x00000000000034c2       0xa4 c:/mounriver/mounriver_studio/toolchain/risc-v embedded gcc/bin/../lib/gcc/riscv-none-embed/8.2.0/../../../../riscv-none-embed/lib\libg_nano.a(lib_a-nano-freer.o)
                0x00000000000034c2                _free_r
 .text._malloc_r
                0x0000000000003566       0xce c:/mounriver/mounriver_studio/toolchain/risc-v embedded gcc/bin/../lib/gcc/riscv-none-embed/8.2.0/../../../../riscv-none-embed/lib\libg_nano.a(lib_a-nano-mallocr.o)
                0x0000000000003566                _malloc_r
 .text.__sfputc_r
                0x0000000000003634       0x2a c:/mounriver/mounriver_studio/toolchain/risc-v embedded gcc/bin/../lib/gcc/riscv-none-embed/8.2.0/../../../../riscv-none-embed/lib\libg_nano.a(lib_a-nano-vfprintf.o)
 .text.__sfputs_r
                0x000000000000365e       0x42 c:/mounriver/mounriver_studio/toolchain/risc-v embedded gcc/bin/../lib/gcc/riscv-none-embed/8.2.0/../../../../riscv-none-embed/lib\libg_nano.a(lib_a-nano-vfprintf.o)
                0x000000000000365e                __sfputs_r
 .text._vfprintf_r
                0x00000000000036a0      0x29e c:/mounriver/mounriver_studio/toolchain/risc-v embedded gcc/bin/../lib/gcc/riscv-none-embed/8.2.0/../../../../riscv-none-embed/lib\libg_nano.a(lib_a-nano-vfprintf.o)
                0x00000000000036a0                _vfprintf_r
                0x00000000000036a0                _vfiprintf_r
 .text._sbrk_r  0x000000000000393e       0x2a c:/mounriver/mounriver_studio/toolchain/risc-v embedded gcc/bin/../lib/gcc/riscv-none-embed/8.2.0/../../../../riscv-none-embed/lib\libg_nano.a(lib_a-sbrkr.o)
                0x000000000000393e                _sbrk_r
 .text.__sread  0x0000000000003968       0x30 c:/mounriver/mounriver_studio/toolchain/risc-v embedded gcc/bin/../lib/gcc/riscv-none-embed/8.2.0/../../../../riscv-none-embed/lib\libg_nano.a(lib_a-stdio.o)
                0x0000000000003968                __sread
 .text.__swrite
                0x0000000000003998       0x4e c:/mounriver/mounriver_studio/toolchain/risc-v embedded gcc/bin/../lib/gcc/riscv-none-embed/8.2.0/../../../../riscv-none-embed/lib\libg_nano.a(lib_a-stdio.o)
                0x0000000000003998                __swrite
 .text.__sseek  0x00000000000039e6       0x36 c:/mounriver/mounriver_studio/toolchain/risc-v embedded gcc/bin/../lib/gcc/riscv-none-embed/8.2.0/../../../../riscv-none-embed/lib\libg_nano.a(lib_a-stdio.o)
                0x00000000000039e6                __sseek
 .text.__sclose
                0x0000000000003a1c        0x6 c:/mounriver/mounriver_studio/toolchain/risc-v embedded gcc/bin/../lib/gcc/riscv-none-embed/8.2.0/../../../../riscv-none-embed/lib\libg_nano.a(lib_a-stdio.o)
                0x0000000000003a1c                __sclose
 .text._write_r
                0x0000000000003a22       0x2e c:/mounriver/mounriver_studio/toolchain/risc-v embedded gcc/bin/../lib/gcc/riscv-none-embed/8.2.0/../../../../riscv-none-embed/lib\libg_nano.a(lib_a-writer.o)
                0x0000000000003a22                _write_r
 .text._close_r
                0x0000000000003a50       0x2a c:/mounriver/mounriver_studio/toolchain/risc-v embedded gcc/bin/../lib/gcc/riscv-none-embed/8.2.0/../../../../riscv-none-embed/lib\libg_nano.a(lib_a-closer.o)
                0x0000000000003a50                _close_r
 .text._fstat_r
                0x0000000000003a7a       0x2c c:/mounriver/mounriver_studio/toolchain/risc-v embedded gcc/bin/../lib/gcc/riscv-none-embed/8.2.0/../../../../riscv-none-embed/lib\libg_nano.a(lib_a-fstatr.o)
                0x0000000000003a7a                _fstat_r
 .text._isatty_r
                0x0000000000003aa6       0x2a c:/mounriver/mounriver_studio/toolchain/risc-v embedded gcc/bin/../lib/gcc/riscv-none-embed/8.2.0/../../../../riscv-none-embed/lib\libg_nano.a(lib_a-isattyr.o)
                0x0000000000003aa6                _isatty_r
 .text._lseek_r
                0x0000000000003ad0       0x2e c:/mounriver/mounriver_studio/toolchain/risc-v embedded gcc/bin/../lib/gcc/riscv-none-embed/8.2.0/../../../../riscv-none-embed/lib\libg_nano.a(lib_a-lseekr.o)
                0x0000000000003ad0                _lseek_r
 .text.__ascii_mbtowc
                0x0000000000003afe       0x3a c:/mounriver/mounriver_studio/toolchain/risc-v embedded gcc/bin/../lib/gcc/riscv-none-embed/8.2.0/../../../../riscv-none-embed/lib\libg_nano.a(lib_a-mbtowc_r.o)
                0x0000000000003afe                __ascii_mbtowc
 .text.__malloc_lock
                0x0000000000003b38        0x2 c:/mounriver/mounriver_studio/toolchain/risc-v embedded gcc/bin/../lib/gcc/riscv-none-embed/8.2.0/../../../../riscv-none-embed/lib\libg_nano.a(lib_a-mlock.o)
                0x0000000000003b38                __malloc_lock
 .text.__malloc_unlock
                0x0000000000003b3a        0x2 c:/mounriver/mounriver_studio/toolchain/risc-v embedded gcc/bin/../lib/gcc/riscv-none-embed/8.2.0/../../../../riscv-none-embed/lib\libg_nano.a(lib_a-mlock.o)
                0x0000000000003b3a                __malloc_unlock
 .text._read_r  0x0000000000003b3c       0x2e c:/mounriver/mounriver_studio/toolchain/risc-v embedded gcc/bin/../lib/gcc/riscv-none-embed/8.2.0/../../../../riscv-none-embed/lib\libg_nano.a(lib_a-readr.o)
                0x0000000000003b3c                _read_r
 .text.__ascii_wctomb
                0x0000000000003b6a       0x20 c:/mounriver/mounriver_studio/toolchain/risc-v embedded gcc/bin/../lib/gcc/riscv-none-embed/8.2.0/../../../../riscv-none-embed/lib\libg_nano.a(lib_a-wctomb_r.o)
                0x0000000000003b6a                __ascii_wctomb
 .text.__adddf3
                0x0000000000003b8a      0x730 c:/mounriver/mounriver_studio/toolchain/risc-v embedded gcc/bin/../lib/gcc/riscv-none-embed/8.2.0\libgcc.a(adddf3.o)
                0x0000000000003b8a                __adddf3
 .text.__divdf3
                0x00000000000042ba      0x5b4 c:/mounriver/mounriver_studio/toolchain/risc-v embedded gcc/bin/../lib/gcc/riscv-none-embed/8.2.0\libgcc.a(divdf3.o)
                0x00000000000042ba                __divdf3
 .text.__eqdf2  0x000000000000486e       0x6a c:/mounriver/mounriver_studio/toolchain/risc-v embedded gcc/bin/../lib/gcc/riscv-none-embed/8.2.0\libgcc.a(eqdf2.o)
                0x000000000000486e                __nedf2
                0x000000000000486e                __eqdf2
 .text.__gedf2  0x00000000000048d8       0xae c:/mounriver/mounriver_studio/toolchain/risc-v embedded gcc/bin/../lib/gcc/riscv-none-embed/8.2.0\libgcc.a(gedf2.o)
                0x00000000000048d8                __gedf2
                0x00000000000048d8                __gtdf2
 .text.__ledf2  0x0000000000004986       0xb6 c:/mounriver/mounriver_studio/toolchain/risc-v embedded gcc/bin/../lib/gcc/riscv-none-embed/8.2.0\libgcc.a(ledf2.o)
                0x0000000000004986                __ledf2
                0x0000000000004986                __ltdf2
 .text.__muldf3
                0x0000000000004a3c      0x4b8 c:/mounriver/mounriver_studio/toolchain/risc-v embedded gcc/bin/../lib/gcc/riscv-none-embed/8.2.0\libgcc.a(muldf3.o)
                0x0000000000004a3c                __muldf3
 .text.__subdf3
                0x0000000000004ef4      0x73e c:/mounriver/mounriver_studio/toolchain/risc-v embedded gcc/bin/../lib/gcc/riscv-none-embed/8.2.0\libgcc.a(subdf3.o)
                0x0000000000004ef4                __subdf3
 .text.__unorddf2
                0x0000000000005632       0x3c c:/mounriver/mounriver_studio/toolchain/risc-v embedded gcc/bin/../lib/gcc/riscv-none-embed/8.2.0\libgcc.a(unorddf2.o)
                0x0000000000005632                __unorddf2
 .text.__fixdfsi
                0x000000000000566e       0x68 c:/mounriver/mounriver_studio/toolchain/risc-v embedded gcc/bin/../lib/gcc/riscv-none-embed/8.2.0\libgcc.a(fixdfsi.o)
                0x000000000000566e                __fixdfsi
 .text.__floatsidf
                0x00000000000056d6       0x72 c:/mounriver/mounriver_studio/toolchain/risc-v embedded gcc/bin/../lib/gcc/riscv-none-embed/8.2.0\libgcc.a(floatsidf.o)
                0x00000000000056d6                __floatsidf
 .text.__floatunsidf
                0x0000000000005748       0x68 c:/mounriver/mounriver_studio/toolchain/risc-v embedded gcc/bin/../lib/gcc/riscv-none-embed/8.2.0\libgcc.a(floatunsidf.o)
                0x0000000000005748                __floatunsidf
 .text.__trunctfdf2
                0x00000000000057b0      0x21e c:/mounriver/mounriver_studio/toolchain/risc-v embedded gcc/bin/../lib/gcc/riscv-none-embed/8.2.0\libgcc.a(trunctfdf2.o)
                0x00000000000057b0                __trunctfdf2
 .text._close   0x00000000000059ce        0xc c:/mounriver/mounriver_studio/toolchain/risc-v embedded gcc/bin/../lib/gcc/riscv-none-embed/8.2.0/../../../../riscv-none-embed/lib\libnosys.a(close.o)
                0x00000000000059ce                _close
 .text._fstat   0x00000000000059da        0xc c:/mounriver/mounriver_studio/toolchain/risc-v embedded gcc/bin/../lib/gcc/riscv-none-embed/8.2.0/../../../../riscv-none-embed/lib\libnosys.a(fstat.o)
                0x00000000000059da                _fstat
 .text._isatty  0x00000000000059e6        0xc c:/mounriver/mounriver_studio/toolchain/risc-v embedded gcc/bin/../lib/gcc/riscv-none-embed/8.2.0/../../../../riscv-none-embed/lib\libnosys.a(isatty.o)
                0x00000000000059e6                _isatty
 .text._lseek   0x00000000000059f2        0xc c:/mounriver/mounriver_studio/toolchain/risc-v embedded gcc/bin/../lib/gcc/riscv-none-embed/8.2.0/../../../../riscv-none-embed/lib\libnosys.a(lseek.o)
                0x00000000000059f2                _lseek
 .text._read    0x00000000000059fe        0xc c:/mounriver/mounriver_studio/toolchain/risc-v embedded gcc/bin/../lib/gcc/riscv-none-embed/8.2.0/../../../../riscv-none-embed/lib\libnosys.a(read.o)
                0x00000000000059fe                _read
 *(.rodata)
 *(.rodata*)
 *fill*         0x0000000000005a0a        0x2 
 .rodata.main.cst4
                0x0000000000005a0c        0xc ./User/main.o
 .rodata.main.str1.4
                0x0000000000005a18       0x3e ./User/main.o
 *fill*         0x0000000000005a56        0x2 
 .rodata.__clz_tab
                0x0000000000005a58      0x100 c:/mounriver/mounriver_studio/toolchain/risc-v embedded gcc/bin/../lib/gcc/riscv-none-embed/8.2.0\libgcc.a(_clz.o)
                0x0000000000005a58                __clz_tab
 *fill*         0x0000000000005b58        0x0 
 .rodata._printf_float.cst8
                0x0000000000005b58        0x8 c:/mounriver/mounriver_studio/toolchain/risc-v embedded gcc/bin/../lib/gcc/riscv-none-embed/8.2.0/../../../../riscv-none-embed/lib\libg_nano.a(lib_a-nano-vfprintf_float.o)
 .rodata._printf_float.str1.4
                0x0000000000005b60       0x12 c:/mounriver/mounriver_studio/toolchain/risc-v embedded gcc/bin/../lib/gcc/riscv-none-embed/8.2.0/../../../../riscv-none-embed/lib\libg_nano.a(lib_a-nano-vfprintf_float.o)
 *fill*         0x0000000000005b72        0x2 
 .rodata._printf_i.str1.4
                0x0000000000005b74       0x25 c:/mounriver/mounriver_studio/toolchain/risc-v embedded gcc/bin/../lib/gcc/riscv-none-embed/8.2.0/../../../../riscv-none-embed/lib\libg_nano.a(lib_a-nano-vfprintf_i.o)
 *fill*         0x0000000000005b99        0x7 
 .rodata._dtoa_r.cst8
                0x0000000000005ba0       0x48 c:/mounriver/mounriver_studio/toolchain/risc-v embedded gcc/bin/../lib/gcc/riscv-none-embed/8.2.0/../../../../riscv-none-embed/lib\libg_nano.a(lib_a-dtoa.o)
 .rodata._dtoa_r.str1.4
                0x0000000000005be8       0x10 c:/mounriver/mounriver_studio/toolchain/risc-v embedded gcc/bin/../lib/gcc/riscv-none-embed/8.2.0/../../../../riscv-none-embed/lib\libg_nano.a(lib_a-dtoa.o)
                                         0x12 (size before relaxing)
 .rodata.__sf_fake_stderr
                0x0000000000005bf8       0x20 c:/mounriver/mounriver_studio/toolchain/risc-v embedded gcc/bin/../lib/gcc/riscv-none-embed/8.2.0/../../../../riscv-none-embed/lib\libg_nano.a(lib_a-findfp.o)
                0x0000000000005bf8                __sf_fake_stderr
 .rodata.__sf_fake_stdin
                0x0000000000005c18       0x20 c:/mounriver/mounriver_studio/toolchain/risc-v embedded gcc/bin/../lib/gcc/riscv-none-embed/8.2.0/../../../../riscv-none-embed/lib\libg_nano.a(lib_a-findfp.o)
                0x0000000000005c18                __sf_fake_stdin
 .rodata.__sf_fake_stdout
                0x0000000000005c38       0x20 c:/mounriver/mounriver_studio/toolchain/risc-v embedded gcc/bin/../lib/gcc/riscv-none-embed/8.2.0/../../../../riscv-none-embed/lib\libg_nano.a(lib_a-findfp.o)
                0x0000000000005c38                __sf_fake_stdout
 .rodata.__mprec_bigtens
                0x0000000000005c58       0x28 c:/mounriver/mounriver_studio/toolchain/risc-v embedded gcc/bin/../lib/gcc/riscv-none-embed/8.2.0/../../../../riscv-none-embed/lib\libg_nano.a(lib_a-mprec.o)
                0x0000000000005c58                __mprec_bigtens
 .rodata.__mprec_tens
                0x0000000000005c80       0xc8 c:/mounriver/mounriver_studio/toolchain/risc-v embedded gcc/bin/../lib/gcc/riscv-none-embed/8.2.0/../../../../riscv-none-embed/lib\libg_nano.a(lib_a-mprec.o)
                0x0000000000005c80                __mprec_tens
 .rodata.p05.3319
                0x0000000000005d48        0xc c:/mounriver/mounriver_studio/toolchain/risc-v embedded gcc/bin/../lib/gcc/riscv-none-embed/8.2.0/../../../../riscv-none-embed/lib\libg_nano.a(lib_a-mprec.o)
 .rodata._vfprintf_r.str1.4
                0x0000000000005d54       0x13 c:/mounriver/mounriver_studio/toolchain/risc-v embedded gcc/bin/../lib/gcc/riscv-none-embed/8.2.0/../../../../riscv-none-embed/lib\libg_nano.a(lib_a-nano-vfprintf.o)
 *fill*         0x0000000000005d67        0x1 
 .rodata._setlocale_r.str1.4
                0x0000000000005d68        0xa c:/mounriver/mounriver_studio/toolchain/risc-v embedded gcc/bin/../lib/gcc/riscv-none-embed/8.2.0/../../../../riscv-none-embed/lib\libg_nano.a(lib_a-locale.o)
                                          0xd (size before relaxing)
 *fill*         0x0000000000005d72        0x2 
 .rodata.str1.4
                0x0000000000005d74        0x4 c:/mounriver/mounriver_studio/toolchain/risc-v embedded gcc/bin/../lib/gcc/riscv-none-embed/8.2.0/../../../../riscv-none-embed/lib\libg_nano.a(lib_a-locale.o)
                                          0x2 (size before relaxing)
 .rodata._ctype_
                0x0000000000005d78      0x101 c:/mounriver/mounriver_studio/toolchain/risc-v embedded gcc/bin/../lib/gcc/riscv-none-embed/8.2.0/../../../../riscv-none-embed/lib\libg_nano.a(lib_a-ctype_.o)
                0x0000000000005d78                _ctype_
 *fill*         0x0000000000005e79        0x3 
 .rodata.__divdf3
                0x0000000000005e7c       0x40 c:/mounriver/mounriver_studio/toolchain/risc-v embedded gcc/bin/../lib/gcc/riscv-none-embed/8.2.0\libgcc.a(divdf3.o)
 .rodata.__muldf3
                0x0000000000005ebc       0x40 c:/mounriver/mounriver_studio/toolchain/risc-v embedded gcc/bin/../lib/gcc/riscv-none-embed/8.2.0\libgcc.a(muldf3.o)
 *(.gnu.linkonce.t.*)
                0x0000000000005efc                . = ALIGN (0x4)

.rela.dyn       0x0000000000005efc        0x0
 .rela.init     0x0000000000005efc        0x0 ./User/ch32v30x_it.o
 .rela.vector   0x0000000000005efc        0x0 ./User/ch32v30x_it.o
 .rela.text.handle_reset
                0x0000000000005efc        0x0 ./User/ch32v30x_it.o
 .rela.text._sbrk
                0x0000000000005efc        0x0 ./User/ch32v30x_it.o
 .rela.sdata.curbrk.5220
                0x0000000000005efc        0x0 ./User/ch32v30x_it.o
 .rela.text._vfprintf_r
                0x0000000000005efc        0x0 ./User/ch32v30x_it.o
 .rela.text._sbrk_r
                0x0000000000005efc        0x0 ./User/ch32v30x_it.o
 .rela.text._write_r
                0x0000000000005efc        0x0 ./User/ch32v30x_it.o
 .rela.text._close_r
                0x0000000000005efc        0x0 ./User/ch32v30x_it.o
 .rela.text._fstat_r
                0x0000000000005efc        0x0 ./User/ch32v30x_it.o
 .rela.text._isatty_r
                0x0000000000005efc        0x0 ./User/ch32v30x_it.o
 .rela.text._lseek_r
                0x0000000000005efc        0x0 ./User/ch32v30x_it.o
 .rela.text._read_r
                0x0000000000005efc        0x0 ./User/ch32v30x_it.o
 .rela.text._close
                0x0000000000005efc        0x0 ./User/ch32v30x_it.o
 .rela.text._fstat
                0x0000000000005efc        0x0 ./User/ch32v30x_it.o
 .rela.text._isatty
                0x0000000000005efc        0x0 ./User/ch32v30x_it.o
 .rela.text._lseek
                0x0000000000005efc        0x0 ./User/ch32v30x_it.o
 .rela.text._read
                0x0000000000005efc        0x0 ./User/ch32v30x_it.o

.fini           0x0000000000005efc        0x0
 *(SORT_NONE(.fini))
                0x0000000000005efc                . = ALIGN (0x4)
                [!provide]                        PROVIDE (_etext = .)
                [!provide]                        PROVIDE (_eitcm = .)

.preinit_array  0x0000000000005efc        0x0
                [!provide]                        PROVIDE (__preinit_array_start = .)
 *(.preinit_array)
                [!provide]                        PROVIDE (__preinit_array_end = .)

.init_array     0x0000000000005efc        0x0
                [!provide]                        PROVIDE (__init_array_start = .)
 *(SORT_BY_INIT_PRIORITY(.init_array.*) SORT_BY_INIT_PRIORITY(.ctors.*))
 *(.init_array EXCLUDE_FILE(*crtend?.o *crtend.o *crtbegin?.o *crtbegin.o) .ctors)
                [!provide]                        PROVIDE (__init_array_end = .)

.fini_array     0x0000000000005efc        0x0
                [!provide]                        PROVIDE (__fini_array_start = .)
 *(SORT_BY_INIT_PRIORITY(.fini_array.*) SORT_BY_INIT_PRIORITY(.dtors.*))
 *(.fini_array EXCLUDE_FILE(*crtend?.o *crtend.o *crtbegin?.o *crtbegin.o) .dtors)
                [!provide]                        PROVIDE (__fini_array_end = .)

.ctors
 *crtbegin.o(.ctors)
 *crtbegin?.o(.ctors)
 *(EXCLUDE_FILE(*crtend?.o *crtend.o) .ctors)
 *(SORT_BY_NAME(.ctors.*))
 *(.ctors)

.dtors
 *crtbegin.o(.dtors)
 *crtbegin?.o(.dtors)
 *(EXCLUDE_FILE(*crtend?.o *crtend.o) .dtors)
 *(SORT_BY_NAME(.dtors.*))
 *(.dtors)

.dalign         0x0000000020000000        0x0 load address 0x0000000000005efc
                0x0000000020000000                . = ALIGN (0x4)
                0x0000000020000000                PROVIDE (_data_vma = .)

.dlalign        0x0000000000005efc        0x0
                0x0000000000005efc                . = ALIGN (0x4)
                0x0000000000005efc                PROVIDE (_data_lma = .)

.data           0x0000000020000000      0x208 load address 0x0000000000005efc
 *(.gnu.linkonce.r.*)
 *(.data .data.*)
 .data.AHBPrescTable
                0x0000000020000000       0x10 ./User/system_ch32v30x.o
                0x0000000020000000                AHBPrescTable
 .data.APBAHBPrescTable
                0x0000000020000010       0x10 ./Peripheral/src/ch32v30x_rcc.o
 .data.impure_data
                0x0000000020000020       0x60 c:/mounriver/mounriver_studio/toolchain/risc-v embedded gcc/bin/../lib/gcc/riscv-none-embed/8.2.0/../../../../riscv-none-embed/lib\libg_nano.a(lib_a-impure.o)
 .data.__global_locale
                0x0000000020000080      0x16c c:/mounriver/mounriver_studio/toolchain/risc-v embedded gcc/bin/../lib/gcc/riscv-none-embed/8.2.0/../../../../riscv-none-embed/lib\libg_nano.a(lib_a-locale.o)
                0x0000000020000080                __global_locale
 *(.gnu.linkonce.d.*)
                0x00000000200001f0                . = ALIGN (0x8)
 *fill*         0x00000000200001ec        0x4 
                0x00000000200009f0                PROVIDE (__global_pointer$ = (. + 0x800))
 *(.sdata .sdata.*)
 .sdata.SystemCoreClock
                0x00000000200001f0        0x4 ./User/system_ch32v30x.o
                0x00000000200001f0                SystemCoreClock
 .sdata.ADCPrescTable
                0x00000000200001f4        0x4 ./Peripheral/src/ch32v30x_rcc.o
 .sdata.curbrk.5220
                0x00000000200001f8        0x4 ./Debug/debug.o
 .sdata._impure_ptr
                0x00000000200001fc        0x4 c:/mounriver/mounriver_studio/toolchain/risc-v embedded gcc/bin/../lib/gcc/riscv-none-embed/8.2.0/../../../../riscv-none-embed/lib\libg_nano.a(lib_a-impure.o)
                0x00000000200001fc                _impure_ptr
 *(.sdata2.*)
 .sdata2._global_impure_ptr
                0x0000000020000200        0x4 c:/mounriver/mounriver_studio/toolchain/risc-v embedded gcc/bin/../lib/gcc/riscv-none-embed/8.2.0/../../../../riscv-none-embed/lib\libg_nano.a(lib_a-impure.o)
                0x0000000020000200                _global_impure_ptr
 *(.gnu.linkonce.s.*)
                0x0000000020000208                . = ALIGN (0x8)
 *fill*         0x0000000020000204        0x4 
 *(.srodata.cst16)
 *(.srodata.cst8)
 *(.srodata.cst4)
 *(.srodata.cst2)
 *(.srodata .srodata.*)
                0x0000000020000208                . = ALIGN (0x4)
                0x0000000020000208                PROVIDE (_edata = .)

.bss            0x0000000020000208       0x14 load address 0x0000000000006104
                0x0000000020000208                . = ALIGN (0x4)
                0x0000000020000208                PROVIDE (_sbss = .)
 *(.sbss*)
 .sbss.NVIC_Priority_Group
                0x0000000020000208        0x4 ./Peripheral/src/ch32v30x_misc.o
                0x0000000020000208                NVIC_Priority_Group
 .sbss.p_ms     0x000000002000020c        0x2 ./Debug/debug.o
 .sbss.p_us     0x000000002000020e        0x1 ./Debug/debug.o
 *fill*         0x000000002000020f        0x1 
 .sbss.__malloc_free_list
                0x0000000020000210        0x4 c:/mounriver/mounriver_studio/toolchain/risc-v embedded gcc/bin/../lib/gcc/riscv-none-embed/8.2.0/../../../../riscv-none-embed/lib\libg_nano.a(lib_a-nano-mallocr.o)
                0x0000000020000210                __malloc_free_list
 .sbss.__malloc_sbrk_start
                0x0000000020000214        0x4 c:/mounriver/mounriver_studio/toolchain/risc-v embedded gcc/bin/../lib/gcc/riscv-none-embed/8.2.0/../../../../riscv-none-embed/lib\libg_nano.a(lib_a-nano-mallocr.o)
                0x0000000020000214                __malloc_sbrk_start
 *(.gnu.linkonce.sb.*)
 *(.bss*)
 *(.gnu.linkonce.b.*)
 *(COMMON*)
 COMMON         0x0000000020000218        0x4 c:/mounriver/mounriver_studio/toolchain/risc-v embedded gcc/bin/../lib/gcc/riscv-none-embed/8.2.0/../../../../riscv-none-embed/lib\libg_nano.a(lib_a-reent.o)
                0x0000000020000218                errno
                0x000000002000021c                . = ALIGN (0x4)
                0x000000002000021c                PROVIDE (_ebss = .)
                0x000000002000021c                PROVIDE (_end = _ebss)
                [!provide]                        PROVIDE (end = .)

.stack          0x0000000020007800      0x800
                0x0000000020007800                PROVIDE (_heap_end = .)
                0x0000000020007800                . = ALIGN (0x4)
                [!provide]                        PROVIDE (_susrstack = .)
                0x0000000020008000                . = (. + __stack_size)
 *fill*         0x0000000020007800      0x800 
                0x0000000020008000                PROVIDE (_eusrstack = .)
OUTPUT(extrapolation.elf elf32-littleriscv)

.debug_info     0x0000000000000000     0xa6cd
 .debug_info    0x0000000000000000      0x962 ./User/ch32v30x_it.o
 .debug_info    0x0000000000000962       0x26 ./User/ext.o
 .debug_info    0x0000000000000988      0xed5 ./User/main.o
 .debug_info    0x000000000000185d      0xb89 ./User/system_ch32v30x.o
 .debug_info    0x00000000000023e6       0x22 ./Startup/startup_ch32v30x_D8C.o
 .debug_info    0x0000000000002408     0x1093 ./Peripheral/src/ch32v30x_gpio.o
 .debug_info    0x000000000000349b      0xf72 ./Peripheral/src/ch32v30x_misc.o
 .debug_info    0x000000000000440d     0x156e ./Peripheral/src/ch32v30x_rcc.o
 .debug_info    0x000000000000597b     0x2a16 ./Peripheral/src/ch32v30x_tim.o
 .debug_info    0x0000000000008391     0x1420 ./Peripheral/src/ch32v30x_usart.o
 .debug_info    0x00000000000097b1      0xf1c ./Debug/debug.o

.debug_abbrev   0x0000000000000000     0x1afa
 .debug_abbrev  0x0000000000000000      0x1cf ./User/ch32v30x_it.o
 .debug_abbrev  0x00000000000001cf       0x14 ./User/ext.o
 .debug_abbrev  0x00000000000001e3      0x2dd ./User/main.o
 .debug_abbrev  0x00000000000004c0      0x2c0 ./User/system_ch32v30x.o
 .debug_abbrev  0x0000000000000780       0x12 ./Startup/startup_ch32v30x_D8C.o
 .debug_abbrev  0x0000000000000792      0x309 ./Peripheral/src/ch32v30x_gpio.o
 .debug_abbrev  0x0000000000000a9b      0x2fb ./Peripheral/src/ch32v30x_misc.o
 .debug_abbrev  0x0000000000000d96      0x351 ./Peripheral/src/ch32v30x_rcc.o
 .debug_abbrev  0x00000000000010e7      0x408 ./Peripheral/src/ch32v30x_tim.o
 .debug_abbrev  0x00000000000014ef      0x312 ./Peripheral/src/ch32v30x_usart.o
 .debug_abbrev  0x0000000000001801      0x2f9 ./Debug/debug.o

.debug_aranges  0x0000000000000000      0x758
 .debug_aranges
                0x0000000000000000       0x28 ./User/ch32v30x_it.o
 .debug_aranges
                0x0000000000000028       0x20 ./User/ext.o
 .debug_aranges
                0x0000000000000048       0x28 ./User/main.o
 .debug_aranges
                0x0000000000000070       0x28 ./User/system_ch32v30x.o
 .debug_aranges
                0x0000000000000098       0x30 ./Startup/startup_ch32v30x_D8C.o
 .debug_aranges
                0x00000000000000c8       0xa8 ./Peripheral/src/ch32v30x_gpio.o
 .debug_aranges
                0x0000000000000170       0x28 ./Peripheral/src/ch32v30x_misc.o
 .debug_aranges
                0x0000000000000198      0x1a8 ./Peripheral/src/ch32v30x_rcc.o
 .debug_aranges
                0x0000000000000340      0x2d0 ./Peripheral/src/ch32v30x_tim.o
 .debug_aranges
                0x0000000000000610      0x100 ./Peripheral/src/ch32v30x_usart.o
 .debug_aranges
                0x0000000000000710       0x48 ./Debug/debug.o

.debug_ranges   0x0000000000000000      0x738
 .debug_ranges  0x0000000000000000       0x18 ./User/ch32v30x_it.o
 .debug_ranges  0x0000000000000018       0x30 ./User/main.o
 .debug_ranges  0x0000000000000048       0x38 ./User/system_ch32v30x.o
 .debug_ranges  0x0000000000000080       0x28 ./Startup/startup_ch32v30x_D8C.o
 .debug_ranges  0x00000000000000a8       0x98 ./Peripheral/src/ch32v30x_gpio.o
 .debug_ranges  0x0000000000000140       0x48 ./Peripheral/src/ch32v30x_misc.o
 .debug_ranges  0x0000000000000188      0x198 ./Peripheral/src/ch32v30x_rcc.o
 .debug_ranges  0x0000000000000320      0x2f0 ./Peripheral/src/ch32v30x_tim.o
 .debug_ranges  0x0000000000000610       0xf0 ./Peripheral/src/ch32v30x_usart.o
 .debug_ranges  0x0000000000000700       0x38 ./Debug/debug.o

.debug_line     0x0000000000000000     0x85f7
 .debug_line    0x0000000000000000      0x20d ./User/ch32v30x_it.o
 .debug_line    0x000000000000020d       0xfc ./User/ext.o
 .debug_line    0x0000000000000309      0x50b ./User/main.o
 .debug_line    0x0000000000000814      0x6f7 ./User/system_ch32v30x.o
 .debug_line    0x0000000000000f0b      0x356 ./Startup/startup_ch32v30x_D8C.o
 .debug_line    0x0000000000001261      0xce8 ./Peripheral/src/ch32v30x_gpio.o
 .debug_line    0x0000000000001f49      0x475 ./Peripheral/src/ch32v30x_misc.o
 .debug_line    0x00000000000023be     0x192d ./Peripheral/src/ch32v30x_rcc.o
 .debug_line    0x0000000000003ceb     0x329a ./Peripheral/src/ch32v30x_tim.o
 .debug_line    0x0000000000006f85      0xfcb ./Peripheral/src/ch32v30x_usart.o
 .debug_line    0x0000000000007f50      0x6a7 ./Debug/debug.o

.debug_str      0x0000000000000000     0x2843
 .debug_str     0x0000000000000000      0x534 ./User/ch32v30x_it.o
                                        0x595 (size before relaxing)
 .debug_str     0x0000000000000534       0x1a ./User/ext.o
                                         0x34 (size before relaxing)
 .debug_str     0x000000000000054e      0x2f0 ./User/main.o
                                        0x873 (size before relaxing)
 .debug_str     0x000000000000083e       0xf6 ./User/system_ch32v30x.o
                                        0x6ac (size before relaxing)
 .debug_str     0x0000000000000934       0x22 ./Startup/startup_ch32v30x_D8C.o
                                         0x48 (size before relaxing)
 .debug_str     0x0000000000000956      0x3b0 ./Peripheral/src/ch32v30x_gpio.o
                                        0x950 (size before relaxing)
 .debug_str     0x0000000000000d06      0x6a5 ./Peripheral/src/ch32v30x_misc.o
                                        0xcaa (size before relaxing)
 .debug_str     0x00000000000013ab      0x5bb ./Peripheral/src/ch32v30x_rcc.o
                                        0xca9 (size before relaxing)
 .debug_str     0x0000000000001966      0xa26 ./Peripheral/src/ch32v30x_tim.o
                                       0x125a (size before relaxing)
 .debug_str     0x000000000000238c      0x41c ./Peripheral/src/ch32v30x_usart.o
                                        0xaf6 (size before relaxing)
 .debug_str     0x00000000000027a8       0x9b ./Debug/debug.o
                                        0x8de (size before relaxing)

.comment        0x0000000000000000       0x33
 .comment       0x0000000000000000       0x33 ./User/ch32v30x_it.o
                                         0x34 (size before relaxing)
 .comment       0x0000000000000033       0x34 ./User/main.o
 .comment       0x0000000000000033       0x34 ./User/system_ch32v30x.o
 .comment       0x0000000000000033       0x34 ./Peripheral/src/ch32v30x_gpio.o
 .comment       0x0000000000000033       0x34 ./Peripheral/src/ch32v30x_misc.o
 .comment       0x0000000000000033       0x34 ./Peripheral/src/ch32v30x_rcc.o
 .comment       0x0000000000000033       0x34 ./Peripheral/src/ch32v30x_tim.o
 .comment       0x0000000000000033       0x34 ./Peripheral/src/ch32v30x_usart.o
 .comment       0x0000000000000033       0x34 ./Debug/debug.o

.debug_frame    0x0000000000000000     0x1ffc
 .debug_frame   0x0000000000000000       0x30 ./User/ch32v30x_it.o
 .debug_frame   0x0000000000000030       0x58 ./User/main.o
 .debug_frame   0x0000000000000088       0x3c ./User/system_ch32v30x.o
 .debug_frame   0x00000000000000c4      0x148 ./Peripheral/src/ch32v30x_gpio.o
 .debug_frame   0x000000000000020c       0x30 ./Peripheral/src/ch32v30x_misc.o
 .debug_frame   0x000000000000023c      0x344 ./Peripheral/src/ch32v30x_rcc.o
 .debug_frame   0x0000000000000580      0x614 ./Peripheral/src/ch32v30x_tim.o
 .debug_frame   0x0000000000000b94      0x204 ./Peripheral/src/ch32v30x_usart.o
 .debug_frame   0x0000000000000d98       0x9c ./Debug/debug.o
 .debug_frame   0x0000000000000e34       0x38 c:/mounriver/mounriver_studio/toolchain/risc-v embedded gcc/bin/../lib/gcc/riscv-none-embed/8.2.0\libgcc.a(extendsfdf2.o)
 .debug_frame   0x0000000000000e6c       0x20 c:/mounriver/mounriver_studio/toolchain/risc-v embedded gcc/bin/../lib/gcc/riscv-none-embed/8.2.0\libgcc.a(_clzsi2.o)
 .debug_frame   0x0000000000000e8c       0xbc c:/mounriver/mounriver_studio/toolchain/risc-v embedded gcc/bin/../lib/gcc/riscv-none-embed/8.2.0/../../../../riscv-none-embed/lib\libg_nano.a(lib_a-nano-vfprintf_float.o)
 .debug_frame   0x0000000000000f48       0x8c c:/mounriver/mounriver_studio/toolchain/risc-v embedded gcc/bin/../lib/gcc/riscv-none-embed/8.2.0/../../../../riscv-none-embed/lib\libg_nano.a(lib_a-nano-vfprintf_i.o)
 .debug_frame   0x0000000000000fd4       0x54 c:/mounriver/mounriver_studio/toolchain/risc-v embedded gcc/bin/../lib/gcc/riscv-none-embed/8.2.0/../../../../riscv-none-embed/lib\libg_nano.a(lib_a-printf.o)
 .debug_frame   0x0000000000001028       0x54 c:/mounriver/mounriver_studio/toolchain/risc-v embedded gcc/bin/../lib/gcc/riscv-none-embed/8.2.0/../../../../riscv-none-embed/lib\libg_nano.a(lib_a-puts.o)
 .debug_frame   0x000000000000107c       0x20 c:/mounriver/mounriver_studio/toolchain/risc-v embedded gcc/bin/../lib/gcc/riscv-none-embed/8.2.0/../../../../riscv-none-embed/lib\libg_nano.a(lib_a-strlen.o)
 .debug_frame   0x000000000000109c       0x50 c:/mounriver/mounriver_studio/toolchain/risc-v embedded gcc/bin/../lib/gcc/riscv-none-embed/8.2.0/../../../../riscv-none-embed/lib\libg_nano.a(lib_a-wbuf.o)
 .debug_frame   0x00000000000010ec       0x3c c:/mounriver/mounriver_studio/toolchain/risc-v embedded gcc/bin/../lib/gcc/riscv-none-embed/8.2.0/../../../../riscv-none-embed/lib\libg_nano.a(lib_a-wsetup.o)
 .debug_frame   0x0000000000001128       0x98 c:/mounriver/mounriver_studio/toolchain/risc-v embedded gcc/bin/../lib/gcc/riscv-none-embed/8.2.0/../../../../riscv-none-embed/lib\libg_nano.a(lib_a-dtoa.o)
 .debug_frame   0x00000000000011c0       0x7c c:/mounriver/mounriver_studio/toolchain/risc-v embedded gcc/bin/../lib/gcc/riscv-none-embed/8.2.0/../../../../riscv-none-embed/lib\libg_nano.a(lib_a-fflush.o)
 .debug_frame   0x000000000000123c      0x148 c:/mounriver/mounriver_studio/toolchain/risc-v embedded gcc/bin/../lib/gcc/riscv-none-embed/8.2.0/../../../../riscv-none-embed/lib\libg_nano.a(lib_a-findfp.o)
 .debug_frame   0x0000000000001384       0x88 c:/mounriver/mounriver_studio/toolchain/risc-v embedded gcc/bin/../lib/gcc/riscv-none-embed/8.2.0/../../../../riscv-none-embed/lib\libg_nano.a(lib_a-fwalk.o)
 .debug_frame   0x000000000000140c       0x40 c:/mounriver/mounriver_studio/toolchain/risc-v embedded gcc/bin/../lib/gcc/riscv-none-embed/8.2.0/../../../../riscv-none-embed/lib\libg_nano.a(lib_a-localeconv.o)
 .debug_frame   0x000000000000144c       0x64 c:/mounriver/mounriver_studio/toolchain/risc-v embedded gcc/bin/../lib/gcc/riscv-none-embed/8.2.0/../../../../riscv-none-embed/lib\libg_nano.a(lib_a-makebuf.o)
 .debug_frame   0x00000000000014b0       0x30 c:/mounriver/mounriver_studio/toolchain/risc-v embedded gcc/bin/../lib/gcc/riscv-none-embed/8.2.0/../../../../riscv-none-embed/lib\libg_nano.a(lib_a-malloc.o)
 .debug_frame   0x00000000000014e0       0x20 c:/mounriver/mounriver_studio/toolchain/risc-v embedded gcc/bin/../lib/gcc/riscv-none-embed/8.2.0/../../../../riscv-none-embed/lib\libg_nano.a(lib_a-memchr.o)
 .debug_frame   0x0000000000001500       0x20 c:/mounriver/mounriver_studio/toolchain/risc-v embedded gcc/bin/../lib/gcc/riscv-none-embed/8.2.0/../../../../riscv-none-embed/lib\libg_nano.a(lib_a-memcpy.o)
 .debug_frame   0x0000000000001520      0x2e0 c:/mounriver/mounriver_studio/toolchain/risc-v embedded gcc/bin/../lib/gcc/riscv-none-embed/8.2.0/../../../../riscv-none-embed/lib\libg_nano.a(lib_a-mprec.o)
 .debug_frame   0x0000000000001800       0x30 c:/mounriver/mounriver_studio/toolchain/risc-v embedded gcc/bin/../lib/gcc/riscv-none-embed/8.2.0/../../../../riscv-none-embed/lib\libg_nano.a(lib_a-nano-callocr.o)
 .debug_frame   0x0000000000001830       0x40 c:/mounriver/mounriver_studio/toolchain/risc-v embedded gcc/bin/../lib/gcc/riscv-none-embed/8.2.0/../../../../riscv-none-embed/lib\libg_nano.a(lib_a-nano-freer.o)
 .debug_frame   0x0000000000001870       0x40 c:/mounriver/mounriver_studio/toolchain/risc-v embedded gcc/bin/../lib/gcc/riscv-none-embed/8.2.0/../../../../riscv-none-embed/lib\libg_nano.a(lib_a-nano-mallocr.o)
 .debug_frame   0x00000000000018b0       0xd0 c:/mounriver/mounriver_studio/toolchain/risc-v embedded gcc/bin/../lib/gcc/riscv-none-embed/8.2.0/../../../../riscv-none-embed/lib\libg_nano.a(lib_a-nano-vfprintf.o)
 .debug_frame   0x0000000000001980       0x30 c:/mounriver/mounriver_studio/toolchain/risc-v embedded gcc/bin/../lib/gcc/riscv-none-embed/8.2.0/../../../../riscv-none-embed/lib\libg_nano.a(lib_a-sbrkr.o)
 .debug_frame   0x00000000000019b0       0xa4 c:/mounriver/mounriver_studio/toolchain/risc-v embedded gcc/bin/../lib/gcc/riscv-none-embed/8.2.0/../../../../riscv-none-embed/lib\libg_nano.a(lib_a-stdio.o)
 .debug_frame   0x0000000000001a54       0x30 c:/mounriver/mounriver_studio/toolchain/risc-v embedded gcc/bin/../lib/gcc/riscv-none-embed/8.2.0/../../../../riscv-none-embed/lib\libg_nano.a(lib_a-writer.o)
 .debug_frame   0x0000000000001a84       0x30 c:/mounriver/mounriver_studio/toolchain/risc-v embedded gcc/bin/../lib/gcc/riscv-none-embed/8.2.0/../../../../riscv-none-embed/lib\libg_nano.a(lib_a-closer.o)
 .debug_frame   0x0000000000001ab4       0x30 c:/mounriver/mounriver_studio/toolchain/risc-v embedded gcc/bin/../lib/gcc/riscv-none-embed/8.2.0/../../../../riscv-none-embed/lib\libg_nano.a(lib_a-fstatr.o)
 .debug_frame   0x0000000000001ae4       0x30 c:/mounriver/mounriver_studio/toolchain/risc-v embedded gcc/bin/../lib/gcc/riscv-none-embed/8.2.0/../../../../riscv-none-embed/lib\libg_nano.a(lib_a-isattyr.o)
 .debug_frame   0x0000000000001b14       0x78 c:/mounriver/mounriver_studio/toolchain/risc-v embedded gcc/bin/../lib/gcc/riscv-none-embed/8.2.0/../../../../riscv-none-embed/lib\libg_nano.a(lib_a-locale.o)
 .debug_frame   0x0000000000001b8c       0x30 c:/mounriver/mounriver_studio/toolchain/risc-v embedded gcc/bin/../lib/gcc/riscv-none-embed/8.2.0/../../../../riscv-none-embed/lib\libg_nano.a(lib_a-lseekr.o)
 .debug_frame   0x0000000000001bbc       0x38 c:/mounriver/mounriver_studio/toolchain/risc-v embedded gcc/bin/../lib/gcc/riscv-none-embed/8.2.0/../../../../riscv-none-embed/lib\libg_nano.a(lib_a-mbtowc_r.o)
 .debug_frame   0x0000000000001bf4       0x30 c:/mounriver/mounriver_studio/toolchain/risc-v embedded gcc/bin/../lib/gcc/riscv-none-embed/8.2.0/../../../../riscv-none-embed/lib\libg_nano.a(lib_a-mlock.o)
 .debug_frame   0x0000000000001c24       0x30 c:/mounriver/mounriver_studio/toolchain/risc-v embedded gcc/bin/../lib/gcc/riscv-none-embed/8.2.0/../../../../riscv-none-embed/lib\libg_nano.a(lib_a-readr.o)
 .debug_frame   0x0000000000001c54       0x70 c:/mounriver/mounriver_studio/toolchain/risc-v embedded gcc/bin/../lib/gcc/riscv-none-embed/8.2.0/../../../../riscv-none-embed/lib\libg_nano.a(lib_a-reent.o)
 .debug_frame   0x0000000000001cc4       0x30 c:/mounriver/mounriver_studio/toolchain/risc-v embedded gcc/bin/../lib/gcc/riscv-none-embed/8.2.0/../../../../riscv-none-embed/lib\libg_nano.a(lib_a-wctomb_r.o)
 .debug_frame   0x0000000000001cf4       0x44 c:/mounriver/mounriver_studio/toolchain/risc-v embedded gcc/bin/../lib/gcc/riscv-none-embed/8.2.0\libgcc.a(adddf3.o)
 .debug_frame   0x0000000000001d38       0x50 c:/mounriver/mounriver_studio/toolchain/risc-v embedded gcc/bin/../lib/gcc/riscv-none-embed/8.2.0\libgcc.a(divdf3.o)
 .debug_frame   0x0000000000001d88       0x20 c:/mounriver/mounriver_studio/toolchain/risc-v embedded gcc/bin/../lib/gcc/riscv-none-embed/8.2.0\libgcc.a(eqdf2.o)
 .debug_frame   0x0000000000001da8       0x20 c:/mounriver/mounriver_studio/toolchain/risc-v embedded gcc/bin/../lib/gcc/riscv-none-embed/8.2.0\libgcc.a(gedf2.o)
 .debug_frame   0x0000000000001dc8       0x20 c:/mounriver/mounriver_studio/toolchain/risc-v embedded gcc/bin/../lib/gcc/riscv-none-embed/8.2.0\libgcc.a(ledf2.o)
 .debug_frame   0x0000000000001de8       0x54 c:/mounriver/mounriver_studio/toolchain/risc-v embedded gcc/bin/../lib/gcc/riscv-none-embed/8.2.0\libgcc.a(muldf3.o)
 .debug_frame   0x0000000000001e3c       0x44 c:/mounriver/mounriver_studio/toolchain/risc-v embedded gcc/bin/../lib/gcc/riscv-none-embed/8.2.0\libgcc.a(subdf3.o)
 .debug_frame   0x0000000000001e80       0x20 c:/mounriver/mounriver_studio/toolchain/risc-v embedded gcc/bin/../lib/gcc/riscv-none-embed/8.2.0\libgcc.a(unorddf2.o)
 .debug_frame   0x0000000000001ea0       0x20 c:/mounriver/mounriver_studio/toolchain/risc-v embedded gcc/bin/../lib/gcc/riscv-none-embed/8.2.0\libgcc.a(fixdfsi.o)
 .debug_frame   0x0000000000001ec0       0x38 c:/mounriver/mounriver_studio/toolchain/risc-v embedded gcc/bin/../lib/gcc/riscv-none-embed/8.2.0\libgcc.a(floatsidf.o)
 .debug_frame   0x0000000000001ef8       0x38 c:/mounriver/mounriver_studio/toolchain/risc-v embedded gcc/bin/../lib/gcc/riscv-none-embed/8.2.0\libgcc.a(floatunsidf.o)
 .debug_frame   0x0000000000001f30       0x2c c:/mounriver/mounriver_studio/toolchain/risc-v embedded gcc/bin/../lib/gcc/riscv-none-embed/8.2.0\libgcc.a(trunctfdf2.o)
 .debug_frame   0x0000000000001f5c       0x20 c:/mounriver/mounriver_studio/toolchain/risc-v embedded gcc/bin/../lib/gcc/riscv-none-embed/8.2.0/../../../../riscv-none-embed/lib\libnosys.a(close.o)
 .debug_frame   0x0000000000001f7c       0x20 c:/mounriver/mounriver_studio/toolchain/risc-v embedded gcc/bin/../lib/gcc/riscv-none-embed/8.2.0/../../../../riscv-none-embed/lib\libnosys.a(fstat.o)
 .debug_frame   0x0000000000001f9c       0x20 c:/mounriver/mounriver_studio/toolchain/risc-v embedded gcc/bin/../lib/gcc/riscv-none-embed/8.2.0/../../../../riscv-none-embed/lib\libnosys.a(isatty.o)
 .debug_frame   0x0000000000001fbc       0x20 c:/mounriver/mounriver_studio/toolchain/risc-v embedded gcc/bin/../lib/gcc/riscv-none-embed/8.2.0/../../../../riscv-none-embed/lib\libnosys.a(lseek.o)
 .debug_frame   0x0000000000001fdc       0x20 c:/mounriver/mounriver_studio/toolchain/risc-v embedded gcc/bin/../lib/gcc/riscv-none-embed/8.2.0/../../../../riscv-none-embed/lib\libnosys.a(read.o)

.debug_loc      0x0000000000000000     0x3669
 .debug_loc     0x0000000000000000       0xe6 ./User/main.o
 .debug_loc     0x00000000000000e6       0xda ./User/system_ch32v30x.o
 .debug_loc     0x00000000000001c0      0x670 ./Peripheral/src/ch32v30x_gpio.o
 .debug_loc     0x0000000000000830       0xce ./Peripheral/src/ch32v30x_misc.o
 .debug_loc     0x00000000000008fe      0xadb ./Peripheral/src/ch32v30x_rcc.o
 .debug_loc     0x00000000000013d9     0x195e ./Peripheral/src/ch32v30x_tim.o
 .debug_loc     0x0000000000002d37      0x7bb ./Peripheral/src/ch32v30x_usart.o
 .debug_loc     0x00000000000034f2      0x177 ./Debug/debug.o

.stab           0x0000000000000000       0x84
 .stab          0x0000000000000000       0x24 c:/mounriver/mounriver_studio/toolchain/risc-v embedded gcc/bin/../lib/gcc/riscv-none-embed/8.2.0/../../../../riscv-none-embed/lib\libnosys.a(close.o)
 .stab          0x0000000000000024       0x18 c:/mounriver/mounriver_studio/toolchain/risc-v embedded gcc/bin/../lib/gcc/riscv-none-embed/8.2.0/../../../../riscv-none-embed/lib\libnosys.a(fstat.o)
                                         0x24 (size before relaxing)
 .stab          0x000000000000003c       0x18 c:/mounriver/mounriver_studio/toolchain/risc-v embedded gcc/bin/../lib/gcc/riscv-none-embed/8.2.0/../../../../riscv-none-embed/lib\libnosys.a(isatty.o)
                                         0x24 (size before relaxing)
 .stab          0x0000000000000054       0x18 c:/mounriver/mounriver_studio/toolchain/risc-v embedded gcc/bin/../lib/gcc/riscv-none-embed/8.2.0/../../../../riscv-none-embed/lib\libnosys.a(lseek.o)
                                         0x24 (size before relaxing)
 .stab          0x000000000000006c       0x18 c:/mounriver/mounriver_studio/toolchain/risc-v embedded gcc/bin/../lib/gcc/riscv-none-embed/8.2.0/../../../../riscv-none-embed/lib\libnosys.a(read.o)
                                         0x24 (size before relaxing)

.stabstr        0x0000000000000000      0x117
 .stabstr       0x0000000000000000      0x117 c:/mounriver/mounriver_studio/toolchain/risc-v embedded gcc/bin/../lib/gcc/riscv-none-embed/8.2.0/../../../../riscv-none-embed/lib\libnosys.a(close.o)
